******************************************************************************
                  TI ARM Linker PC v20.2.7                     
******************************************************************************
>> Linked Tue Mar 17 13:01:30 2026

OUTPUT FILE NAME:   <Inkley_PressureSensor.out>
ENTRY POINT SYMBOL: "_c_int00_noargs"  address: 00003c51


MEMORY CONFIGURATION

         name            origin    length      used     unused   attr    fill
----------------------  --------  ---------  --------  --------  ----  --------
  FLASH                 00000000   00020000  00004218  0001bde8  R  X
  SRAM                  20000000   00008000  00000aae  00007552  RW X


SEGMENT ALLOCATION MAP

run origin  load origin   length   init length attrs members
----------  ----------- ---------- ----------- ----- -------
00000000    00000000    00004218   00004218    r-x
  00000000    00000000    0000026c   0000026c    r-- .intvecs
  0000026c    0000026c    00003a5c   00003a5c    r-x .text
  00003cc8    00003cc8    00000508   00000508    r-- .const
  000041d0    000041d0    00000048   00000048    r-- .cinit
20000000    20000000    00000ab4   00000000    rw-
  20000000    20000000    0000026c   00000000    rw- .vtable
  20000270    20000270    00000800   00000000    rw- .stack
  20000a70    20000a70    00000026   00000000    rw- .data
  20000a98    20000a98    0000001c   00000000    rw- .bss


SECTION ALLOCATION MAP

 output                                  attributes/
section   page    origin      length       input sections
--------  ----  ----------  ----------   ----------------
.intvecs   0    00000000    0000026c     
                  00000000    0000026c     tm4c123ge6pm_startup_ccs.obj (.intvecs)

.text      0    0000026c    00003a5c     
                  0000026c    00000e98     sysctl.obj (.text)
                  00001104    00000bac     gpio.obj (.text)
                  00001cb0    00000a28     can.obj (.text)
                  000026d8    0000088c     main.obj (.text)
                  00002f64    0000071a     adc.obj (.text)
                  0000367e    00000002     --HOLE-- [fill = 0]
                  00003680    000003c0     interrupt.obj (.text)
                  00003a40    0000009c     rtsv7M4_T_le_v4SPD16_eabi.lib : memcpy_t2.asm.obj (.text)
                  00003adc    00000088     systick.obj (.text)
                  00003b64    00000068     rtsv7M4_T_le_v4SPD16_eabi.lib : copy_decompress_lzss.c.obj (.text:decompress:lzss:__TI_decompress_lzss)
                  00003bcc    00000044                                   : autoinit.c.obj (.text:__TI_auto_init_nobinit_nopinit:__TI_auto_init_nobinit_nopinit)
                  00003c10    0000003e     cpu.obj (.text)
                  00003c4e    00000002     --HOLE-- [fill = 0]
                  00003c50    00000034     rtsv7M4_T_le_v4SPD16_eabi.lib : boot_cortex_m.c.obj (.text:_c_int00_noargs:_c_int00_noargs)
                  00003c84    0000001c                                   : copy_zero_init.c.obj (.text:decompress:ZI:__TI_zero_init_nomemset:__TI_zero_init_nomemset)
                  00003ca0    0000000e                                   : copy_decompress_none.c.obj (.text:decompress:none:__TI_decompress_none)
                  00003cae    0000000c     tm4c123ge6pm_startup_ccs.obj (.text)
                  00003cba    00000006     sysctl.obj (.text:SysCtlDelay)
                  00003cc0    00000004     rtsv7M4_T_le_v4SPD16_eabi.lib : pre_init.c.obj (.text:_system_pre_init)
                  00003cc4    00000004                                   : exit.c.obj (.text:abort:abort)

.const     0    00003cc8    00000508     
                  00003cc8    00000120     sysctl.obj (.const:g_pppui32XTALtoVCO)
                  00003de8    000000c0     gpio.obj (.const:g_ppui32GPIOIntMapBlizzard)
                  00003ea8    000000c0     gpio.obj (.const:g_ppui32GPIOIntMapSnowflake)
                  00003f68    0000009c     interrupt.obj (.const:g_pui32Regs)
                  00004004    00000090     gpio.obj (.const:g_pui32GPIOBaseAddrs)
                  00004094    0000006c     sysctl.obj (.const:g_pui32Xtals)
                  00004100    00000038     sysctl.obj (.const:g_sXTALtoMEMTIM)
                  00004138    00000020     interrupt.obj (.const:g_pui32Priority)
                  00004158    00000020     can.obj (.const:g_ui16CANBitValues)
                  00004178    00000014     interrupt.obj (.const:g_pui32Dii16Regs)
                  0000418c    00000014     interrupt.obj (.const:g_pui32EnRegs)
                  000041a0    00000014     interrupt.obj (.const:g_pui32PendRegs)
                  000041b4    00000014     interrupt.obj (.const:g_pui32UnpendRegs)
                  000041c8    00000008     sysctl.obj (.const:g_pui32VCOFrequencies)

.cinit     0    000041d0    00000048     
                  000041d0    00000013     (.cinit..data.load) [load image, compression = lzss]
                  000041e3    00000001     --HOLE-- [fill = 0]
                  000041e4    0000000c     (__TI_handler_table)
                  000041f0    00000008     (.cinit..bss.load) [load image, compression = zero_init]
                  000041f8    00000008     (.cinit..vtable.load) [load image, compression = zero_init]
                  00004200    00000018     (__TI_cinit_table)

.init_array 
*          0    00000000    00000000     UNINITIALIZED

.vtable    0    20000000    0000026c     UNINITIALIZED
                  20000000    0000026c     interrupt.obj (.vtable)

.data      0    20000a70    00000026     UNINITIALIZED
                  20000a70    00000026     main.obj (.data)

.bss       0    20000a98    0000001c     UNINITIALIZED
                  20000a98    00000010     (.common:CAN_RECV)
                  20000aa8    00000008     (.common:CAN_BUF)
                  20000ab0    00000004     adc.obj (.bss:g_pui8OversampleFactor)

.stack     0    20000270    00000800     UNINITIALIZED
                  20000270    00000004     rtsv7M4_T_le_v4SPD16_eabi.lib : boot_cortex_m.c.obj (.stack)
                  20000274    000007fc     --HOLE--

__llvm_prf_cnts 
*          0    20000000    00000000     UNINITIALIZED

MODULE SUMMARY

       Module                         code    ro data   rw data
       ------                         ----    -------   -------
    .\
       main.obj                       2188    0         62     
       tm4c123ge6pm_startup_ccs.obj   12      620       0      
    +--+------------------------------+-------+---------+---------+
       Total:                         2200    620       62     
                                                               
    .\driverlib\
       sysctl.obj                     3742    460       0      
       gpio.obj                       2988    528       0      
       can.obj                        2600    32        0      
       interrupt.obj                  960     268       620    
       adc.obj                        1818    0         4      
       systick.obj                    136     0         0      
       cpu.obj                        62      0         0      
    +--+------------------------------+-------+---------+---------+
       Total:                         12306   1288      624    
                                                               
    C:\ti\ccs1281\ccs\tools\compiler\ti-cgt-arm_20.2.7.LTS\lib\rtsv7M4_T_le_v4SPD16_eabi.lib
       memcpy_t2.asm.obj              156     0         0      
       copy_decompress_lzss.c.obj     104     0         0      
       autoinit.c.obj                 68      0         0      
       boot_cortex_m.c.obj            52      0         0      
       copy_zero_init.c.obj           28      0         0      
       copy_decompress_none.c.obj     14      0         0      
       exit.c.obj                     4       0         0      
       pre_init.c.obj                 4       0         0      
    +--+------------------------------+-------+---------+---------+
       Total:                         430     0         0      
                                                               
       Stack:                         0       0         2048   
       Linker Generated:              0       71        0      
    +--+------------------------------+-------+---------+---------+
       Grand Total:                   14936   1979      2734   


LINKER GENERATED COPY TABLES

__TI_cinit_table @ 00004200 records: 3, size/record: 8, table size: 24
	.data: load addr=000041d0, load size=00000013 bytes, run addr=20000a70, run size=00000026 bytes, compression=lzss
	.bss: load addr=000041f0, load size=00000008 bytes, run addr=20000a98, run size=0000001c bytes, compression=zero_init
	.vtable: load addr=000041f8, load size=00000008 bytes, run addr=20000000, run size=0000026c bytes, compression=zero_init


LINKER GENERATED HANDLER TABLE

__TI_handler_table @ 000041e4 records: 3, size/record: 4, table size: 12
	index: 0, handler: __TI_zero_init
	index: 1, handler: __TI_decompress_lzss
	index: 2, handler: __TI_decompress_none


GLOBAL SYMBOLS: SORTED ALPHABETICALLY BY Name 

address   name                              
-------   ----                              
00003661  ADCBusy                           
00003479  ADCComparatorConfigure            
00003549  ADCComparatorIntClear             
000034ff  ADCComparatorIntDisable           
0000351d  ADCComparatorIntEnable            
0000353b  ADCComparatorIntStatus            
00003495  ADCComparatorRegionSet            
000034b9  ADCComparatorReset                
00003447  ADCHardwareOversampleConfigure    
0000309f  ADCIntClear                       
000035c3  ADCIntClearEx                     
00003005  ADCIntDisable                     
0000355b  ADCIntDisableEx                   
00003021  ADCIntEnable                      
00003573  ADCIntEnableEx                    
00002fbf  ADCIntRegister                    
00003047  ADCIntStatus                      
00003591  ADCIntStatusEx                    
00002fe7  ADCIntUnregister                  
0000361b  ADCPhaseDelayGet                  
00003609  ADCPhaseDelaySet                  
000032bd  ADCProcessorTrigger               
000035f7  ADCReferenceGet                   
000035db  ADCReferenceSet                   
000030e9  ADCSequenceConfigure              
00003645  ADCSequenceDMADisable             
00003629  ADCSequenceDMAEnable              
0000327b  ADCSequenceDataGet                
000030cf  ADCSequenceDisable                
000030b5  ADCSequenceEnable                 
00003209  ADCSequenceOverflow               
00003231  ADCSequenceOverflowClear          
00003139  ADCSequenceStepConfigure          
0000324d  ADCSequenceUnderflow              
00003265  ADCSequenceUnderflowClear         
000032e1  ADCSoftwareOversampleConfigure    
000033d9  ADCSoftwareOversampleDataGet      
00003319  ADCSoftwareOversampleStepConfigure
20000a70  BuildVersion                      
00003cc5  C$$EXIT                           
00001ec1  CANBitRateSet                     
00001e59  CANBitTimingGet                   
00001f8d  CANBitTimingSet                   
00001e45  CANDisable                        
00001e31  CANEnable                         
000021d7  CANErrCntrGet                     
00001db5  CANInit                           
000020c9  CANIntClear                       
00002069  CANIntDisable                     
00002053  CANIntEnable                      
0000201b  CANIntRegister                    
0000207f  CANIntStatus                      
00002039  CANIntUnregister                  
00002b71  CANListenerStd                    
000026a9  CANMessageClear                   
0000249f  CANMessageGet                     
0000220d  CANMessageSet                     
0000292d  CANPollCheck                      
00002135  CANRetryGet                       
00002103  CANRetrySet                       
00002a13  CANSendINT                        
00002a7d  CANSendMSG                        
00002afd  CANSendMSG_Obj                    
00002151  CANStatusGet                      
20000aa8  CAN_BUF                           
20000a98  CAN_RECV                          
00003c45  CPUbasepriGet                     
00003c37  CPUbasepriSet                     
00003c11  CPUcpsid                          
00003c27  CPUcpsie                          
00003c1d  CPUprimask                        
00003c33  CPUwfi                            
00002741  DelayMS                           
00001c8b  GPIOADCTriggerDisable             
00001c6d  GPIOADCTriggerEnable              
00001c4f  GPIODMATriggerDisable             
00001c31  GPIODMATriggerEnable              
000011bf  GPIODirModeGet                    
00001163  GPIODirModeSet                    
00001727  GPIOIntClear                      
000016eb  GPIOIntDisable                    
000016d1  GPIOIntEnable                     
0000173b  GPIOIntRegister                   
00001705  GPIOIntStatus                     
000012af  GPIOIntTypeGet                    
0000120b  GPIOIntTypeSet                    
00001759  GPIOIntUnregister                 
0000157f  GPIOPadConfigGet                  
00001345  GPIOPadConfigSet                  
00001bd3  GPIOPinConfigure                  
00001773  GPIOPinRead                       
000017ab  GPIOPinTypeADC                    
000017cf  GPIOPinTypeCAN                    
00001b9f  GPIOPinTypeCIR                    
000017f3  GPIOPinTypeComparator             
00001817  GPIOPinTypeEPI                    
0000183b  GPIOPinTypeEthernetLED            
0000185f  GPIOPinTypeEthernetMII            
00001883  GPIOPinTypeFan                    
000018a7  GPIOPinTypeGPIOInput              
000018cb  GPIOPinTypeGPIOOutput             
000018ef  GPIOPinTypeGPIOOutputOD           
00001913  GPIOPinTypeI2C                    
00001937  GPIOPinTypeI2CSCL                 
00001b57  GPIOPinTypeKBColumn               
00001b33  GPIOPinTypeKBRow                  
0000195b  GPIOPinTypeLCD                    
00001b7b  GPIOPinTypeLEDSeq                 
0000197f  GPIOPinTypeLPC                    
000019a3  GPIOPinTypePECIRx                 
000019c7  GPIOPinTypePECITx                 
000019eb  GPIOPinTypePWM                    
00001a0f  GPIOPinTypeQEI                    
00001a33  GPIOPinTypeSSI                    
00001a57  GPIOPinTypeTimer                  
00001a7b  GPIOPinTypeUART                   
00001a9f  GPIOPinTypeUSBAnalog              
00001ac3  GPIOPinTypeUSBDigital             
00001ae7  GPIOPinTypeWakeHigh               
00001b0d  GPIOPinTypeWakeLow                
00001bc3  GPIOPinWakeStatus                 
0000178b  GPIOPinWrite                      
20000a78  GlobalTimer                       
20000a7c  HeatbeatTrigger                   
000028c5  Init_ADC                          
00002bb5  Init_CAN                          
00002911  Init_Systick                      
00002983  IntCAN0Handler                    
00003841  IntDisable                        
000037cf  IntEnable                         
000038b3  IntIsEnabled                      
00003693  IntMasterDisable                  
00003683  IntMasterEnable                   
000039a9  IntPendClear                      
00003939  IntPendSet                        
000037ab  IntPriorityGet                    
00003723  IntPriorityGroupingGet            
00003709  IntPriorityGroupingSet            
00003a03  IntPriorityMaskGet                
000039f7  IntPriorityMaskSet                
0000375b  IntPrioritySet                    
000036a3  IntRegister                       
00003a0b  IntTrigger                        
000036f5  IntUnregister                     
00003caf  ResetISR                          
20000a88  StreamBufferIndex                 
20000a84  StreamBufferSize                  
20000a80  Streaming                         
20000a8c  StreamingMode                     
00000fe3  SysCtlADCSpeedGet                 
00000fb9  SysCtlADCSpeedSet                 
000010b1  SysCtlAltClkConfig                
00000875  SysCtlClockFreqSet                
00000d65  SysCtlClockGet                    
00001095  SysCtlClockOutConfig              
00000b95  SysCtlClockSet                    
00000785  SysCtlDeepSleep                   
00000ecd  SysCtlDeepSleepClockConfigSet     
00000eb1  SysCtlDeepSleepClockSet           
00003cbb  SysCtlDelay                       
00000363  SysCtlFlashSectorSizeGet          
00000337  SysCtlFlashSizeGet                
0000100d  SysCtlGPIOAHBDisable              
00000ff1  SysCtlGPIOAHBEnable               
00000749  SysCtlIntClear                    
00000731  SysCtlIntDisable                  
0000071d  SysCtlIntEnable                   
000006f5  SysCtlIntRegister                 
00000759  SysCtlIntStatus                   
0000070d  SysCtlIntUnregister               
000007c1  SysCtlMOSCConfigSet               
00001081  SysCtlNMIClear                    
00001075  SysCtlNMIStatus                   
000007d1  SysCtlPIOSCCalibrate              
00000f9f  SysCtlPWMClockGet                 
00000f85  SysCtlPWMClockSet                 
000006a1  SysCtlPeripheralClockGating       
00000659  SysCtlPeripheralDeepSleepDisable  
00000609  SysCtlPeripheralDeepSleepEnable   
00000545  SysCtlPeripheralDisable           
00000509  SysCtlPeripheralEnable            
00000445  SysCtlPeripheralPowerOff          
00000409  SysCtlPeripheralPowerOn           
00000389  SysCtlPeripheralPresent           
000003c9  SysCtlPeripheralReady             
00000481  SysCtlPeripheralReset             
000005cd  SysCtlPeripheralSleepDisable      
00000589  SysCtlPeripheralSleepEnable       
00000775  SysCtlReset                       
00000831  SysCtlResetBehaviorGet            
00000821  SysCtlResetBehaviorSet            
000007a7  SysCtlResetCauseClear             
000007a1  SysCtlResetCauseGet               
0000032d  SysCtlSRAMSizeGet                 
0000077d  SysCtlSleep                       
00001035  SysCtlUSBPLLDisable               
00001029  SysCtlUSBPLLEnable                
0000105d  SysCtlVoltageEventClear           
00001041  SysCtlVoltageEventConfig          
00001051  SysCtlVoltageEventStatus          
00003ae9  SysTickDisable                    
00003add  SysTickEnable                     
00003b2d  SysTickIntDisable                 
00003b21  SysTickIntEnable                  
000027bb  SysTickIntHandler                 
00003af5  SysTickIntRegister                
00003b0d  SysTickIntUnregister              
00003b4b  SysTickPeriodGet                  
00003b39  SysTickPeriodSet                  
00003b53  SysTickValueGet                   
20000a74  TimeOutCounter                    
20000a70  __STACK_END                       
00000800  __STACK_SIZE                      
20000470  __STACK_TOP                       
00004200  __TI_CINIT_Base                   
00004218  __TI_CINIT_Limit                  
000041e4  __TI_Handler_Table_Base           
000041f0  __TI_Handler_Table_Limit          
00003bcd  __TI_auto_init_nobinit_nopinit    
00003b65  __TI_decompress_lzss              
00003ca1  __TI_decompress_none              
ffffffff  __TI_pprof_out_hndl               
ffffffff  __TI_prof_data_size               
ffffffff  __TI_prof_data_start              
00000000  __TI_static_base__                
00003c85  __TI_zero_init_nomemset           
00003a41  __aeabi_memcpy                    
00003a41  __aeabi_memcpy4                   
00003a41  __aeabi_memcpy8                   
ffffffff  __binit__                         
ffffffff  __c_args__                        
UNDEFED   __mpu_init                        
20000270  __stack                           
20000000  __start___llvm_prf_cnts           
20000000  __stop___llvm_prf_cnts            
00003c51  _c_int00_noargs                   
UNDEFED   _system_post_cinit                
00003cc1  _system_pre_init                  
00003cc5  abort                             
ffffffff  binit                             
0000279f  bit_check                         
0000275d  bit_clear                         
00002789  bit_set                           
00002773  bit_toggle                        
20000000  g_pfnRAMVectors                   
00000000  g_pfnVectors                      
00002c29  main                              
00003a41  memcpy                            


GLOBAL SYMBOLS: SORTED BY Symbol Address 

address   name                              
-------   ----                              
00000000  __TI_static_base__                
00000000  g_pfnVectors                      
0000032d  SysCtlSRAMSizeGet                 
00000337  SysCtlFlashSizeGet                
00000363  SysCtlFlashSectorSizeGet          
00000389  SysCtlPeripheralPresent           
000003c9  SysCtlPeripheralReady             
00000409  SysCtlPeripheralPowerOn           
00000445  SysCtlPeripheralPowerOff          
00000481  SysCtlPeripheralReset             
00000509  SysCtlPeripheralEnable            
00000545  SysCtlPeripheralDisable           
00000589  SysCtlPeripheralSleepEnable       
000005cd  SysCtlPeripheralSleepDisable      
00000609  SysCtlPeripheralDeepSleepEnable   
00000659  SysCtlPeripheralDeepSleepDisable  
000006a1  SysCtlPeripheralClockGating       
000006f5  SysCtlIntRegister                 
0000070d  SysCtlIntUnregister               
0000071d  SysCtlIntEnable                   
00000731  SysCtlIntDisable                  
00000749  SysCtlIntClear                    
00000759  SysCtlIntStatus                   
00000775  SysCtlReset                       
0000077d  SysCtlSleep                       
00000785  SysCtlDeepSleep                   
000007a1  SysCtlResetCauseGet               
000007a7  SysCtlResetCauseClear             
000007c1  SysCtlMOSCConfigSet               
000007d1  SysCtlPIOSCCalibrate              
00000800  __STACK_SIZE                      
00000821  SysCtlResetBehaviorSet            
00000831  SysCtlResetBehaviorGet            
00000875  SysCtlClockFreqSet                
00000b95  SysCtlClockSet                    
00000d65  SysCtlClockGet                    
00000eb1  SysCtlDeepSleepClockSet           
00000ecd  SysCtlDeepSleepClockConfigSet     
00000f85  SysCtlPWMClockSet                 
00000f9f  SysCtlPWMClockGet                 
00000fb9  SysCtlADCSpeedSet                 
00000fe3  SysCtlADCSpeedGet                 
00000ff1  SysCtlGPIOAHBEnable               
0000100d  SysCtlGPIOAHBDisable              
00001029  SysCtlUSBPLLEnable                
00001035  SysCtlUSBPLLDisable               
00001041  SysCtlVoltageEventConfig          
00001051  SysCtlVoltageEventStatus          
0000105d  SysCtlVoltageEventClear           
00001075  SysCtlNMIStatus                   
00001081  SysCtlNMIClear                    
00001095  SysCtlClockOutConfig              
000010b1  SysCtlAltClkConfig                
00001163  GPIODirModeSet                    
000011bf  GPIODirModeGet                    
0000120b  GPIOIntTypeSet                    
000012af  GPIOIntTypeGet                    
00001345  GPIOPadConfigSet                  
0000157f  GPIOPadConfigGet                  
000016d1  GPIOIntEnable                     
000016eb  GPIOIntDisable                    
00001705  GPIOIntStatus                     
00001727  GPIOIntClear                      
0000173b  GPIOIntRegister                   
00001759  GPIOIntUnregister                 
00001773  GPIOPinRead                       
0000178b  GPIOPinWrite                      
000017ab  GPIOPinTypeADC                    
000017cf  GPIOPinTypeCAN                    
000017f3  GPIOPinTypeComparator             
00001817  GPIOPinTypeEPI                    
0000183b  GPIOPinTypeEthernetLED            
0000185f  GPIOPinTypeEthernetMII            
00001883  GPIOPinTypeFan                    
000018a7  GPIOPinTypeGPIOInput              
000018cb  GPIOPinTypeGPIOOutput             
000018ef  GPIOPinTypeGPIOOutputOD           
00001913  GPIOPinTypeI2C                    
00001937  GPIOPinTypeI2CSCL                 
0000195b  GPIOPinTypeLCD                    
0000197f  GPIOPinTypeLPC                    
000019a3  GPIOPinTypePECIRx                 
000019c7  GPIOPinTypePECITx                 
000019eb  GPIOPinTypePWM                    
00001a0f  GPIOPinTypeQEI                    
00001a33  GPIOPinTypeSSI                    
00001a57  GPIOPinTypeTimer                  
00001a7b  GPIOPinTypeUART                   
00001a9f  GPIOPinTypeUSBAnalog              
00001ac3  GPIOPinTypeUSBDigital             
00001ae7  GPIOPinTypeWakeHigh               
00001b0d  GPIOPinTypeWakeLow                
00001b33  GPIOPinTypeKBRow                  
00001b57  GPIOPinTypeKBColumn               
00001b7b  GPIOPinTypeLEDSeq                 
00001b9f  GPIOPinTypeCIR                    
00001bc3  GPIOPinWakeStatus                 
00001bd3  GPIOPinConfigure                  
00001c31  GPIODMATriggerEnable              
00001c4f  GPIODMATriggerDisable             
00001c6d  GPIOADCTriggerEnable              
00001c8b  GPIOADCTriggerDisable             
00001db5  CANInit                           
00001e31  CANEnable                         
00001e45  CANDisable                        
00001e59  CANBitTimingGet                   
00001ec1  CANBitRateSet                     
00001f8d  CANBitTimingSet                   
0000201b  CANIntRegister                    
00002039  CANIntUnregister                  
00002053  CANIntEnable                      
00002069  CANIntDisable                     
0000207f  CANIntStatus                      
000020c9  CANIntClear                       
00002103  CANRetrySet                       
00002135  CANRetryGet                       
00002151  CANStatusGet                      
000021d7  CANErrCntrGet                     
0000220d  CANMessageSet                     
0000249f  CANMessageGet                     
000026a9  CANMessageClear                   
00002741  DelayMS                           
0000275d  bit_clear                         
00002773  bit_toggle                        
00002789  bit_set                           
0000279f  bit_check                         
000027bb  SysTickIntHandler                 
000028c5  Init_ADC                          
00002911  Init_Systick                      
0000292d  CANPollCheck                      
00002983  IntCAN0Handler                    
00002a13  CANSendINT                        
00002a7d  CANSendMSG                        
00002afd  CANSendMSG_Obj                    
00002b71  CANListenerStd                    
00002bb5  Init_CAN                          
00002c29  main                              
00002fbf  ADCIntRegister                    
00002fe7  ADCIntUnregister                  
00003005  ADCIntDisable                     
00003021  ADCIntEnable                      
00003047  ADCIntStatus                      
0000309f  ADCIntClear                       
000030b5  ADCSequenceEnable                 
000030cf  ADCSequenceDisable                
000030e9  ADCSequenceConfigure              
00003139  ADCSequenceStepConfigure          
00003209  ADCSequenceOverflow               
00003231  ADCSequenceOverflowClear          
0000324d  ADCSequenceUnderflow              
00003265  ADCSequenceUnderflowClear         
0000327b  ADCSequenceDataGet                
000032bd  ADCProcessorTrigger               
000032e1  ADCSoftwareOversampleConfigure    
00003319  ADCSoftwareOversampleStepConfigure
000033d9  ADCSoftwareOversampleDataGet      
00003447  ADCHardwareOversampleConfigure    
00003479  ADCComparatorConfigure            
00003495  ADCComparatorRegionSet            
000034b9  ADCComparatorReset                
000034ff  ADCComparatorIntDisable           
0000351d  ADCComparatorIntEnable            
0000353b  ADCComparatorIntStatus            
00003549  ADCComparatorIntClear             
0000355b  ADCIntDisableEx                   
00003573  ADCIntEnableEx                    
00003591  ADCIntStatusEx                    
000035c3  ADCIntClearEx                     
000035db  ADCReferenceSet                   
000035f7  ADCReferenceGet                   
00003609  ADCPhaseDelaySet                  
0000361b  ADCPhaseDelayGet                  
00003629  ADCSequenceDMAEnable              
00003645  ADCSequenceDMADisable             
00003661  ADCBusy                           
00003683  IntMasterEnable                   
00003693  IntMasterDisable                  
000036a3  IntRegister                       
000036f5  IntUnregister                     
00003709  IntPriorityGroupingSet            
00003723  IntPriorityGroupingGet            
0000375b  IntPrioritySet                    
000037ab  IntPriorityGet                    
000037cf  IntEnable                         
00003841  IntDisable                        
000038b3  IntIsEnabled                      
00003939  IntPendSet                        
000039a9  IntPendClear                      
000039f7  IntPriorityMaskSet                
00003a03  IntPriorityMaskGet                
00003a0b  IntTrigger                        
00003a41  __aeabi_memcpy                    
00003a41  __aeabi_memcpy4                   
00003a41  __aeabi_memcpy8                   
00003a41  memcpy                            
00003add  SysTickEnable                     
00003ae9  SysTickDisable                    
00003af5  SysTickIntRegister                
00003b0d  SysTickIntUnregister              
00003b21  SysTickIntEnable                  
00003b2d  SysTickIntDisable                 
00003b39  SysTickPeriodSet                  
00003b4b  SysTickPeriodGet                  
00003b53  SysTickValueGet                   
00003b65  __TI_decompress_lzss              
00003bcd  __TI_auto_init_nobinit_nopinit    
00003c11  CPUcpsid                          
00003c1d  CPUprimask                        
00003c27  CPUcpsie                          
00003c33  CPUwfi                            
00003c37  CPUbasepriSet                     
00003c45  CPUbasepriGet                     
00003c51  _c_int00_noargs                   
00003c85  __TI_zero_init_nomemset           
00003ca1  __TI_decompress_none              
00003caf  ResetISR                          
00003cbb  SysCtlDelay                       
00003cc1  _system_pre_init                  
00003cc5  C$$EXIT                           
00003cc5  abort                             
000041e4  __TI_Handler_Table_Base           
000041f0  __TI_Handler_Table_Limit          
00004200  __TI_CINIT_Base                   
00004218  __TI_CINIT_Limit                  
20000000  __start___llvm_prf_cnts           
20000000  __stop___llvm_prf_cnts            
20000000  g_pfnRAMVectors                   
20000270  __stack                           
20000470  __STACK_TOP                       
20000a70  BuildVersion                      
20000a70  __STACK_END                       
20000a74  TimeOutCounter                    
20000a78  GlobalTimer                       
20000a7c  HeatbeatTrigger                   
20000a80  Streaming                         
20000a84  StreamBufferSize                  
20000a88  StreamBufferIndex                 
20000a8c  StreamingMode                     
20000a98  CAN_RECV                          
20000aa8  CAN_BUF                           
ffffffff  __TI_pprof_out_hndl               
ffffffff  __TI_prof_data_size               
ffffffff  __TI_prof_data_start              
ffffffff  __binit__                         
ffffffff  __c_args__                        
ffffffff  binit                             
UNDEFED   __mpu_init                        
UNDEFED   _system_post_cinit                

[248 symbols]
