******************************************************************************
                  TI ARM Linker PC v20.2.7                     
******************************************************************************
>> Linked Wed Oct 30 17:46:31 2024

OUTPUT FILE NAME:   <Inkley_PressureSensor.out>
ENTRY POINT SYMBOL: "_c_int00_noargs"  address: 000048e9


MEMORY CONFIGURATION

         name            origin    length      used     unused   attr    fill
----------------------  --------  ---------  --------  --------  ----  --------
  FLASH                 00000000   00020000  00004fa0  0001b060  R  X
  SRAM                  20000000   00008000  00001ab1  0000654f  RW X


SEGMENT ALLOCATION MAP

run origin  load origin   length   init length attrs members
----------  ----------- ---------- ----------- ----- -------
00000000    00000000    00004fa0   00004fa0    r-x
  00000000    00000000    0000026c   0000026c    r-- .intvecs
  0000026c    0000026c    000046e4   000046e4    r-x .text
  00004950    00004950    00000608   00000608    r-- .const
  00004f58    00004f58    00000048   00000048    r-- .cinit
20000000    20000000    00001ab5   00000000    rw-
  20000000    20000000    0000026c   00000000    rw- .vtable
  2000026c    2000026c    00001020   00000000    rw- .bss
  20001290    20001290    00000800   00000000    rw- .stack
  20001a90    20001a90    00000025   00000000    rw- .data


SECTION ALLOCATION MAP

 output                                  attributes/
section   page    origin      length       input sections
--------  ----  ----------  ----------   ----------------
.intvecs   0    00000000    0000026c     
                  00000000    0000026c     tm4c123ge6pm_startup_ccs.obj (.intvecs)

.text      0    0000026c    000046e4     
                  0000026c    00000e98     sysctl.obj (.text)
                  00001104    00000bac     gpio.obj (.text)
                  00001cb0    00000ac0     main.obj (.text)
                  00002770    00000a28     can.obj (.text)
                  00003198    0000071a     adc.obj (.text)
                  000038b2    00000002     --HOLE-- [fill = 0]
                  000038b4    0000069c     i2c.obj (.text)
                  00003f50    000003c0     interrupt.obj (.text)
                  00004310    0000034c     flash.obj (.text)
                  0000465c    0000009c     rtsv7M4_T_le_v4SPD16_eabi.lib : memcpy_t2.asm.obj (.text)
                  000046f8    00000088     systick.obj (.text)
                  00004780    0000007a     rtsv7M4_T_le_v4SPD16_eabi.lib : memset_t2.asm.obj (.text)
                  000047fa    00000068                                   : copy_decompress_lzss.c.obj (.text:decompress:lzss:__TI_decompress_lzss)
                  00004862    00000002     --HOLE-- [fill = 0]
                  00004864    00000044                                   : autoinit.c.obj (.text:__TI_auto_init_nobinit_nopinit:__TI_auto_init_nobinit_nopinit)
                  000048a8    0000003e     cpu.obj (.text)
                  000048e6    00000002     --HOLE-- [fill = 0]
                  000048e8    00000034     rtsv7M4_T_le_v4SPD16_eabi.lib : boot_cortex_m.c.obj (.text:_c_int00_noargs:_c_int00_noargs)
                  0000491c    0000000e                                   : copy_decompress_none.c.obj (.text:decompress:none:__TI_decompress_none)
                  0000492a    0000000c                                   : copy_zero_init.c.obj (.text:decompress:ZI:__TI_zero_init)
                  00004936    0000000c     tm4c123ge6pm_startup_ccs.obj (.text)
                  00004942    00000006     sysctl.obj (.text:SysCtlDelay)
                  00004948    00000004     rtsv7M4_T_le_v4SPD16_eabi.lib : pre_init.c.obj (.text:_system_pre_init)
                  0000494c    00000004                                   : exit.c.obj (.text:abort:abort)

.const     0    00004950    00000608     
                  00004950    00000120     sysctl.obj (.const:g_pppui32XTALtoVCO)
                  00004a70    000000c0     gpio.obj (.const:g_ppui32GPIOIntMapBlizzard)
                  00004b30    000000c0     gpio.obj (.const:g_ppui32GPIOIntMapSnowflake)
                  00004bf0    0000009c     interrupt.obj (.const:g_pui32Regs)
                  00004c8c    00000090     gpio.obj (.const:g_pui32GPIOBaseAddrs)
                  00004d1c    0000006c     sysctl.obj (.const:g_pui32Xtals)
                  00004d88    00000050     i2c.obj (.const:g_ppui32I2CIntMapSnowflake)
                  00004dd8    00000040     flash.obj (.const:g_pui32FMPPERegs)
                  00004e18    00000040     flash.obj (.const:g_pui32FMPRERegs)
                  00004e58    00000038     sysctl.obj (.const:g_sXTALtoMEMTIM)
                  00004e90    00000030     i2c.obj (.const:g_ppui32I2CIntMap)
                  00004ec0    00000020     interrupt.obj (.const:g_pui32Priority)
                  00004ee0    00000020     can.obj (.const:g_ui16CANBitValues)
                  00004f00    00000014     interrupt.obj (.const:g_pui32Dii16Regs)
                  00004f14    00000014     interrupt.obj (.const:g_pui32EnRegs)
                  00004f28    00000014     interrupt.obj (.const:g_pui32PendRegs)
                  00004f3c    00000014     interrupt.obj (.const:g_pui32UnpendRegs)
                  00004f50    00000008     sysctl.obj (.const:g_pui32VCOFrequencies)

.cinit     0    00004f58    00000048     
                  00004f58    00000012     (.cinit..data.load) [load image, compression = lzss]
                  00004f6a    00000002     --HOLE-- [fill = 0]
                  00004f6c    0000000c     (__TI_handler_table)
                  00004f78    00000008     (.cinit..bss.load) [load image, compression = zero_init]
                  00004f80    00000008     (.cinit..vtable.load) [load image, compression = zero_init]
                  00004f88    00000018     (__TI_cinit_table)

.init_array 
*          0    00000000    00000000     UNINITIALIZED

.vtable    0    20000000    0000026c     UNINITIALIZED
                  20000000    0000026c     interrupt.obj (.vtable)

.bss       0    2000026c    00001020     UNINITIALIZED
                  2000026c    00001000     (.common:SensorBufferData)
                  2000126c    00000010     (.common:SensorBuf)
                  2000127c    0000000c     (.common:CAN_RECV)
                  20001288    00000004     adc.obj (.bss:g_pui8OversampleFactor)

.data      0    20001a90    00000025     UNINITIALIZED
                  20001a90    00000025     main.obj (.data)

.stack     0    20001290    00000800     UNINITIALIZED
                  20001290    00000004     rtsv7M4_T_le_v4SPD16_eabi.lib : boot_cortex_m.c.obj (.stack)
                  20001294    000007fc     --HOLE--

__llvm_prf_cnts 
*          0    20000000    00000000     UNINITIALIZED

MODULE SUMMARY

       Module                         code    ro data   rw data
       ------                         ----    -------   -------
    .\
       main.obj                       2752    0         4161   
       tm4c123ge6pm_startup_ccs.obj   12      620       0      
    +--+------------------------------+-------+---------+---------+
       Total:                         2764    620       4161   
                                                               
    .\driverlib\
       sysctl.obj                     3742    460       0      
       gpio.obj                       2988    528       0      
       can.obj                        2600    32        0      
       interrupt.obj                  960     268       620    
       adc.obj                        1818    0         4      
       i2c.obj                        1692    128       0      
       flash.obj                      844     128       0      
       systick.obj                    136     0         0      
       cpu.obj                        62      0         0      
    +--+------------------------------+-------+---------+---------+
       Total:                         14842   1544      624    
                                                               
    D:\ti\ccs1260\ccs\tools\compiler\ti-cgt-arm_20.2.7.LTS\lib\rtsv7M4_T_le_v4SPD16_eabi.lib
       memcpy_t2.asm.obj              156     0         0      
       memset_t2.asm.obj              122     0         0      
       copy_decompress_lzss.c.obj     104     0         0      
       autoinit.c.obj                 68      0         0      
       boot_cortex_m.c.obj            52      0         0      
       copy_decompress_none.c.obj     14      0         0      
       copy_zero_init.c.obj           12      0         0      
       exit.c.obj                     4       0         0      
       pre_init.c.obj                 4       0         0      
    +--+------------------------------+-------+---------+---------+
       Total:                         536     0         0      
                                                               
       Stack:                         0       0         2048   
       Linker Generated:              0       70        0      
    +--+------------------------------+-------+---------+---------+
       Grand Total:                   18142   2234      6833   


LINKER GENERATED COPY TABLES

__TI_cinit_table @ 00004f88 records: 3, size/record: 8, table size: 24
	.data: load addr=00004f58, load size=00000012 bytes, run addr=20001a90, run size=00000025 bytes, compression=lzss
	.bss: load addr=00004f78, load size=00000008 bytes, run addr=2000026c, run size=00001020 bytes, compression=zero_init
	.vtable: load addr=00004f80, load size=00000008 bytes, run addr=20000000, run size=0000026c bytes, compression=zero_init


LINKER GENERATED HANDLER TABLE

__TI_handler_table @ 00004f6c records: 3, size/record: 4, table size: 12
	index: 0, handler: __TI_zero_init
	index: 1, handler: __TI_decompress_lzss
	index: 2, handler: __TI_decompress_none


GLOBAL SYMBOLS: SORTED ALPHABETICALLY BY Name 

address   name                              
-------   ----                              
00003895  ADCBusy                           
000036ad  ADCComparatorConfigure            
0000377d  ADCComparatorIntClear             
00003733  ADCComparatorIntDisable           
00003751  ADCComparatorIntEnable            
0000376f  ADCComparatorIntStatus            
000036c9  ADCComparatorRegionSet            
000036ed  ADCComparatorReset                
0000367b  ADCHardwareOversampleConfigure    
000032d3  ADCIntClear                       
000037f7  ADCIntClearEx                     
00003239  ADCIntDisable                     
0000378f  ADCIntDisableEx                   
00003255  ADCIntEnable                      
000037a7  ADCIntEnableEx                    
000031f3  ADCIntRegister                    
0000327b  ADCIntStatus                      
000037c5  ADCIntStatusEx                    
0000321b  ADCIntUnregister                  
0000384f  ADCPhaseDelayGet                  
0000383d  ADCPhaseDelaySet                  
000034f1  ADCProcessorTrigger               
0000382b  ADCReferenceGet                   
0000380f  ADCReferenceSet                   
0000331d  ADCSequenceConfigure              
00003879  ADCSequenceDMADisable             
0000385d  ADCSequenceDMAEnable              
000034af  ADCSequenceDataGet                
00003303  ADCSequenceDisable                
000032e9  ADCSequenceEnable                 
0000343d  ADCSequenceOverflow               
00003465  ADCSequenceOverflowClear          
0000336d  ADCSequenceStepConfigure          
00003481  ADCSequenceUnderflow              
00003499  ADCSequenceUnderflowClear         
00003515  ADCSoftwareOversampleConfigure    
0000360d  ADCSoftwareOversampleDataGet      
0000354d  ADCSoftwareOversampleStepConfigure
20001a90  BuildVersion                      
0000494d  C$$EXIT                           
00002981  CANBitRateSet                     
00002919  CANBitTimingGet                   
00002a4d  CANBitTimingSet                   
00002905  CANDisable                        
000028f1  CANEnable                         
00002c97  CANErrCntrGet                     
00002875  CANInit                           
00002b89  CANIntClear                       
00002b29  CANIntDisable                     
00002b13  CANIntEnable                      
00002adb  CANIntRegister                    
00002b3f  CANIntStatus                      
00002af9  CANIntUnregister                  
00002233  CANListnerEX                      
00003169  CANMessageClear                   
00002f5f  CANMessageGet                     
00002ccd  CANMessageSet                     
00002015  CANPollCheck                      
00002bf5  CANRetryGet                       
00002bc3  CANRetrySet                       
00002135  CANSendINT                        
000021cd  CANSendMSG                        
00002c11  CANStatusGet                      
2000127c  CAN_RECV                          
000048dd  CPUbasepriGet                     
000048cf  CPUbasepriSet                     
000048a9  CPUcpsid                          
000048bf  CPUcpsie                          
000048b5  CPUprimask                        
000048cb  CPUwfi                            
00001d69  DelayMS                           
00004311  FlashErase                        
20001a9c  FlashIndex                        
00004619  FlashIntClear                     
000045d3  FlashIntDisable                   
000045bf  FlashIntEnable                    
0000459b  FlashIntRegister                  
000045fd  FlashIntStatus                    
000045af  FlashIntUnregister                
0000434b  FlashProgram                      
000043cd  FlashProtectGet                   
00004501  FlashProtectSave                  
00004441  FlashProtectSet                   
20001aa0  FlashSampleSize                   
00004535  FlashUserGet                      
0000456d  FlashUserSave                     
00004553  FlashUserSet                      
00001c8b  GPIOADCTriggerDisable             
00001c6d  GPIOADCTriggerEnable              
00001c4f  GPIODMATriggerDisable             
00001c31  GPIODMATriggerEnable              
000011bf  GPIODirModeGet                    
00001163  GPIODirModeSet                    
00001727  GPIOIntClear                      
000016eb  GPIOIntDisable                    
000016d1  GPIOIntEnable                     
0000173b  GPIOIntRegister                   
00001705  GPIOIntStatus                     
000012af  GPIOIntTypeGet                    
0000120b  GPIOIntTypeSet                    
00001759  GPIOIntUnregister                 
0000157f  GPIOPadConfigGet                  
00001345  GPIOPadConfigSet                  
00001bd3  GPIOPinConfigure                  
00001773  GPIOPinRead                       
000017ab  GPIOPinTypeADC                    
000017cf  GPIOPinTypeCAN                    
00001b9f  GPIOPinTypeCIR                    
000017f3  GPIOPinTypeComparator             
00001817  GPIOPinTypeEPI                    
0000183b  GPIOPinTypeEthernetLED            
0000185f  GPIOPinTypeEthernetMII            
00001883  GPIOPinTypeFan                    
000018a7  GPIOPinTypeGPIOInput              
000018cb  GPIOPinTypeGPIOOutput             
000018ef  GPIOPinTypeGPIOOutputOD           
00001913  GPIOPinTypeI2C                    
00001937  GPIOPinTypeI2CSCL                 
00001b57  GPIOPinTypeKBColumn               
00001b33  GPIOPinTypeKBRow                  
0000195b  GPIOPinTypeLCD                    
00001b7b  GPIOPinTypeLEDSeq                 
0000197f  GPIOPinTypeLPC                    
000019a3  GPIOPinTypePECIRx                 
000019c7  GPIOPinTypePECITx                 
000019eb  GPIOPinTypePWM                    
00001a0f  GPIOPinTypeQEI                    
00001a33  GPIOPinTypeSSI                    
00001a57  GPIOPinTypeTimer                  
00001a7b  GPIOPinTypeUART                   
00001a9f  GPIOPinTypeUSBAnalog              
00001ac3  GPIOPinTypeUSBDigital             
00001ae7  GPIOPinTypeWakeHigh               
00001b0d  GPIOPinTypeWakeLow                
00001bc3  GPIOPinWakeStatus                 
0000178b  GPIOPinWrite                      
20001a94  GlobalTimer                       
20001a98  HeatbeatTrigger                   
00001e73  I2C0SlaveIntHandler               
00003eab  I2CFIFODataGet                    
00003ec5  I2CFIFODataGetNonBlocking         
00003e61  I2CFIFODataPut                    
00003e83  I2CFIFODataPutNonBlocking         
00003e51  I2CFIFOStatus                     
00003a45  I2CIntRegister                    
00003a63  I2CIntUnregister                  
00003f01  I2CMasterBurstCountGet            
00003eeb  I2CMasterBurstLengthSet           
00003ca9  I2CMasterBusBusy                  
00003c91  I2CMasterBusy                     
00003cc1  I2CMasterControl                  
00003d15  I2CMasterDataGet                  
00003cff  I2CMasterDataPut                  
00003a11  I2CMasterDisable                  
000039dd  I2CMasterEnable                   
00003cd3  I2CMasterErr                      
00003f0f  I2CMasterGlitchFilterConfigSet    
00003913  I2CMasterInitExpClk               
00003c0b  I2CMasterIntClear                 
00003c29  I2CMasterIntClearEx               
00003ad7  I2CMasterIntDisable               
00003ae7  I2CMasterIntDisableEx             
00003a7d  I2CMasterIntEnable                
00003a8d  I2CMasterIntEnableEx              
00003b31  I2CMasterIntStatus                
00003b75  I2CMasterIntStatusEx              
00003c83  I2CMasterLineStateGet             
00003c61  I2CMasterSlaveAddrSet             
00003d23  I2CMasterTimeoutSet               
00003e11  I2CRxFIFOConfigSet                
00003e39  I2CRxFIFOFlush                    
00003d35  I2CSlaveACKOverride               
00003d67  I2CSlaveACKValueSet               
0000399f  I2CSlaveAddressSet                
00003dc1  I2CSlaveDataGet                   
00003da9  I2CSlaveDataPut                   
00003a27  I2CSlaveDisable                   
000039f3  I2CSlaveEnable                    
00003f3f  I2CSlaveFIFODisable               
00003f27  I2CSlaveFIFOEnable                
00003985  I2CSlaveInit                      
00003c3b  I2CSlaveIntClear                  
00003c4d  I2CSlaveIntClearEx                
00003aff  I2CSlaveIntDisable                
00003b17  I2CSlaveIntDisableEx              
00003aa5  I2CSlaveIntEnable                 
00003abd  I2CSlaveIntEnableEx               
00003ba1  I2CSlaveIntStatus                 
00003be9  I2CSlaveIntStatusEx               
00003d99  I2CSlaveStatus                    
00003dd1  I2CTxFIFOConfigSet                
00003df9  I2CTxFIFOFlush                    
20001aac  I2C_RcvCommand                    
20001ab4  I2C_RcvNewCommand                 
20001ab0  I2C_RvcCommandParam               
00001f45  I2C_SendData                      
20001aa8  I2C_TimeOutClock                  
00001e97  Init_ADC                          
00002265  Init_CAN                          
00001ef3  Init_I2C                          
00001ed7  Init_Systick                      
00001cb1  Init_circ_bbuf                    
00002075  IntCAN0Handler                    
00004111  IntDisable                        
0000409f  IntEnable                         
00004183  IntIsEnabled                      
00003f63  IntMasterDisable                  
00003f53  IntMasterEnable                   
00004279  IntPendClear                      
00004209  IntPendSet                        
0000407b  IntPriorityGet                    
00003ff3  IntPriorityGroupingGet            
00003fd9  IntPriorityGroupingSet            
000042d3  IntPriorityMaskGet                
000042c7  IntPriorityMaskSet                
0000402b  IntPrioritySet                    
00003f73  IntRegister                       
000042db  IntTrigger                        
00003fc5  IntUnregister                     
00004937  ResetISR                          
2000126c  SensorBuf                         
2000026c  SensorBufferData                  
00000fe3  SysCtlADCSpeedGet                 
00000fb9  SysCtlADCSpeedSet                 
000010b1  SysCtlAltClkConfig                
00000875  SysCtlClockFreqSet                
00000d65  SysCtlClockGet                    
00001095  SysCtlClockOutConfig              
00000b95  SysCtlClockSet                    
00000785  SysCtlDeepSleep                   
00000ecd  SysCtlDeepSleepClockConfigSet     
00000eb1  SysCtlDeepSleepClockSet           
00004943  SysCtlDelay                       
00000363  SysCtlFlashSectorSizeGet          
00000337  SysCtlFlashSizeGet                
0000100d  SysCtlGPIOAHBDisable              
00000ff1  SysCtlGPIOAHBEnable               
00000749  SysCtlIntClear                    
00000731  SysCtlIntDisable                  
0000071d  SysCtlIntEnable                   
000006f5  SysCtlIntRegister                 
00000759  SysCtlIntStatus                   
0000070d  SysCtlIntUnregister               
000007c1  SysCtlMOSCConfigSet               
00001081  SysCtlNMIClear                    
00001075  SysCtlNMIStatus                   
000007d1  SysCtlPIOSCCalibrate              
00000f9f  SysCtlPWMClockGet                 
00000f85  SysCtlPWMClockSet                 
000006a1  SysCtlPeripheralClockGating       
00000659  SysCtlPeripheralDeepSleepDisable  
00000609  SysCtlPeripheralDeepSleepEnable   
00000545  SysCtlPeripheralDisable           
00000509  SysCtlPeripheralEnable            
00000445  SysCtlPeripheralPowerOff          
00000409  SysCtlPeripheralPowerOn           
00000389  SysCtlPeripheralPresent           
000003c9  SysCtlPeripheralReady             
00000481  SysCtlPeripheralReset             
000005cd  SysCtlPeripheralSleepDisable      
00000589  SysCtlPeripheralSleepEnable       
00000775  SysCtlReset                       
00000831  SysCtlResetBehaviorGet            
00000821  SysCtlResetBehaviorSet            
000007a7  SysCtlResetCauseClear             
000007a1  SysCtlResetCauseGet               
0000032d  SysCtlSRAMSizeGet                 
0000077d  SysCtlSleep                       
00001035  SysCtlUSBPLLDisable               
00001029  SysCtlUSBPLLEnable                
0000105d  SysCtlVoltageEventClear           
00001041  SysCtlVoltageEventConfig          
00001051  SysCtlVoltageEventStatus          
00004705  SysTickDisable                    
000046f9  SysTickEnable                     
00004749  SysTickIntDisable                 
0000473d  SysTickIntEnable                  
00001de3  SysTickIntHandler                 
00004711  SysTickIntRegister                
00004729  SysTickIntUnregister              
00004767  SysTickPeriodGet                  
00004755  SysTickPeriodSet                  
0000476f  SysTickValueGet                   
20001aa4  TimeOutClock                      
20001a90  __STACK_END                       
00000800  __STACK_SIZE                      
20001490  __STACK_TOP                       
00004f88  __TI_CINIT_Base                   
00004fa0  __TI_CINIT_Limit                  
00004f6c  __TI_Handler_Table_Base           
00004f78  __TI_Handler_Table_Limit          
00004865  __TI_auto_init_nobinit_nopinit    
000047fb  __TI_decompress_lzss              
0000491d  __TI_decompress_none              
ffffffff  __TI_pprof_out_hndl               
ffffffff  __TI_prof_data_size               
ffffffff  __TI_prof_data_start              
00000000  __TI_static_base__                
0000492b  __TI_zero_init                    
00004781  __aeabi_memclr                    
00004781  __aeabi_memclr4                   
00004781  __aeabi_memclr8                   
0000465d  __aeabi_memcpy                    
0000465d  __aeabi_memcpy4                   
0000465d  __aeabi_memcpy8                   
00004783  __aeabi_memset                    
00004783  __aeabi_memset4                   
00004783  __aeabi_memset8                   
ffffffff  __binit__                         
ffffffff  __c_args__                        
UNDEFED   __mpu_init                        
20001290  __stack                           
20000000  __start___llvm_prf_cnts           
20000000  __stop___llvm_prf_cnts            
000048e9  _c_int00_noargs                   
UNDEFED   _system_post_cinit                
00004949  _system_pre_init                  
0000494d  abort                             
ffffffff  binit                             
00001dc7  bit_check                         
00001d85  bit_clear                         
00001db1  bit_set                           
00001d9b  bit_toogle                        
00001d1d  circ_bbuf_pop                     
00001cd5  circ_bbuf_push                    
20000000  g_pfnRAMVectors                   
00000000  g_pfnVectors                      
000022e9  main                              
0000465d  memcpy                            
00004789  memset                            


GLOBAL SYMBOLS: SORTED BY Symbol Address 

address   name                              
-------   ----                              
00000000  __TI_static_base__                
00000000  g_pfnVectors                      
0000032d  SysCtlSRAMSizeGet                 
00000337  SysCtlFlashSizeGet                
00000363  SysCtlFlashSectorSizeGet          
00000389  SysCtlPeripheralPresent           
000003c9  SysCtlPeripheralReady             
00000409  SysCtlPeripheralPowerOn           
00000445  SysCtlPeripheralPowerOff          
00000481  SysCtlPeripheralReset             
00000509  SysCtlPeripheralEnable            
00000545  SysCtlPeripheralDisable           
00000589  SysCtlPeripheralSleepEnable       
000005cd  SysCtlPeripheralSleepDisable      
00000609  SysCtlPeripheralDeepSleepEnable   
00000659  SysCtlPeripheralDeepSleepDisable  
000006a1  SysCtlPeripheralClockGating       
000006f5  SysCtlIntRegister                 
0000070d  SysCtlIntUnregister               
0000071d  SysCtlIntEnable                   
00000731  SysCtlIntDisable                  
00000749  SysCtlIntClear                    
00000759  SysCtlIntStatus                   
00000775  SysCtlReset                       
0000077d  SysCtlSleep                       
00000785  SysCtlDeepSleep                   
000007a1  SysCtlResetCauseGet               
000007a7  SysCtlResetCauseClear             
000007c1  SysCtlMOSCConfigSet               
000007d1  SysCtlPIOSCCalibrate              
00000800  __STACK_SIZE                      
00000821  SysCtlResetBehaviorSet            
00000831  SysCtlResetBehaviorGet            
00000875  SysCtlClockFreqSet                
00000b95  SysCtlClockSet                    
00000d65  SysCtlClockGet                    
00000eb1  SysCtlDeepSleepClockSet           
00000ecd  SysCtlDeepSleepClockConfigSet     
00000f85  SysCtlPWMClockSet                 
00000f9f  SysCtlPWMClockGet                 
00000fb9  SysCtlADCSpeedSet                 
00000fe3  SysCtlADCSpeedGet                 
00000ff1  SysCtlGPIOAHBEnable               
0000100d  SysCtlGPIOAHBDisable              
00001029  SysCtlUSBPLLEnable                
00001035  SysCtlUSBPLLDisable               
00001041  SysCtlVoltageEventConfig          
00001051  SysCtlVoltageEventStatus          
0000105d  SysCtlVoltageEventClear           
00001075  SysCtlNMIStatus                   
00001081  SysCtlNMIClear                    
00001095  SysCtlClockOutConfig              
000010b1  SysCtlAltClkConfig                
00001163  GPIODirModeSet                    
000011bf  GPIODirModeGet                    
0000120b  GPIOIntTypeSet                    
000012af  GPIOIntTypeGet                    
00001345  GPIOPadConfigSet                  
0000157f  GPIOPadConfigGet                  
000016d1  GPIOIntEnable                     
000016eb  GPIOIntDisable                    
00001705  GPIOIntStatus                     
00001727  GPIOIntClear                      
0000173b  GPIOIntRegister                   
00001759  GPIOIntUnregister                 
00001773  GPIOPinRead                       
0000178b  GPIOPinWrite                      
000017ab  GPIOPinTypeADC                    
000017cf  GPIOPinTypeCAN                    
000017f3  GPIOPinTypeComparator             
00001817  GPIOPinTypeEPI                    
0000183b  GPIOPinTypeEthernetLED            
0000185f  GPIOPinTypeEthernetMII            
00001883  GPIOPinTypeFan                    
000018a7  GPIOPinTypeGPIOInput              
000018cb  GPIOPinTypeGPIOOutput             
000018ef  GPIOPinTypeGPIOOutputOD           
00001913  GPIOPinTypeI2C                    
00001937  GPIOPinTypeI2CSCL                 
0000195b  GPIOPinTypeLCD                    
0000197f  GPIOPinTypeLPC                    
000019a3  GPIOPinTypePECIRx                 
000019c7  GPIOPinTypePECITx                 
000019eb  GPIOPinTypePWM                    
00001a0f  GPIOPinTypeQEI                    
00001a33  GPIOPinTypeSSI                    
00001a57  GPIOPinTypeTimer                  
00001a7b  GPIOPinTypeUART                   
00001a9f  GPIOPinTypeUSBAnalog              
00001ac3  GPIOPinTypeUSBDigital             
00001ae7  GPIOPinTypeWakeHigh               
00001b0d  GPIOPinTypeWakeLow                
00001b33  GPIOPinTypeKBRow                  
00001b57  GPIOPinTypeKBColumn               
00001b7b  GPIOPinTypeLEDSeq                 
00001b9f  GPIOPinTypeCIR                    
00001bc3  GPIOPinWakeStatus                 
00001bd3  GPIOPinConfigure                  
00001c31  GPIODMATriggerEnable              
00001c4f  GPIODMATriggerDisable             
00001c6d  GPIOADCTriggerEnable              
00001c8b  GPIOADCTriggerDisable             
00001cb1  Init_circ_bbuf                    
00001cd5  circ_bbuf_push                    
00001d1d  circ_bbuf_pop                     
00001d69  DelayMS                           
00001d85  bit_clear                         
00001d9b  bit_toogle                        
00001db1  bit_set                           
00001dc7  bit_check                         
00001de3  SysTickIntHandler                 
00001e73  I2C0SlaveIntHandler               
00001e97  Init_ADC                          
00001ed7  Init_Systick                      
00001ef3  Init_I2C                          
00001f45  I2C_SendData                      
00002015  CANPollCheck                      
00002075  IntCAN0Handler                    
00002135  CANSendINT                        
000021cd  CANSendMSG                        
00002233  CANListnerEX                      
00002265  Init_CAN                          
000022e9  main                              
00002875  CANInit                           
000028f1  CANEnable                         
00002905  CANDisable                        
00002919  CANBitTimingGet                   
00002981  CANBitRateSet                     
00002a4d  CANBitTimingSet                   
00002adb  CANIntRegister                    
00002af9  CANIntUnregister                  
00002b13  CANIntEnable                      
00002b29  CANIntDisable                     
00002b3f  CANIntStatus                      
00002b89  CANIntClear                       
00002bc3  CANRetrySet                       
00002bf5  CANRetryGet                       
00002c11  CANStatusGet                      
00002c97  CANErrCntrGet                     
00002ccd  CANMessageSet                     
00002f5f  CANMessageGet                     
00003169  CANMessageClear                   
000031f3  ADCIntRegister                    
0000321b  ADCIntUnregister                  
00003239  ADCIntDisable                     
00003255  ADCIntEnable                      
0000327b  ADCIntStatus                      
000032d3  ADCIntClear                       
000032e9  ADCSequenceEnable                 
00003303  ADCSequenceDisable                
0000331d  ADCSequenceConfigure              
0000336d  ADCSequenceStepConfigure          
0000343d  ADCSequenceOverflow               
00003465  ADCSequenceOverflowClear          
00003481  ADCSequenceUnderflow              
00003499  ADCSequenceUnderflowClear         
000034af  ADCSequenceDataGet                
000034f1  ADCProcessorTrigger               
00003515  ADCSoftwareOversampleConfigure    
0000354d  ADCSoftwareOversampleStepConfigure
0000360d  ADCSoftwareOversampleDataGet      
0000367b  ADCHardwareOversampleConfigure    
000036ad  ADCComparatorConfigure            
000036c9  ADCComparatorRegionSet            
000036ed  ADCComparatorReset                
00003733  ADCComparatorIntDisable           
00003751  ADCComparatorIntEnable            
0000376f  ADCComparatorIntStatus            
0000377d  ADCComparatorIntClear             
0000378f  ADCIntDisableEx                   
000037a7  ADCIntEnableEx                    
000037c5  ADCIntStatusEx                    
000037f7  ADCIntClearEx                     
0000380f  ADCReferenceSet                   
0000382b  ADCReferenceGet                   
0000383d  ADCPhaseDelaySet                  
0000384f  ADCPhaseDelayGet                  
0000385d  ADCSequenceDMAEnable              
00003879  ADCSequenceDMADisable             
00003895  ADCBusy                           
00003913  I2CMasterInitExpClk               
00003985  I2CSlaveInit                      
0000399f  I2CSlaveAddressSet                
000039dd  I2CMasterEnable                   
000039f3  I2CSlaveEnable                    
00003a11  I2CMasterDisable                  
00003a27  I2CSlaveDisable                   
00003a45  I2CIntRegister                    
00003a63  I2CIntUnregister                  
00003a7d  I2CMasterIntEnable                
00003a8d  I2CMasterIntEnableEx              
00003aa5  I2CSlaveIntEnable                 
00003abd  I2CSlaveIntEnableEx               
00003ad7  I2CMasterIntDisable               
00003ae7  I2CMasterIntDisableEx             
00003aff  I2CSlaveIntDisable                
00003b17  I2CSlaveIntDisableEx              
00003b31  I2CMasterIntStatus                
00003b75  I2CMasterIntStatusEx              
00003ba1  I2CSlaveIntStatus                 
00003be9  I2CSlaveIntStatusEx               
00003c0b  I2CMasterIntClear                 
00003c29  I2CMasterIntClearEx               
00003c3b  I2CSlaveIntClear                  
00003c4d  I2CSlaveIntClearEx                
00003c61  I2CMasterSlaveAddrSet             
00003c83  I2CMasterLineStateGet             
00003c91  I2CMasterBusy                     
00003ca9  I2CMasterBusBusy                  
00003cc1  I2CMasterControl                  
00003cd3  I2CMasterErr                      
00003cff  I2CMasterDataPut                  
00003d15  I2CMasterDataGet                  
00003d23  I2CMasterTimeoutSet               
00003d35  I2CSlaveACKOverride               
00003d67  I2CSlaveACKValueSet               
00003d99  I2CSlaveStatus                    
00003da9  I2CSlaveDataPut                   
00003dc1  I2CSlaveDataGet                   
00003dd1  I2CTxFIFOConfigSet                
00003df9  I2CTxFIFOFlush                    
00003e11  I2CRxFIFOConfigSet                
00003e39  I2CRxFIFOFlush                    
00003e51  I2CFIFOStatus                     
00003e61  I2CFIFODataPut                    
00003e83  I2CFIFODataPutNonBlocking         
00003eab  I2CFIFODataGet                    
00003ec5  I2CFIFODataGetNonBlocking         
00003eeb  I2CMasterBurstLengthSet           
00003f01  I2CMasterBurstCountGet            
00003f0f  I2CMasterGlitchFilterConfigSet    
00003f27  I2CSlaveFIFOEnable                
00003f3f  I2CSlaveFIFODisable               
00003f53  IntMasterEnable                   
00003f63  IntMasterDisable                  
00003f73  IntRegister                       
00003fc5  IntUnregister                     
00003fd9  IntPriorityGroupingSet            
00003ff3  IntPriorityGroupingGet            
0000402b  IntPrioritySet                    
0000407b  IntPriorityGet                    
0000409f  IntEnable                         
00004111  IntDisable                        
00004183  IntIsEnabled                      
00004209  IntPendSet                        
00004279  IntPendClear                      
000042c7  IntPriorityMaskSet                
000042d3  IntPriorityMaskGet                
000042db  IntTrigger                        
00004311  FlashErase                        
0000434b  FlashProgram                      
000043cd  FlashProtectGet                   
00004441  FlashProtectSet                   
00004501  FlashProtectSave                  
00004535  FlashUserGet                      
00004553  FlashUserSet                      
0000456d  FlashUserSave                     
0000459b  FlashIntRegister                  
000045af  FlashIntUnregister                
000045bf  FlashIntEnable                    
000045d3  FlashIntDisable                   
000045fd  FlashIntStatus                    
00004619  FlashIntClear                     
0000465d  __aeabi_memcpy                    
0000465d  __aeabi_memcpy4                   
0000465d  __aeabi_memcpy8                   
0000465d  memcpy                            
000046f9  SysTickEnable                     
00004705  SysTickDisable                    
00004711  SysTickIntRegister                
00004729  SysTickIntUnregister              
0000473d  SysTickIntEnable                  
00004749  SysTickIntDisable                 
00004755  SysTickPeriodSet                  
00004767  SysTickPeriodGet                  
0000476f  SysTickValueGet                   
00004781  __aeabi_memclr                    
00004781  __aeabi_memclr4                   
00004781  __aeabi_memclr8                   
00004783  __aeabi_memset                    
00004783  __aeabi_memset4                   
00004783  __aeabi_memset8                   
00004789  memset                            
000047fb  __TI_decompress_lzss              
00004865  __TI_auto_init_nobinit_nopinit    
000048a9  CPUcpsid                          
000048b5  CPUprimask                        
000048bf  CPUcpsie                          
000048cb  CPUwfi                            
000048cf  CPUbasepriSet                     
000048dd  CPUbasepriGet                     
000048e9  _c_int00_noargs                   
0000491d  __TI_decompress_none              
0000492b  __TI_zero_init                    
00004937  ResetISR                          
00004943  SysCtlDelay                       
00004949  _system_pre_init                  
0000494d  C$$EXIT                           
0000494d  abort                             
00004f6c  __TI_Handler_Table_Base           
00004f78  __TI_Handler_Table_Limit          
00004f88  __TI_CINIT_Base                   
00004fa0  __TI_CINIT_Limit                  
20000000  __start___llvm_prf_cnts           
20000000  __stop___llvm_prf_cnts            
20000000  g_pfnRAMVectors                   
2000026c  SensorBufferData                  
2000126c  SensorBuf                         
2000127c  CAN_RECV                          
20001290  __stack                           
20001490  __STACK_TOP                       
20001a90  BuildVersion                      
20001a90  __STACK_END                       
20001a94  GlobalTimer                       
20001a98  HeatbeatTrigger                   
20001a9c  FlashIndex                        
20001aa0  FlashSampleSize                   
20001aa4  TimeOutClock                      
20001aa8  I2C_TimeOutClock                  
20001aac  I2C_RcvCommand                    
20001ab0  I2C_RvcCommandParam               
20001ab4  I2C_RcvNewCommand                 
ffffffff  __TI_pprof_out_hndl               
ffffffff  __TI_prof_data_size               
ffffffff  __TI_prof_data_start              
ffffffff  __binit__                         
ffffffff  __c_args__                        
ffffffff  binit                             
UNDEFED   __mpu_init                        
UNDEFED   _system_post_cinit                

[330 symbols]
