******************************************************************************
                  TI ARM Linker Unix v20.2.7                   
******************************************************************************
>> Linked Wed Nov 20 12:05:18 2024

OUTPUT FILE NAME:   <Inkley_PressureSensor.out>
ENTRY POINT SYMBOL: "_c_int00_noargs"  address: 000048e5


MEMORY CONFIGURATION

         name            origin    length      used     unused   attr    fill
----------------------  --------  ---------  --------  --------  ----  --------
  FLASH                 00000000   00020000  00004f9c  0001b064  R  X
  SRAM                  20000000   00008000  00001ab1  0000654f  RW X


SEGMENT ALLOCATION MAP

run origin  load origin   length   init length attrs members
----------  ----------- ---------- ----------- ----- -------
00000000    00000000    00004fa0   00004fa0    r-x
  00000000    00000000    0000026c   0000026c    r-- .intvecs
  0000026c    0000026c    000046e0   000046e0    r-x .text
  0000494c    0000494c    00000608   00000608    r-- .const
  00004f58    00004f58    00000048   00000048    r-- .cinit
20000000    20000000    00001ab5   00000000    rw-
  20000000    20000000    0000026c   00000000    rw- .vtable
  2000026c    2000026c    00001020   00000000    rw- .bss
  20001290    20001290    00000800   00000000    rw- .stack
  20001a90    20001a90    00000025   00000000    rw- .data


SECTION ALLOCATION MAP

 output                                  attributes/
section   page    origin      length       input sections
--------  ----  ----------  ----------   ----------------
.intvecs   0    00000000    0000026c     
                  00000000    0000026c     tm4c123ge6pm_startup_ccs.obj (.intvecs)

.text      0    0000026c    000046e0     
                  0000026c    00000e98     sysctl.obj (.text)
                  00001104    00000bac     gpio.obj (.text)
                  00001cb0    00000ab4     main.obj (.text)
                  00002764    00000a28     can.obj (.text)
                  0000318c    0000071e     adc.obj (.text)
                  000038aa    00000002     --HOLE-- [fill = 0]
                  000038ac    000006a0     i2c.obj (.text)
                  00003f4c    000003c0     interrupt.obj (.text)
                  0000430c    0000034c     flash.obj (.text)
                  00004658    0000009c     rtsv7M4_T_le_v4SPD16_eabi.lib : memcpy_t2.asm.obj (.text)
                  000046f4    00000088     systick.obj (.text)
                  0000477c    0000007a     rtsv7M4_T_le_v4SPD16_eabi.lib : memset_t2.asm.obj (.text)
                  000047f6    00000068                                   : copy_decompress_lzss.c.obj (.text:decompress:lzss:__TI_decompress_lzss)
                  0000485e    00000002     --HOLE-- [fill = 0]
                  00004860    00000044                                   : autoinit.c.obj (.text:__TI_auto_init_nobinit_nopinit:__TI_auto_init_nobinit_nopinit)
                  000048a4    0000003e     cpu.obj (.text)
                  000048e2    00000002     --HOLE-- [fill = 0]
                  000048e4    00000034     rtsv7M4_T_le_v4SPD16_eabi.lib : boot_cortex_m.c.obj (.text:_c_int00_noargs:_c_int00_noargs)
                  00004918    0000000e                                   : copy_decompress_none.c.obj (.text:decompress:none:__TI_decompress_none)
                  00004926    0000000c                                   : copy_zero_init.c.obj (.text:decompress:ZI:__TI_zero_init)
                  00004932    0000000c     tm4c123ge6pm_startup_ccs.obj (.text)
                  0000493e    00000006     sysctl.obj (.text:SysCtlDelay)
                  00004944    00000004     rtsv7M4_T_le_v4SPD16_eabi.lib : pre_init.c.obj (.text:_system_pre_init)
                  00004948    00000004                                   : exit.c.obj (.text:abort:abort)

.const     0    0000494c    00000608     
                  0000494c    00000120     sysctl.obj (.const:g_pppui32XTALtoVCO)
                  00004a6c    000000c0     gpio.obj (.const:g_ppui32GPIOIntMapBlizzard)
                  00004b2c    000000c0     gpio.obj (.const:g_ppui32GPIOIntMapSnowflake)
                  00004bec    0000009c     interrupt.obj (.const:g_pui32Regs)
                  00004c88    00000090     gpio.obj (.const:g_pui32GPIOBaseAddrs)
                  00004d18    0000006c     sysctl.obj (.const:g_pui32Xtals)
                  00004d84    00000050     i2c.obj (.const:g_ppui32I2CIntMapSnowflake)
                  00004dd4    00000040     flash.obj (.const:g_pui32FMPPERegs)
                  00004e14    00000040     flash.obj (.const:g_pui32FMPRERegs)
                  00004e54    00000038     sysctl.obj (.const:g_sXTALtoMEMTIM)
                  00004e8c    00000030     i2c.obj (.const:g_ppui32I2CIntMap)
                  00004ebc    00000020     interrupt.obj (.const:g_pui32Priority)
                  00004edc    00000020     can.obj (.const:g_ui16CANBitValues)
                  00004efc    00000014     interrupt.obj (.const:g_pui32Dii16Regs)
                  00004f10    00000014     interrupt.obj (.const:g_pui32EnRegs)
                  00004f24    00000014     interrupt.obj (.const:g_pui32PendRegs)
                  00004f38    00000014     interrupt.obj (.const:g_pui32UnpendRegs)
                  00004f4c    00000008     sysctl.obj (.const:g_pui32VCOFrequencies)

.cinit     0    00004f58    00000048     
                  00004f58    00000012     (.cinit..data.load) [load image, compression = lzss]
                  00004f6a    00000002     --HOLE-- [fill = 0]
                  00004f6c    0000000c     (__TI_handler_table)
                  00004f78    00000008     (.cinit..bss.load) [load image, compression = zero_init]
                  00004f80    00000008     (.cinit..vtable.load) [load image, compression = zero_init]
                  00004f88    00000018     (__TI_cinit_table)

.init_array 
*          0    00000000    00000000     UNINITIALIZED

.vtable    0    20000000    0000026c     UNINITIALIZED
                  20000000    0000026c     interrupt.obj (.vtable)

.bss       0    2000026c    00001020     UNINITIALIZED
                  2000026c    00001000     (.common:SensorBufferData)
                  2000126c    00000010     (.common:SensorBuf)
                  2000127c    0000000c     (.common:CAN_RECV)
                  20001288    00000004     adc.obj (.bss:g_pui8OversampleFactor)

.data      0    20001a90    00000025     UNINITIALIZED
                  20001a90    00000025     main.obj (.data)

.stack     0    20001290    00000800     UNINITIALIZED
                  20001290    00000004     rtsv7M4_T_le_v4SPD16_eabi.lib : boot_cortex_m.c.obj (.stack)
                  20001294    000007fc     --HOLE--

__llvm_prf_cnts 
*          0    20000000    00000000     UNINITIALIZED

MODULE SUMMARY

       Module                         code    ro data   rw data
       ------                         ----    -------   -------
    ./
       main.obj                       2740    0         4161   
       tm4c123ge6pm_startup_ccs.obj   12      620       0      
    +--+------------------------------+-------+---------+---------+
       Total:                         2752    620       4161   
                                                               
    ./driverlib/
       sysctl.obj                     3742    460       0      
       gpio.obj                       2988    528       0      
       can.obj                        2600    32        0      
       interrupt.obj                  960     268       620    
       adc.obj                        1822    0         4      
       i2c.obj                        1696    128       0      
       flash.obj                      844     128       0      
       systick.obj                    136     0         0      
       cpu.obj                        62      0         0      
    +--+------------------------------+-------+---------+---------+
       Total:                         14850   1544      624    
                                                               
    /Applications/ti/ccs1240/ccs/tools/compiler/ti-cgt-arm_20.2.7.LTS/lib/rtsv7M4_T_le_v4SPD16_eabi.lib
       memcpy_t2.asm.obj              156     0         0      
       memset_t2.asm.obj              122     0         0      
       copy_decompress_lzss.c.obj     104     0         0      
       autoinit.c.obj                 68      0         0      
       boot_cortex_m.c.obj            52      0         0      
       copy_decompress_none.c.obj     14      0         0      
       copy_zero_init.c.obj           12      0         0      
       exit.c.obj                     4       0         0      
       pre_init.c.obj                 4       0         0      
    +--+------------------------------+-------+---------+---------+
       Total:                         536     0         0      
                                                               
       Stack:                         0       0         2048   
       Linker Generated:              0       70        0      
    +--+------------------------------+-------+---------+---------+
       Grand Total:                   18138   2234      6833   


LINKER GENERATED COPY TABLES

__TI_cinit_table @ 00004f88 records: 3, size/record: 8, table size: 24
	.data: load addr=00004f58, load size=00000012 bytes, run addr=20001a90, run size=00000025 bytes, compression=lzss
	.bss: load addr=00004f78, load size=00000008 bytes, run addr=2000026c, run size=00001020 bytes, compression=zero_init
	.vtable: load addr=00004f80, load size=00000008 bytes, run addr=20000000, run size=0000026c bytes, compression=zero_init


LINKER GENERATED HANDLER TABLE

__TI_handler_table @ 00004f6c records: 3, size/record: 4, table size: 12
	index: 0, handler: __TI_zero_init
	index: 1, handler: __TI_decompress_lzss
	index: 2, handler: __TI_decompress_none


GLOBAL SYMBOLS: SORTED ALPHABETICALLY BY Name 

address   name                              
-------   ----                              
0000388d  ADCBusy                           
000036a1  ADCComparatorConfigure            
00003775  ADCComparatorIntClear             
00003727  ADCComparatorIntDisable           
00003745  ADCComparatorIntEnable            
00003763  ADCComparatorIntStatus            
000036bd  ADCComparatorRegionSet            
000036e1  ADCComparatorReset                
0000366f  ADCHardwareOversampleConfigure    
000032c7  ADCIntClear                       
000037ef  ADCIntClearEx                     
0000322d  ADCIntDisable                     
00003787  ADCIntDisableEx                   
00003249  ADCIntEnable                      
0000379f  ADCIntEnableEx                    
000031e7  ADCIntRegister                    
0000326f  ADCIntStatus                      
000037bd  ADCIntStatusEx                    
0000320f  ADCIntUnregister                  
00003847  ADCPhaseDelayGet                  
00003835  ADCPhaseDelaySet                  
000034e5  ADCProcessorTrigger               
00003823  ADCReferenceGet                   
00003807  ADCReferenceSet                   
00003311  ADCSequenceConfigure              
00003871  ADCSequenceDMADisable             
00003855  ADCSequenceDMAEnable              
000034a3  ADCSequenceDataGet                
000032f7  ADCSequenceDisable                
000032dd  ADCSequenceEnable                 
00003431  ADCSequenceOverflow               
00003459  ADCSequenceOverflowClear          
00003361  ADCSequenceStepConfigure          
00003475  ADCSequenceUnderflow              
0000348d  ADCSequenceUnderflowClear         
00003509  ADCSoftwareOversampleConfigure    
00003601  ADCSoftwareOversampleDataGet      
00003541  ADCSoftwareOversampleStepConfigure
20001a90  BuildVersion                      
00004949  C$$EXIT                           
00002975  CANBitRateSet                     
0000290d  CANBitTimingGet                   
00002a41  CANBitTimingSet                   
000028f9  CANDisable                        
000028e5  CANEnable                         
00002c8b  CANErrCntrGet                     
00002869  CANInit                           
00002b7d  CANIntClear                       
00002b1d  CANIntDisable                     
00002b07  CANIntEnable                      
00002acf  CANIntRegister                    
00002b33  CANIntStatus                      
00002aed  CANIntUnregister                  
0000222d  CANListnerEX                      
0000315d  CANMessageClear                   
00002f53  CANMessageGet                     
00002cc1  CANMessageSet                     
00002015  CANPollCheck                      
00002be9  CANRetryGet                       
00002bb7  CANRetrySet                       
00002135  CANSendINT                        
000021c5  CANSendMSG                        
00002c05  CANStatusGet                      
2000127c  CAN_RECV                          
000048d9  CPUbasepriGet                     
000048cb  CPUbasepriSet                     
000048a5  CPUcpsid                          
000048bb  CPUcpsie                          
000048b1  CPUprimask                        
000048c7  CPUwfi                            
00001d69  DelayMS                           
0000430d  FlashErase                        
20001a9c  FlashIndex                        
00004615  FlashIntClear                     
000045cf  FlashIntDisable                   
000045bb  FlashIntEnable                    
00004597  FlashIntRegister                  
000045f9  FlashIntStatus                    
000045ab  FlashIntUnregister                
00004347  FlashProgram                      
000043c9  FlashProtectGet                   
000044fd  FlashProtectSave                  
0000443d  FlashProtectSet                   
20001aa0  FlashSampleSize                   
00004531  FlashUserGet                      
00004569  FlashUserSave                     
0000454f  FlashUserSet                      
00001c8b  GPIOADCTriggerDisable             
00001c6d  GPIOADCTriggerEnable              
00001c4f  GPIODMATriggerDisable             
00001c31  GPIODMATriggerEnable              
000011bf  GPIODirModeGet                    
00001163  GPIODirModeSet                    
00001727  GPIOIntClear                      
000016eb  GPIOIntDisable                    
000016d1  GPIOIntEnable                     
0000173b  GPIOIntRegister                   
00001705  GPIOIntStatus                     
000012af  GPIOIntTypeGet                    
0000120b  GPIOIntTypeSet                    
00001759  GPIOIntUnregister                 
0000157f  GPIOPadConfigGet                  
00001345  GPIOPadConfigSet                  
00001bd3  GPIOPinConfigure                  
00001773  GPIOPinRead                       
000017ab  GPIOPinTypeADC                    
000017cf  GPIOPinTypeCAN                    
00001b9f  GPIOPinTypeCIR                    
000017f3  GPIOPinTypeComparator             
00001817  GPIOPinTypeEPI                    
0000183b  GPIOPinTypeEthernetLED            
0000185f  GPIOPinTypeEthernetMII            
00001883  GPIOPinTypeFan                    
000018a7  GPIOPinTypeGPIOInput              
000018cb  GPIOPinTypeGPIOOutput             
000018ef  GPIOPinTypeGPIOOutputOD           
00001913  GPIOPinTypeI2C                    
00001937  GPIOPinTypeI2CSCL                 
00001b57  GPIOPinTypeKBColumn               
00001b33  GPIOPinTypeKBRow                  
0000195b  GPIOPinTypeLCD                    
00001b7b  GPIOPinTypeLEDSeq                 
0000197f  GPIOPinTypeLPC                    
000019a3  GPIOPinTypePECIRx                 
000019c7  GPIOPinTypePECITx                 
000019eb  GPIOPinTypePWM                    
00001a0f  GPIOPinTypeQEI                    
00001a33  GPIOPinTypeSSI                    
00001a57  GPIOPinTypeTimer                  
00001a7b  GPIOPinTypeUART                   
00001a9f  GPIOPinTypeUSBAnalog              
00001ac3  GPIOPinTypeUSBDigital             
00001ae7  GPIOPinTypeWakeHigh               
00001b0d  GPIOPinTypeWakeLow                
00001bc3  GPIOPinWakeStatus                 
0000178b  GPIOPinWrite                      
20001a94  GlobalTimer                       
20001a98  HeatbeatTrigger                   
00001e73  I2C0SlaveIntHandler               
00003ea3  I2CFIFODataGet                    
00003ebd  I2CFIFODataGetNonBlocking         
00003e59  I2CFIFODataPut                    
00003e7b  I2CFIFODataPutNonBlocking         
00003e49  I2CFIFOStatus                     
00003a3d  I2CIntRegister                    
00003a5b  I2CIntUnregister                  
00003ef9  I2CMasterBurstCountGet            
00003ee3  I2CMasterBurstLengthSet           
00003ca1  I2CMasterBusBusy                  
00003c89  I2CMasterBusy                     
00003cb9  I2CMasterControl                  
00003d0d  I2CMasterDataGet                  
00003cf7  I2CMasterDataPut                  
00003a09  I2CMasterDisable                  
000039d5  I2CMasterEnable                   
00003ccb  I2CMasterErr                      
00003f07  I2CMasterGlitchFilterConfigSet    
0000390b  I2CMasterInitExpClk               
00003c03  I2CMasterIntClear                 
00003c21  I2CMasterIntClearEx               
00003acf  I2CMasterIntDisable               
00003adf  I2CMasterIntDisableEx             
00003a75  I2CMasterIntEnable                
00003a85  I2CMasterIntEnableEx              
00003b29  I2CMasterIntStatus                
00003b6d  I2CMasterIntStatusEx              
00003c7b  I2CMasterLineStateGet             
00003c59  I2CMasterSlaveAddrSet             
00003d1b  I2CMasterTimeoutSet               
00003e09  I2CRxFIFOConfigSet                
00003e31  I2CRxFIFOFlush                    
00003d2d  I2CSlaveACKOverride               
00003d5f  I2CSlaveACKValueSet               
00003997  I2CSlaveAddressSet                
00003db9  I2CSlaveDataGet                   
00003da1  I2CSlaveDataPut                   
00003a1f  I2CSlaveDisable                   
000039eb  I2CSlaveEnable                    
00003f37  I2CSlaveFIFODisable               
00003f1f  I2CSlaveFIFOEnable                
0000397d  I2CSlaveInit                      
00003c33  I2CSlaveIntClear                  
00003c45  I2CSlaveIntClearEx                
00003af7  I2CSlaveIntDisable                
00003b0f  I2CSlaveIntDisableEx              
00003a9d  I2CSlaveIntEnable                 
00003ab5  I2CSlaveIntEnableEx               
00003b99  I2CSlaveIntStatus                 
00003be1  I2CSlaveIntStatusEx               
00003d91  I2CSlaveStatus                    
00003dc9  I2CTxFIFOConfigSet                
00003df1  I2CTxFIFOFlush                    
20001aac  I2C_RcvCommand                    
20001ab4  I2C_RcvNewCommand                 
20001ab0  I2C_RvcCommandParam               
00001f45  I2C_SendData                      
20001aa8  I2C_TimeOutClock                  
00001e97  Init_ADC                          
00002261  Init_CAN                          
00001ef3  Init_I2C                          
00001ed7  Init_Systick                      
00001cb1  Init_circ_bbuf                    
00002075  IntCAN0Handler                    
0000410d  IntDisable                        
0000409b  IntEnable                         
0000417f  IntIsEnabled                      
00003f5f  IntMasterDisable                  
00003f4f  IntMasterEnable                   
00004275  IntPendClear                      
00004205  IntPendSet                        
00004077  IntPriorityGet                    
00003fef  IntPriorityGroupingGet            
00003fd5  IntPriorityGroupingSet            
000042cf  IntPriorityMaskGet                
000042c3  IntPriorityMaskSet                
00004027  IntPrioritySet                    
00003f6f  IntRegister                       
000042d7  IntTrigger                        
00003fc1  IntUnregister                     
00004933  ResetISR                          
2000126c  SensorBuf                         
2000026c  SensorBufferData                  
00000fe3  SysCtlADCSpeedGet                 
00000fb9  SysCtlADCSpeedSet                 
000010b1  SysCtlAltClkConfig                
00000875  SysCtlClockFreqSet                
00000d65  SysCtlClockGet                    
00001095  SysCtlClockOutConfig              
00000b95  SysCtlClockSet                    
00000785  SysCtlDeepSleep                   
00000ecd  SysCtlDeepSleepClockConfigSet     
00000eb1  SysCtlDeepSleepClockSet           
0000493f  SysCtlDelay                       
00000363  SysCtlFlashSectorSizeGet          
00000337  SysCtlFlashSizeGet                
0000100d  SysCtlGPIOAHBDisable              
00000ff1  SysCtlGPIOAHBEnable               
00000749  SysCtlIntClear                    
00000731  SysCtlIntDisable                  
0000071d  SysCtlIntEnable                   
000006f5  SysCtlIntRegister                 
00000759  SysCtlIntStatus                   
0000070d  SysCtlIntUnregister               
000007c1  SysCtlMOSCConfigSet               
00001081  SysCtlNMIClear                    
00001075  SysCtlNMIStatus                   
000007d1  SysCtlPIOSCCalibrate              
00000f9f  SysCtlPWMClockGet                 
00000f85  SysCtlPWMClockSet                 
000006a1  SysCtlPeripheralClockGating       
00000659  SysCtlPeripheralDeepSleepDisable  
00000609  SysCtlPeripheralDeepSleepEnable   
00000545  SysCtlPeripheralDisable           
00000509  SysCtlPeripheralEnable            
00000445  SysCtlPeripheralPowerOff          
00000409  SysCtlPeripheralPowerOn           
00000389  SysCtlPeripheralPresent           
000003c9  SysCtlPeripheralReady             
00000481  SysCtlPeripheralReset             
000005cd  SysCtlPeripheralSleepDisable      
00000589  SysCtlPeripheralSleepEnable       
00000775  SysCtlReset                       
00000831  SysCtlResetBehaviorGet            
00000821  SysCtlResetBehaviorSet            
000007a7  SysCtlResetCauseClear             
000007a1  SysCtlResetCauseGet               
0000032d  SysCtlSRAMSizeGet                 
0000077d  SysCtlSleep                       
00001035  SysCtlUSBPLLDisable               
00001029  SysCtlUSBPLLEnable                
0000105d  SysCtlVoltageEventClear           
00001041  SysCtlVoltageEventConfig          
00001051  SysCtlVoltageEventStatus          
00004701  SysTickDisable                    
000046f5  SysTickEnable                     
00004745  SysTickIntDisable                 
00004739  SysTickIntEnable                  
00001de3  SysTickIntHandler                 
0000470d  SysTickIntRegister                
00004725  SysTickIntUnregister              
00004763  SysTickPeriodGet                  
00004751  SysTickPeriodSet                  
0000476b  SysTickValueGet                   
20001aa4  TimeOutClock                      
20001a90  __STACK_END                       
00000800  __STACK_SIZE                      
20001490  __STACK_TOP                       
00004f88  __TI_CINIT_Base                   
00004fa0  __TI_CINIT_Limit                  
00004f6c  __TI_Handler_Table_Base           
00004f78  __TI_Handler_Table_Limit          
00004861  __TI_auto_init_nobinit_nopinit    
000047f7  __TI_decompress_lzss              
00004919  __TI_decompress_none              
ffffffff  __TI_pprof_out_hndl               
ffffffff  __TI_prof_data_size               
ffffffff  __TI_prof_data_start              
00000000  __TI_static_base__                
00004927  __TI_zero_init                    
0000477d  __aeabi_memclr                    
0000477d  __aeabi_memclr4                   
0000477d  __aeabi_memclr8                   
00004659  __aeabi_memcpy                    
00004659  __aeabi_memcpy4                   
00004659  __aeabi_memcpy8                   
0000477f  __aeabi_memset                    
0000477f  __aeabi_memset4                   
0000477f  __aeabi_memset8                   
ffffffff  __binit__                         
ffffffff  __c_args__                        
UNDEFED   __mpu_init                        
20001290  __stack                           
20000000  __start___llvm_prf_cnts           
20000000  __stop___llvm_prf_cnts            
000048e5  _c_int00_noargs                   
UNDEFED   _system_post_cinit                
00004945  _system_pre_init                  
00004949  abort                             
ffffffff  binit                             
00001dc7  bit_check                         
00001d85  bit_clear                         
00001db1  bit_set                           
00001d9b  bit_toggle                        
00001d1d  circ_bbuf_pop                     
00001cd5  circ_bbuf_push                    
20000000  g_pfnRAMVectors                   
00000000  g_pfnVectors                      
000022e5  main                              
00004659  memcpy                            
00004785  memset                            


GLOBAL SYMBOLS: SORTED BY Symbol Address 

address   name                              
-------   ----                              
00000000  __TI_static_base__                
00000000  g_pfnVectors                      
0000032d  SysCtlSRAMSizeGet                 
00000337  SysCtlFlashSizeGet                
00000363  SysCtlFlashSectorSizeGet          
00000389  SysCtlPeripheralPresent           
000003c9  SysCtlPeripheralReady             
00000409  SysCtlPeripheralPowerOn           
00000445  SysCtlPeripheralPowerOff          
00000481  SysCtlPeripheralReset             
00000509  SysCtlPeripheralEnable            
00000545  SysCtlPeripheralDisable           
00000589  SysCtlPeripheralSleepEnable       
000005cd  SysCtlPeripheralSleepDisable      
00000609  SysCtlPeripheralDeepSleepEnable   
00000659  SysCtlPeripheralDeepSleepDisable  
000006a1  SysCtlPeripheralClockGating       
000006f5  SysCtlIntRegister                 
0000070d  SysCtlIntUnregister               
0000071d  SysCtlIntEnable                   
00000731  SysCtlIntDisable                  
00000749  SysCtlIntClear                    
00000759  SysCtlIntStatus                   
00000775  SysCtlReset                       
0000077d  SysCtlSleep                       
00000785  SysCtlDeepSleep                   
000007a1  SysCtlResetCauseGet               
000007a7  SysCtlResetCauseClear             
000007c1  SysCtlMOSCConfigSet               
000007d1  SysCtlPIOSCCalibrate              
00000800  __STACK_SIZE                      
00000821  SysCtlResetBehaviorSet            
00000831  SysCtlResetBehaviorGet            
00000875  SysCtlClockFreqSet                
00000b95  SysCtlClockSet                    
00000d65  SysCtlClockGet                    
00000eb1  SysCtlDeepSleepClockSet           
00000ecd  SysCtlDeepSleepClockConfigSet     
00000f85  SysCtlPWMClockSet                 
00000f9f  SysCtlPWMClockGet                 
00000fb9  SysCtlADCSpeedSet                 
00000fe3  SysCtlADCSpeedGet                 
00000ff1  SysCtlGPIOAHBEnable               
0000100d  SysCtlGPIOAHBDisable              
00001029  SysCtlUSBPLLEnable                
00001035  SysCtlUSBPLLDisable               
00001041  SysCtlVoltageEventConfig          
00001051  SysCtlVoltageEventStatus          
0000105d  SysCtlVoltageEventClear           
00001075  SysCtlNMIStatus                   
00001081  SysCtlNMIClear                    
00001095  SysCtlClockOutConfig              
000010b1  SysCtlAltClkConfig                
00001163  GPIODirModeSet                    
000011bf  GPIODirModeGet                    
0000120b  GPIOIntTypeSet                    
000012af  GPIOIntTypeGet                    
00001345  GPIOPadConfigSet                  
0000157f  GPIOPadConfigGet                  
000016d1  GPIOIntEnable                     
000016eb  GPIOIntDisable                    
00001705  GPIOIntStatus                     
00001727  GPIOIntClear                      
0000173b  GPIOIntRegister                   
00001759  GPIOIntUnregister                 
00001773  GPIOPinRead                       
0000178b  GPIOPinWrite                      
000017ab  GPIOPinTypeADC                    
000017cf  GPIOPinTypeCAN                    
000017f3  GPIOPinTypeComparator             
00001817  GPIOPinTypeEPI                    
0000183b  GPIOPinTypeEthernetLED            
0000185f  GPIOPinTypeEthernetMII            
00001883  GPIOPinTypeFan                    
000018a7  GPIOPinTypeGPIOInput              
000018cb  GPIOPinTypeGPIOOutput             
000018ef  GPIOPinTypeGPIOOutputOD           
00001913  GPIOPinTypeI2C                    
00001937  GPIOPinTypeI2CSCL                 
0000195b  GPIOPinTypeLCD                    
0000197f  GPIOPinTypeLPC                    
000019a3  GPIOPinTypePECIRx                 
000019c7  GPIOPinTypePECITx                 
000019eb  GPIOPinTypePWM                    
00001a0f  GPIOPinTypeQEI                    
00001a33  GPIOPinTypeSSI                    
00001a57  GPIOPinTypeTimer                  
00001a7b  GPIOPinTypeUART                   
00001a9f  GPIOPinTypeUSBAnalog              
00001ac3  GPIOPinTypeUSBDigital             
00001ae7  GPIOPinTypeWakeHigh               
00001b0d  GPIOPinTypeWakeLow                
00001b33  GPIOPinTypeKBRow                  
00001b57  GPIOPinTypeKBColumn               
00001b7b  GPIOPinTypeLEDSeq                 
00001b9f  GPIOPinTypeCIR                    
00001bc3  GPIOPinWakeStatus                 
00001bd3  GPIOPinConfigure                  
00001c31  GPIODMATriggerEnable              
00001c4f  GPIODMATriggerDisable             
00001c6d  GPIOADCTriggerEnable              
00001c8b  GPIOADCTriggerDisable             
00001cb1  Init_circ_bbuf                    
00001cd5  circ_bbuf_push                    
00001d1d  circ_bbuf_pop                     
00001d69  DelayMS                           
00001d85  bit_clear                         
00001d9b  bit_toggle                        
00001db1  bit_set                           
00001dc7  bit_check                         
00001de3  SysTickIntHandler                 
00001e73  I2C0SlaveIntHandler               
00001e97  Init_ADC                          
00001ed7  Init_Systick                      
00001ef3  Init_I2C                          
00001f45  I2C_SendData                      
00002015  CANPollCheck                      
00002075  IntCAN0Handler                    
00002135  CANSendINT                        
000021c5  CANSendMSG                        
0000222d  CANListnerEX                      
00002261  Init_CAN                          
000022e5  main                              
00002869  CANInit                           
000028e5  CANEnable                         
000028f9  CANDisable                        
0000290d  CANBitTimingGet                   
00002975  CANBitRateSet                     
00002a41  CANBitTimingSet                   
00002acf  CANIntRegister                    
00002aed  CANIntUnregister                  
00002b07  CANIntEnable                      
00002b1d  CANIntDisable                     
00002b33  CANIntStatus                      
00002b7d  CANIntClear                       
00002bb7  CANRetrySet                       
00002be9  CANRetryGet                       
00002c05  CANStatusGet                      
00002c8b  CANErrCntrGet                     
00002cc1  CANMessageSet                     
00002f53  CANMessageGet                     
0000315d  CANMessageClear                   
000031e7  ADCIntRegister                    
0000320f  ADCIntUnregister                  
0000322d  ADCIntDisable                     
00003249  ADCIntEnable                      
0000326f  ADCIntStatus                      
000032c7  ADCIntClear                       
000032dd  ADCSequenceEnable                 
000032f7  ADCSequenceDisable                
00003311  ADCSequenceConfigure              
00003361  ADCSequenceStepConfigure          
00003431  ADCSequenceOverflow               
00003459  ADCSequenceOverflowClear          
00003475  ADCSequenceUnderflow              
0000348d  ADCSequenceUnderflowClear         
000034a3  ADCSequenceDataGet                
000034e5  ADCProcessorTrigger               
00003509  ADCSoftwareOversampleConfigure    
00003541  ADCSoftwareOversampleStepConfigure
00003601  ADCSoftwareOversampleDataGet      
0000366f  ADCHardwareOversampleConfigure    
000036a1  ADCComparatorConfigure            
000036bd  ADCComparatorRegionSet            
000036e1  ADCComparatorReset                
00003727  ADCComparatorIntDisable           
00003745  ADCComparatorIntEnable            
00003763  ADCComparatorIntStatus            
00003775  ADCComparatorIntClear             
00003787  ADCIntDisableEx                   
0000379f  ADCIntEnableEx                    
000037bd  ADCIntStatusEx                    
000037ef  ADCIntClearEx                     
00003807  ADCReferenceSet                   
00003823  ADCReferenceGet                   
00003835  ADCPhaseDelaySet                  
00003847  ADCPhaseDelayGet                  
00003855  ADCSequenceDMAEnable              
00003871  ADCSequenceDMADisable             
0000388d  ADCBusy                           
0000390b  I2CMasterInitExpClk               
0000397d  I2CSlaveInit                      
00003997  I2CSlaveAddressSet                
000039d5  I2CMasterEnable                   
000039eb  I2CSlaveEnable                    
00003a09  I2CMasterDisable                  
00003a1f  I2CSlaveDisable                   
00003a3d  I2CIntRegister                    
00003a5b  I2CIntUnregister                  
00003a75  I2CMasterIntEnable                
00003a85  I2CMasterIntEnableEx              
00003a9d  I2CSlaveIntEnable                 
00003ab5  I2CSlaveIntEnableEx               
00003acf  I2CMasterIntDisable               
00003adf  I2CMasterIntDisableEx             
00003af7  I2CSlaveIntDisable                
00003b0f  I2CSlaveIntDisableEx              
00003b29  I2CMasterIntStatus                
00003b6d  I2CMasterIntStatusEx              
00003b99  I2CSlaveIntStatus                 
00003be1  I2CSlaveIntStatusEx               
00003c03  I2CMasterIntClear                 
00003c21  I2CMasterIntClearEx               
00003c33  I2CSlaveIntClear                  
00003c45  I2CSlaveIntClearEx                
00003c59  I2CMasterSlaveAddrSet             
00003c7b  I2CMasterLineStateGet             
00003c89  I2CMasterBusy                     
00003ca1  I2CMasterBusBusy                  
00003cb9  I2CMasterControl                  
00003ccb  I2CMasterErr                      
00003cf7  I2CMasterDataPut                  
00003d0d  I2CMasterDataGet                  
00003d1b  I2CMasterTimeoutSet               
00003d2d  I2CSlaveACKOverride               
00003d5f  I2CSlaveACKValueSet               
00003d91  I2CSlaveStatus                    
00003da1  I2CSlaveDataPut                   
00003db9  I2CSlaveDataGet                   
00003dc9  I2CTxFIFOConfigSet                
00003df1  I2CTxFIFOFlush                    
00003e09  I2CRxFIFOConfigSet                
00003e31  I2CRxFIFOFlush                    
00003e49  I2CFIFOStatus                     
00003e59  I2CFIFODataPut                    
00003e7b  I2CFIFODataPutNonBlocking         
00003ea3  I2CFIFODataGet                    
00003ebd  I2CFIFODataGetNonBlocking         
00003ee3  I2CMasterBurstLengthSet           
00003ef9  I2CMasterBurstCountGet            
00003f07  I2CMasterGlitchFilterConfigSet    
00003f1f  I2CSlaveFIFOEnable                
00003f37  I2CSlaveFIFODisable               
00003f4f  IntMasterEnable                   
00003f5f  IntMasterDisable                  
00003f6f  IntRegister                       
00003fc1  IntUnregister                     
00003fd5  IntPriorityGroupingSet            
00003fef  IntPriorityGroupingGet            
00004027  IntPrioritySet                    
00004077  IntPriorityGet                    
0000409b  IntEnable                         
0000410d  IntDisable                        
0000417f  IntIsEnabled                      
00004205  IntPendSet                        
00004275  IntPendClear                      
000042c3  IntPriorityMaskSet                
000042cf  IntPriorityMaskGet                
000042d7  IntTrigger                        
0000430d  FlashErase                        
00004347  FlashProgram                      
000043c9  FlashProtectGet                   
0000443d  FlashProtectSet                   
000044fd  FlashProtectSave                  
00004531  FlashUserGet                      
0000454f  FlashUserSet                      
00004569  FlashUserSave                     
00004597  FlashIntRegister                  
000045ab  FlashIntUnregister                
000045bb  FlashIntEnable                    
000045cf  FlashIntDisable                   
000045f9  FlashIntStatus                    
00004615  FlashIntClear                     
00004659  __aeabi_memcpy                    
00004659  __aeabi_memcpy4                   
00004659  __aeabi_memcpy8                   
00004659  memcpy                            
000046f5  SysTickEnable                     
00004701  SysTickDisable                    
0000470d  SysTickIntRegister                
00004725  SysTickIntUnregister              
00004739  SysTickIntEnable                  
00004745  SysTickIntDisable                 
00004751  SysTickPeriodSet                  
00004763  SysTickPeriodGet                  
0000476b  SysTickValueGet                   
0000477d  __aeabi_memclr                    
0000477d  __aeabi_memclr4                   
0000477d  __aeabi_memclr8                   
0000477f  __aeabi_memset                    
0000477f  __aeabi_memset4                   
0000477f  __aeabi_memset8                   
00004785  memset                            
000047f7  __TI_decompress_lzss              
00004861  __TI_auto_init_nobinit_nopinit    
000048a5  CPUcpsid                          
000048b1  CPUprimask                        
000048bb  CPUcpsie                          
000048c7  CPUwfi                            
000048cb  CPUbasepriSet                     
000048d9  CPUbasepriGet                     
000048e5  _c_int00_noargs                   
00004919  __TI_decompress_none              
00004927  __TI_zero_init                    
00004933  ResetISR                          
0000493f  SysCtlDelay                       
00004945  _system_pre_init                  
00004949  C$$EXIT                           
00004949  abort                             
00004f6c  __TI_Handler_Table_Base           
00004f78  __TI_Handler_Table_Limit          
00004f88  __TI_CINIT_Base                   
00004fa0  __TI_CINIT_Limit                  
20000000  __start___llvm_prf_cnts           
20000000  __stop___llvm_prf_cnts            
20000000  g_pfnRAMVectors                   
2000026c  SensorBufferData                  
2000126c  SensorBuf                         
2000127c  CAN_RECV                          
20001290  __stack                           
20001490  __STACK_TOP                       
20001a90  BuildVersion                      
20001a90  __STACK_END                       
20001a94  GlobalTimer                       
20001a98  HeatbeatTrigger                   
20001a9c  FlashIndex                        
20001aa0  FlashSampleSize                   
20001aa4  TimeOutClock                      
20001aa8  I2C_TimeOutClock                  
20001aac  I2C_RcvCommand                    
20001ab0  I2C_RvcCommandParam               
20001ab4  I2C_RcvNewCommand                 
ffffffff  __TI_pprof_out_hndl               
ffffffff  __TI_prof_data_size               
ffffffff  __TI_prof_data_start              
ffffffff  __binit__                         
ffffffff  __c_args__                        
ffffffff  binit                             
UNDEFED   __mpu_init                        
UNDEFED   _system_post_cinit                

[330 symbols]
