<?xml version="1.0" encoding="ISO-8859-1" ?>
<link_info>
   <banner>TI ARM Linker PC v20.2.7.LTS</banner>
   <copyright>Copyright (c) 1996-2018 Texas Instruments Incorporated</copyright>
   <link_time>0x681a5c48</link_time>
   <link_errors>0x0</link_errors>
   <output_file>Inkley_PressureSensor.out</output_file>
   <entry_point>
      <name>_c_int00_noargs</name>
      <address>0x3ad5</address>
   </entry_point>
   <input_file_list>
      <input_file id="fl-2">
         <path>.\</path>
         <kind>object</kind>
         <file>main.obj</file>
         <name>main.obj</name>
      </input_file>
      <input_file id="fl-3">
         <path>.\</path>
         <kind>object</kind>
         <file>tm4c123ge6pm_startup_ccs.obj</file>
         <name>tm4c123ge6pm_startup_ccs.obj</name>
      </input_file>
      <input_file id="fl-4">
         <path>.\driverlib\</path>
         <kind>object</kind>
         <file>adc.obj</file>
         <name>adc.obj</name>
      </input_file>
      <input_file id="fl-5">
         <path>.\driverlib\</path>
         <kind>object</kind>
         <file>aes.obj</file>
         <name>aes.obj</name>
      </input_file>
      <input_file id="fl-6">
         <path>.\driverlib\</path>
         <kind>object</kind>
         <file>can.obj</file>
         <name>can.obj</name>
      </input_file>
      <input_file id="fl-7">
         <path>.\driverlib\</path>
         <kind>object</kind>
         <file>comp.obj</file>
         <name>comp.obj</name>
      </input_file>
      <input_file id="fl-8">
         <path>.\driverlib\</path>
         <kind>object</kind>
         <file>cpu.obj</file>
         <name>cpu.obj</name>
      </input_file>
      <input_file id="fl-9">
         <path>.\driverlib\</path>
         <kind>object</kind>
         <file>crc.obj</file>
         <name>crc.obj</name>
      </input_file>
      <input_file id="fl-a">
         <path>.\driverlib\</path>
         <kind>object</kind>
         <file>des.obj</file>
         <name>des.obj</name>
      </input_file>
      <input_file id="fl-b">
         <path>.\driverlib\</path>
         <kind>object</kind>
         <file>eeprom.obj</file>
         <name>eeprom.obj</name>
      </input_file>
      <input_file id="fl-c">
         <path>.\driverlib\</path>
         <kind>object</kind>
         <file>emac.obj</file>
         <name>emac.obj</name>
      </input_file>
      <input_file id="fl-d">
         <path>.\driverlib\</path>
         <kind>object</kind>
         <file>epi.obj</file>
         <name>epi.obj</name>
      </input_file>
      <input_file id="fl-e">
         <path>.\driverlib\</path>
         <kind>object</kind>
         <file>flash.obj</file>
         <name>flash.obj</name>
      </input_file>
      <input_file id="fl-f">
         <path>.\driverlib\</path>
         <kind>object</kind>
         <file>fpu.obj</file>
         <name>fpu.obj</name>
      </input_file>
      <input_file id="fl-10">
         <path>.\driverlib\</path>
         <kind>object</kind>
         <file>gpio.obj</file>
         <name>gpio.obj</name>
      </input_file>
      <input_file id="fl-11">
         <path>.\driverlib\</path>
         <kind>object</kind>
         <file>hibernate.obj</file>
         <name>hibernate.obj</name>
      </input_file>
      <input_file id="fl-12">
         <path>.\driverlib\</path>
         <kind>object</kind>
         <file>i2c.obj</file>
         <name>i2c.obj</name>
      </input_file>
      <input_file id="fl-13">
         <path>.\driverlib\</path>
         <kind>object</kind>
         <file>interrupt.obj</file>
         <name>interrupt.obj</name>
      </input_file>
      <input_file id="fl-14">
         <path>.\driverlib\</path>
         <kind>object</kind>
         <file>lcd.obj</file>
         <name>lcd.obj</name>
      </input_file>
      <input_file id="fl-15">
         <path>.\driverlib\</path>
         <kind>object</kind>
         <file>mpu.obj</file>
         <name>mpu.obj</name>
      </input_file>
      <input_file id="fl-16">
         <path>.\driverlib\</path>
         <kind>object</kind>
         <file>pwm.obj</file>
         <name>pwm.obj</name>
      </input_file>
      <input_file id="fl-17">
         <path>.\driverlib\</path>
         <kind>object</kind>
         <file>qei.obj</file>
         <name>qei.obj</name>
      </input_file>
      <input_file id="fl-18">
         <path>.\driverlib\</path>
         <kind>object</kind>
         <file>shamd5.obj</file>
         <name>shamd5.obj</name>
      </input_file>
      <input_file id="fl-19">
         <path>.\driverlib\</path>
         <kind>object</kind>
         <file>ssi.obj</file>
         <name>ssi.obj</name>
      </input_file>
      <input_file id="fl-1a">
         <path>.\driverlib\</path>
         <kind>object</kind>
         <file>sw_crc.obj</file>
         <name>sw_crc.obj</name>
      </input_file>
      <input_file id="fl-1b">
         <path>.\driverlib\</path>
         <kind>object</kind>
         <file>sysctl.obj</file>
         <name>sysctl.obj</name>
      </input_file>
      <input_file id="fl-1c">
         <path>.\driverlib\</path>
         <kind>object</kind>
         <file>sysexc.obj</file>
         <name>sysexc.obj</name>
      </input_file>
      <input_file id="fl-1d">
         <path>.\driverlib\</path>
         <kind>object</kind>
         <file>systick.obj</file>
         <name>systick.obj</name>
      </input_file>
      <input_file id="fl-1e">
         <path>.\driverlib\</path>
         <kind>object</kind>
         <file>timer.obj</file>
         <name>timer.obj</name>
      </input_file>
      <input_file id="fl-1f">
         <path>.\driverlib\</path>
         <kind>object</kind>
         <file>uart.obj</file>
         <name>uart.obj</name>
      </input_file>
      <input_file id="fl-20">
         <path>.\driverlib\</path>
         <kind>object</kind>
         <file>udma.obj</file>
         <name>udma.obj</name>
      </input_file>
      <input_file id="fl-21">
         <path>.\driverlib\</path>
         <kind>object</kind>
         <file>usb.obj</file>
         <name>usb.obj</name>
      </input_file>
      <input_file id="fl-22">
         <path>.\driverlib\</path>
         <kind>object</kind>
         <file>watchdog.obj</file>
         <name>watchdog.obj</name>
      </input_file>
      <input_file id="fl-23">
         <path>.\sensorlib\</path>
         <kind>object</kind>
         <file>ak8963.obj</file>
         <name>ak8963.obj</name>
      </input_file>
      <input_file id="fl-24">
         <path>.\sensorlib\</path>
         <kind>object</kind>
         <file>ak8975.obj</file>
         <name>ak8975.obj</name>
      </input_file>
      <input_file id="fl-25">
         <path>.\sensorlib\</path>
         <kind>object</kind>
         <file>bmp180.obj</file>
         <name>bmp180.obj</name>
      </input_file>
      <input_file id="fl-26">
         <path>.\sensorlib\</path>
         <kind>object</kind>
         <file>cm3218.obj</file>
         <name>cm3218.obj</name>
      </input_file>
      <input_file id="fl-27">
         <path>.\sensorlib\</path>
         <kind>object</kind>
         <file>comp_dcm.obj</file>
         <name>comp_dcm.obj</name>
      </input_file>
      <input_file id="fl-28">
         <path>.\sensorlib\</path>
         <kind>object</kind>
         <file>i2cm_drv.obj</file>
         <name>i2cm_drv.obj</name>
      </input_file>
      <input_file id="fl-29">
         <path>.\sensorlib\</path>
         <kind>object</kind>
         <file>isl29023.obj</file>
         <name>isl29023.obj</name>
      </input_file>
      <input_file id="fl-2a">
         <path>.\sensorlib\</path>
         <kind>object</kind>
         <file>kxti9.obj</file>
         <name>kxti9.obj</name>
      </input_file>
      <input_file id="fl-2b">
         <path>.\sensorlib\</path>
         <kind>object</kind>
         <file>l3gd20h.obj</file>
         <name>l3gd20h.obj</name>
      </input_file>
      <input_file id="fl-2c">
         <path>.\sensorlib\</path>
         <kind>object</kind>
         <file>lsm303d.obj</file>
         <name>lsm303d.obj</name>
      </input_file>
      <input_file id="fl-2d">
         <path>.\sensorlib\</path>
         <kind>object</kind>
         <file>lsm303dlhc_accel.obj</file>
         <name>lsm303dlhc_accel.obj</name>
      </input_file>
      <input_file id="fl-2e">
         <path>.\sensorlib\</path>
         <kind>object</kind>
         <file>lsm303dlhc_mag.obj</file>
         <name>lsm303dlhc_mag.obj</name>
      </input_file>
      <input_file id="fl-2f">
         <path>.\sensorlib\</path>
         <kind>object</kind>
         <file>magneto.obj</file>
         <name>magneto.obj</name>
      </input_file>
      <input_file id="fl-30">
         <path>.\sensorlib\</path>
         <kind>object</kind>
         <file>mpu6050.obj</file>
         <name>mpu6050.obj</name>
      </input_file>
      <input_file id="fl-31">
         <path>.\sensorlib\</path>
         <kind>object</kind>
         <file>mpu9150.obj</file>
         <name>mpu9150.obj</name>
      </input_file>
      <input_file id="fl-32">
         <path>.\sensorlib\</path>
         <kind>object</kind>
         <file>quaternion.obj</file>
         <name>quaternion.obj</name>
      </input_file>
      <input_file id="fl-33">
         <path>.\sensorlib\</path>
         <kind>object</kind>
         <file>sht21.obj</file>
         <name>sht21.obj</name>
      </input_file>
      <input_file id="fl-34">
         <path>.\sensorlib\</path>
         <kind>object</kind>
         <file>tmp006.obj</file>
         <name>tmp006.obj</name>
      </input_file>
      <input_file id="fl-35">
         <path>.\sensorlib\</path>
         <kind>object</kind>
         <file>tmp100.obj</file>
         <name>tmp100.obj</name>
      </input_file>
      <input_file id="fl-36">
         <path>.\sensorlib\</path>
         <kind>object</kind>
         <file>vector.obj</file>
         <name>vector.obj</name>
      </input_file>
      <input_file id="fl-37">
         <path>.\usblib\device\</path>
         <kind>object</kind>
         <file>usbdaudio.obj</file>
         <name>usbdaudio.obj</name>
      </input_file>
      <input_file id="fl-38">
         <path>.\usblib\device\</path>
         <kind>object</kind>
         <file>usbdbulk.obj</file>
         <name>usbdbulk.obj</name>
      </input_file>
      <input_file id="fl-39">
         <path>.\usblib\device\</path>
         <kind>object</kind>
         <file>usbdcdc.obj</file>
         <name>usbdcdc.obj</name>
      </input_file>
      <input_file id="fl-3a">
         <path>.\usblib\device\</path>
         <kind>object</kind>
         <file>usbdcdesc.obj</file>
         <name>usbdcdesc.obj</name>
      </input_file>
      <input_file id="fl-3b">
         <path>.\usblib\device\</path>
         <kind>object</kind>
         <file>usbdcomp.obj</file>
         <name>usbdcomp.obj</name>
      </input_file>
      <input_file id="fl-3c">
         <path>.\usblib\device\</path>
         <kind>object</kind>
         <file>usbdconfig.obj</file>
         <name>usbdconfig.obj</name>
      </input_file>
      <input_file id="fl-3d">
         <path>.\usblib\device\</path>
         <kind>object</kind>
         <file>usbddfu-rt.obj</file>
         <name>usbddfu-rt.obj</name>
      </input_file>
      <input_file id="fl-3e">
         <path>.\usblib\device\</path>
         <kind>object</kind>
         <file>usbdenum.obj</file>
         <name>usbdenum.obj</name>
      </input_file>
      <input_file id="fl-3f">
         <path>.\usblib\device\</path>
         <kind>object</kind>
         <file>usbdhandler.obj</file>
         <name>usbdhandler.obj</name>
      </input_file>
      <input_file id="fl-40">
         <path>.\usblib\device\</path>
         <kind>object</kind>
         <file>usbdhid.obj</file>
         <name>usbdhid.obj</name>
      </input_file>
      <input_file id="fl-41">
         <path>.\usblib\device\</path>
         <kind>object</kind>
         <file>usbdhidkeyb.obj</file>
         <name>usbdhidkeyb.obj</name>
      </input_file>
      <input_file id="fl-42">
         <path>.\usblib\device\</path>
         <kind>object</kind>
         <file>usbdhidmouse.obj</file>
         <name>usbdhidmouse.obj</name>
      </input_file>
      <input_file id="fl-43">
         <path>.\usblib\device\</path>
         <kind>object</kind>
         <file>usbdmsc.obj</file>
         <name>usbdmsc.obj</name>
      </input_file>
      <input_file id="fl-44">
         <path>.\usblib\host\</path>
         <kind>object</kind>
         <file>usbhaudio.obj</file>
         <name>usbhaudio.obj</name>
      </input_file>
      <input_file id="fl-45">
         <path>.\usblib\host\</path>
         <kind>object</kind>
         <file>usbhhid.obj</file>
         <name>usbhhid.obj</name>
      </input_file>
      <input_file id="fl-46">
         <path>.\usblib\host\</path>
         <kind>object</kind>
         <file>usbhhidkeyboard.obj</file>
         <name>usbhhidkeyboard.obj</name>
      </input_file>
      <input_file id="fl-47">
         <path>.\usblib\host\</path>
         <kind>object</kind>
         <file>usbhhidmouse.obj</file>
         <name>usbhhidmouse.obj</name>
      </input_file>
      <input_file id="fl-48">
         <path>.\usblib\host\</path>
         <kind>object</kind>
         <file>usbhhub.obj</file>
         <name>usbhhub.obj</name>
      </input_file>
      <input_file id="fl-49">
         <path>.\usblib\host\</path>
         <kind>object</kind>
         <file>usbhmsc.obj</file>
         <name>usbhmsc.obj</name>
      </input_file>
      <input_file id="fl-4a">
         <path>.\usblib\host\</path>
         <kind>object</kind>
         <file>usbhostenum.obj</file>
         <name>usbhostenum.obj</name>
      </input_file>
      <input_file id="fl-4b">
         <path>.\usblib\host\</path>
         <kind>object</kind>
         <file>usbhscsi.obj</file>
         <name>usbhscsi.obj</name>
      </input_file>
      <input_file id="fl-4c">
         <path>.\usblib\</path>
         <kind>object</kind>
         <file>usbbuffer.obj</file>
         <name>usbbuffer.obj</name>
      </input_file>
      <input_file id="fl-4d">
         <path>.\usblib\</path>
         <kind>object</kind>
         <file>usbdesc.obj</file>
         <name>usbdesc.obj</name>
      </input_file>
      <input_file id="fl-4e">
         <path>.\usblib\</path>
         <kind>object</kind>
         <file>usbdma.obj</file>
         <name>usbdma.obj</name>
      </input_file>
      <input_file id="fl-4f">
         <path>.\usblib\</path>
         <kind>object</kind>
         <file>usbkeyboardmap.obj</file>
         <name>usbkeyboardmap.obj</name>
      </input_file>
      <input_file id="fl-50">
         <path>.\usblib\</path>
         <kind>object</kind>
         <file>usbmode.obj</file>
         <name>usbmode.obj</name>
      </input_file>
      <input_file id="fl-51">
         <path>.\usblib\</path>
         <kind>object</kind>
         <file>usbringbuf.obj</file>
         <name>usbringbuf.obj</name>
      </input_file>
      <input_file id="fl-52">
         <path>.\usblib\</path>
         <kind>object</kind>
         <file>usbtick.obj</file>
         <name>usbtick.obj</name>
      </input_file>
      <input_file id="fl-53">
         <path>.\usblib\</path>
         <kind>object</kind>
         <file>usbulpi.obj</file>
         <name>usbulpi.obj</name>
      </input_file>
      <input_file id="fl-54">
         <path>.\utils\</path>
         <kind>object</kind>
         <file>cmdline.obj</file>
         <name>cmdline.obj</name>
      </input_file>
      <input_file id="fl-55">
         <path>.\utils\</path>
         <kind>object</kind>
         <file>cpu_usage.obj</file>
         <name>cpu_usage.obj</name>
      </input_file>
      <input_file id="fl-56">
         <path>.\utils\</path>
         <kind>object</kind>
         <file>flash_pb.obj</file>
         <name>flash_pb.obj</name>
      </input_file>
      <input_file id="fl-57">
         <path>.\utils\</path>
         <kind>object</kind>
         <file>isqrt.obj</file>
         <name>isqrt.obj</name>
      </input_file>
      <input_file id="fl-58">
         <path>.\utils\</path>
         <kind>object</kind>
         <file>random.obj</file>
         <name>random.obj</name>
      </input_file>
      <input_file id="fl-59">
         <path>.\utils\</path>
         <kind>object</kind>
         <file>ringbuf.obj</file>
         <name>ringbuf.obj</name>
      </input_file>
      <input_file id="fl-5a">
         <path>.\utils\</path>
         <kind>object</kind>
         <file>scheduler.obj</file>
         <name>scheduler.obj</name>
      </input_file>
      <input_file id="fl-5b">
         <path>.\utils\</path>
         <kind>object</kind>
         <file>sine.obj</file>
         <name>sine.obj</name>
      </input_file>
      <input_file id="fl-5c">
         <path>.\utils\</path>
         <kind>object</kind>
         <file>smbus.obj</file>
         <name>smbus.obj</name>
      </input_file>
      <input_file id="fl-5d">
         <path>.\utils\</path>
         <kind>object</kind>
         <file>softi2c.obj</file>
         <name>softi2c.obj</name>
      </input_file>
      <input_file id="fl-5e">
         <path>.\utils\</path>
         <kind>object</kind>
         <file>softssi.obj</file>
         <name>softssi.obj</name>
      </input_file>
      <input_file id="fl-5f">
         <path>.\utils\</path>
         <kind>object</kind>
         <file>softuart.obj</file>
         <name>softuart.obj</name>
      </input_file>
      <input_file id="fl-60">
         <path>.\utils\</path>
         <kind>object</kind>
         <file>spi_flash.obj</file>
         <name>spi_flash.obj</name>
      </input_file>
      <input_file id="fl-61">
         <path>.\utils\</path>
         <kind>object</kind>
         <file>uartstdio.obj</file>
         <name>uartstdio.obj</name>
      </input_file>
      <input_file id="fl-62">
         <path>.\utils\</path>
         <kind>object</kind>
         <file>ustdlib.obj</file>
         <name>ustdlib.obj</name>
      </input_file>
      <input_file id="fl-72">
         <kind>object</kind>
         <file>&lt;internal&gt;</file>
         <name>&lt;internal&gt;</name>
      </input_file>
      <input_file id="fl-128">
         <path>D:\ti\ccs1260\ccs\tools\compiler\ti-cgt-arm_20.2.7.LTS\lib\</path>
         <kind>archive</kind>
         <file>rtsv7M4_T_le_v4SPD16_eabi.lib</file>
         <name>e_acosf.c.obj</name>
      </input_file>
      <input_file id="fl-129">
         <path>D:\ti\ccs1260\ccs\tools\compiler\ti-cgt-arm_20.2.7.LTS\lib\</path>
         <kind>archive</kind>
         <file>rtsv7M4_T_le_v4SPD16_eabi.lib</file>
         <name>e_asinf.c.obj</name>
      </input_file>
      <input_file id="fl-12a">
         <path>D:\ti\ccs1260\ccs\tools\compiler\ti-cgt-arm_20.2.7.LTS\lib\</path>
         <kind>archive</kind>
         <file>rtsv7M4_T_le_v4SPD16_eabi.lib</file>
         <name>e_atan2f.c.obj</name>
      </input_file>
      <input_file id="fl-12b">
         <path>D:\ti\ccs1260\ccs\tools\compiler\ti-cgt-arm_20.2.7.LTS\lib\</path>
         <kind>archive</kind>
         <file>rtsv7M4_T_le_v4SPD16_eabi.lib</file>
         <name>e_sqrtf.c.obj</name>
      </input_file>
      <input_file id="fl-12c">
         <path>D:\ti\ccs1260\ccs\tools\compiler\ti-cgt-arm_20.2.7.LTS\lib\</path>
         <kind>archive</kind>
         <file>rtsv7M4_T_le_v4SPD16_eabi.lib</file>
         <name>s_atanf.c.obj</name>
      </input_file>
      <input_file id="fl-12d">
         <path>D:\ti\ccs1260\ccs\tools\compiler\ti-cgt-arm_20.2.7.LTS\lib\</path>
         <kind>archive</kind>
         <file>rtsv7M4_T_le_v4SPD16_eabi.lib</file>
         <name>s_cosf.c.obj</name>
      </input_file>
      <input_file id="fl-12e">
         <path>D:\ti\ccs1260\ccs\tools\compiler\ti-cgt-arm_20.2.7.LTS\lib\</path>
         <kind>archive</kind>
         <file>rtsv7M4_T_le_v4SPD16_eabi.lib</file>
         <name>s_sinf.c.obj</name>
      </input_file>
      <input_file id="fl-12f">
         <path>D:\ti\ccs1260\ccs\tools\compiler\ti-cgt-arm_20.2.7.LTS\lib\</path>
         <kind>archive</kind>
         <file>rtsv7M4_T_le_v4SPD16_eabi.lib</file>
         <name>e_sqrt.c.obj</name>
      </input_file>
      <input_file id="fl-130">
         <path>D:\ti\ccs1260\ccs\tools\compiler\ti-cgt-arm_20.2.7.LTS\lib\</path>
         <kind>archive</kind>
         <file>rtsv7M4_T_le_v4SPD16_eabi.lib</file>
         <name>fd_add_t2.asm.obj</name>
      </input_file>
      <input_file id="fl-131">
         <path>D:\ti\ccs1260\ccs\tools\compiler\ti-cgt-arm_20.2.7.LTS\lib\</path>
         <kind>archive</kind>
         <file>rtsv7M4_T_le_v4SPD16_eabi.lib</file>
         <name>fd_div_t2.asm.obj</name>
      </input_file>
      <input_file id="fl-132">
         <path>D:\ti\ccs1260\ccs\tools\compiler\ti-cgt-arm_20.2.7.LTS\lib\</path>
         <kind>archive</kind>
         <file>rtsv7M4_T_le_v4SPD16_eabi.lib</file>
         <name>fd_mul_t2.asm.obj</name>
      </input_file>
      <input_file id="fl-133">
         <path>D:\ti\ccs1260\ccs\tools\compiler\ti-cgt-arm_20.2.7.LTS\lib\</path>
         <kind>archive</kind>
         <file>rtsv7M4_T_le_v4SPD16_eabi.lib</file>
         <name>fd_tos_t2.asm.obj</name>
      </input_file>
      <input_file id="fl-134">
         <path>D:\ti\ccs1260\ccs\tools\compiler\ti-cgt-arm_20.2.7.LTS\lib\</path>
         <kind>archive</kind>
         <file>rtsv7M4_T_le_v4SPD16_eabi.lib</file>
         <name>fs_tod_t2.asm.obj</name>
      </input_file>
      <input_file id="fl-135">
         <path>D:\ti\ccs1260\ccs\tools\compiler\ti-cgt-arm_20.2.7.LTS\lib\</path>
         <kind>archive</kind>
         <file>rtsv7M4_T_le_v4SPD16_eabi.lib</file>
         <name>memset_t2.asm.obj</name>
      </input_file>
      <input_file id="fl-136">
         <path>D:\ti\ccs1260\ccs\tools\compiler\ti-cgt-arm_20.2.7.LTS\lib\</path>
         <kind>archive</kind>
         <file>rtsv7M4_T_le_v4SPD16_eabi.lib</file>
         <name>u_divt2.asm.obj</name>
      </input_file>
      <input_file id="fl-137">
         <path>D:\ti\ccs1260\ccs\tools\compiler\ti-cgt-arm_20.2.7.LTS\lib\</path>
         <kind>archive</kind>
         <file>rtsv7M4_T_le_v4SPD16_eabi.lib</file>
         <name>copy_zero_init.c.obj</name>
      </input_file>
      <input_file id="fl-138">
         <path>D:\ti\ccs1260\ccs\tools\compiler\ti-cgt-arm_20.2.7.LTS\lib\</path>
         <kind>archive</kind>
         <file>rtsv7M4_T_le_v4SPD16_eabi.lib</file>
         <name>copy_decompress_none.c.obj</name>
      </input_file>
      <input_file id="fl-139">
         <path>D:\ti\ccs1260\ccs\tools\compiler\ti-cgt-arm_20.2.7.LTS\lib\</path>
         <kind>archive</kind>
         <file>rtsv7M4_T_le_v4SPD16_eabi.lib</file>
         <name>copy_decompress_lzss.c.obj</name>
      </input_file>
      <input_file id="fl-13a">
         <path>D:\ti\ccs1260\ccs\tools\compiler\ti-cgt-arm_20.2.7.LTS\lib\</path>
         <kind>archive</kind>
         <file>rtsv7M4_T_le_v4SPD16_eabi.lib</file>
         <name>strcmp.c.obj</name>
      </input_file>
      <input_file id="fl-13b">
         <path>D:\ti\ccs1260\ccs\tools\compiler\ti-cgt-arm_20.2.7.LTS\lib\</path>
         <kind>archive</kind>
         <file>rtsv7M4_T_le_v4SPD16_eabi.lib</file>
         <name>boot_cortex_m.c.obj</name>
      </input_file>
      <input_file id="fl-13c">
         <path>D:\ti\ccs1260\ccs\tools\compiler\ti-cgt-arm_20.2.7.LTS\lib\</path>
         <kind>archive</kind>
         <file>rtsv7M4_T_le_v4SPD16_eabi.lib</file>
         <name>errno.c.obj</name>
      </input_file>
      <input_file id="fl-13d">
         <path>D:\ti\ccs1260\ccs\tools\compiler\ti-cgt-arm_20.2.7.LTS\lib\</path>
         <kind>archive</kind>
         <file>rtsv7M4_T_le_v4SPD16_eabi.lib</file>
         <name>div0.asm.obj</name>
      </input_file>
      <input_file id="fl-13e">
         <path>D:\ti\ccs1260\ccs\tools\compiler\ti-cgt-arm_20.2.7.LTS\lib\</path>
         <kind>archive</kind>
         <file>rtsv7M4_T_le_v4SPD16_eabi.lib</file>
         <name>memcpy_t2.asm.obj</name>
      </input_file>
      <input_file id="fl-13f">
         <path>D:\ti\ccs1260\ccs\tools\compiler\ti-cgt-arm_20.2.7.LTS\lib\</path>
         <kind>archive</kind>
         <file>rtsv7M4_T_le_v4SPD16_eabi.lib</file>
         <name>autoinit.c.obj</name>
      </input_file>
      <input_file id="fl-140">
         <path>D:\ti\ccs1260\ccs\tools\compiler\ti-cgt-arm_20.2.7.LTS\lib\</path>
         <kind>archive</kind>
         <file>rtsv7M4_T_le_v4SPD16_eabi.lib</file>
         <name>pre_init.c.obj</name>
      </input_file>
      <input_file id="fl-141">
         <path>D:\ti\ccs1260\ccs\tools\compiler\ti-cgt-arm_20.2.7.LTS\lib\</path>
         <kind>archive</kind>
         <file>rtsv7M4_T_le_v4SPD16_eabi.lib</file>
         <name>cpy_tbl.c.obj</name>
      </input_file>
      <input_file id="fl-142">
         <path>D:\ti\ccs1260\ccs\tools\compiler\ti-cgt-arm_20.2.7.LTS\lib\</path>
         <kind>archive</kind>
         <file>rtsv7M4_T_le_v4SPD16_eabi.lib</file>
         <name>exit.c.obj</name>
      </input_file>
      <input_file id="fl-143">
         <path>D:\ti\ccs1260\ccs\tools\compiler\ti-cgt-arm_20.2.7.LTS\lib\</path>
         <kind>archive</kind>
         <file>rtsv7M4_T_le_v4SPD16_eabi.lib</file>
         <name>_lock.c.obj</name>
      </input_file>
      <input_file id="fl-144">
         <path>D:\ti\ccs1260\ccs\tools\compiler\ti-cgt-arm_20.2.7.LTS\lib\</path>
         <kind>archive</kind>
         <file>rtsv7M4_T_le_v4SPD16_eabi.lib</file>
         <name>args_main.c.obj</name>
      </input_file>
   </input_file_list>
   <object_component_list>
      <object_component id="oc-12">
         <name>.intvecs</name>
         <load_address>0x0</load_address>
         <run_address>0x0</run_address>
         <size>0x26c</size>
         <input_file_ref idref="fl-3"/>
      </object_component>
      <object_component id="oc-74">
         <name>.text</name>
         <load_address>0x26c</load_address>
         <run_address>0x26c</run_address>
         <size>0xe98</size>
         <input_file_ref idref="fl-1b"/>
      </object_component>
      <object_component id="oc-81">
         <name>.text</name>
         <load_address>0x1104</load_address>
         <run_address>0x1104</run_address>
         <size>0xbac</size>
         <input_file_ref idref="fl-10"/>
      </object_component>
      <object_component id="oc-8d">
         <name>.text</name>
         <load_address>0x1cb0</load_address>
         <run_address>0x1cb0</run_address>
         <size>0xa28</size>
         <input_file_ref idref="fl-6"/>
      </object_component>
      <object_component id="oc-7b">
         <name>.text</name>
         <load_address>0x26d8</load_address>
         <run_address>0x26d8</run_address>
         <size>0x71a</size>
         <input_file_ref idref="fl-4"/>
      </object_component>
      <object_component id="oc-2d">
         <name>.text</name>
         <load_address>0x2df4</load_address>
         <run_address>0x2df4</run_address>
         <size>0x710</size>
         <input_file_ref idref="fl-2"/>
      </object_component>
      <object_component id="oc-96">
         <name>.text</name>
         <load_address>0x3504</load_address>
         <run_address>0x3504</run_address>
         <size>0x3c0</size>
         <input_file_ref idref="fl-13"/>
      </object_component>
      <object_component id="oc-41">
         <name>.text</name>
         <load_address>0x38c4</load_address>
         <run_address>0x38c4</run_address>
         <size>0x9c</size>
         <input_file_ref idref="fl-13e"/>
      </object_component>
      <object_component id="oc-87">
         <name>.text</name>
         <load_address>0x3960</load_address>
         <run_address>0x3960</run_address>
         <size>0x88</size>
         <input_file_ref idref="fl-1d"/>
      </object_component>
      <object_component id="oc-15">
         <name>.text:decompress:lzss:__TI_decompress_lzss</name>
         <load_address>0x39e8</load_address>
         <run_address>0x39e8</run_address>
         <size>0x68</size>
         <input_file_ref idref="fl-139"/>
      </object_component>
      <object_component id="oc-155">
         <name>.text:__TI_auto_init_nobinit_nopinit:__TI_auto_init_nobinit_nopinit</name>
         <load_address>0x3a50</load_address>
         <run_address>0x3a50</run_address>
         <size>0x44</size>
         <input_file_ref idref="fl-13f"/>
      </object_component>
      <object_component id="oc-e7">
         <name>.text</name>
         <load_address>0x3a94</load_address>
         <run_address>0x3a94</run_address>
         <size>0x3e</size>
         <input_file_ref idref="fl-8"/>
      </object_component>
      <object_component id="oc-5f">
         <name>.text:_c_int00_noargs:_c_int00_noargs</name>
         <load_address>0x3ad4</load_address>
         <run_address>0x3ad4</run_address>
         <size>0x34</size>
         <input_file_ref idref="fl-13b"/>
      </object_component>
      <object_component id="oc-4d">
         <name>.text:decompress:ZI:__TI_zero_init_nomemset:__TI_zero_init_nomemset</name>
         <load_address>0x3b08</load_address>
         <run_address>0x3b08</run_address>
         <size>0x1c</size>
         <input_file_ref idref="fl-137"/>
      </object_component>
      <object_component id="oc-1b">
         <name>.text:decompress:none:__TI_decompress_none</name>
         <load_address>0x3b24</load_address>
         <run_address>0x3b24</run_address>
         <size>0xe</size>
         <input_file_ref idref="fl-138"/>
      </object_component>
      <object_component id="oc-27">
         <name>.text</name>
         <load_address>0x3b32</load_address>
         <run_address>0x3b32</run_address>
         <size>0xc</size>
         <input_file_ref idref="fl-3"/>
      </object_component>
      <object_component id="oc-7a">
         <name>.text:SysCtlDelay</name>
         <load_address>0x3b3e</load_address>
         <run_address>0x3b3e</run_address>
         <size>0x6</size>
         <input_file_ref idref="fl-1b"/>
      </object_component>
      <object_component id="oc-d2">
         <name>.text:_system_pre_init</name>
         <load_address>0x3b44</load_address>
         <run_address>0x3b44</run_address>
         <size>0x4</size>
         <input_file_ref idref="fl-140"/>
      </object_component>
      <object_component id="oc-149">
         <name>.text:abort:abort</name>
         <load_address>0x3b48</load_address>
         <run_address>0x3b48</run_address>
         <size>0x4</size>
         <input_file_ref idref="fl-142"/>
      </object_component>
      <object_component id="oc-f0">
         <name>.const:g_pppui32XTALtoVCO</name>
         <load_address>0x3b4c</load_address>
         <run_address>0x3b4c</run_address>
         <size>0x120</size>
         <input_file_ref idref="fl-1b"/>
      </object_component>
      <object_component id="oc-102">
         <name>.const:g_ppui32GPIOIntMapBlizzard</name>
         <load_address>0x3c6c</load_address>
         <run_address>0x3c6c</run_address>
         <size>0xc0</size>
         <input_file_ref idref="fl-10"/>
      </object_component>
      <object_component id="oc-105">
         <name>.const:g_ppui32GPIOIntMapSnowflake</name>
         <load_address>0x3d2c</load_address>
         <run_address>0x3d2c</run_address>
         <size>0xc0</size>
         <input_file_ref idref="fl-10"/>
      </object_component>
      <object_component id="oc-11c">
         <name>.const:g_pui32Regs</name>
         <load_address>0x3dec</load_address>
         <run_address>0x3dec</run_address>
         <size>0x9c</size>
         <input_file_ref idref="fl-13"/>
      </object_component>
      <object_component id="oc-108">
         <name>.const:g_pui32GPIOBaseAddrs</name>
         <load_address>0x3e88</load_address>
         <run_address>0x3e88</run_address>
         <size>0x90</size>
         <input_file_ref idref="fl-10"/>
      </object_component>
      <object_component id="oc-ed">
         <name>.const:g_pui32Xtals</name>
         <load_address>0x3f18</load_address>
         <run_address>0x3f18</run_address>
         <size>0x6c</size>
         <input_file_ref idref="fl-1b"/>
      </object_component>
      <object_component id="oc-e4">
         <name>.const:g_sXTALtoMEMTIM</name>
         <load_address>0x3f84</load_address>
         <run_address>0x3f84</run_address>
         <size>0x38</size>
         <input_file_ref idref="fl-1b"/>
      </object_component>
      <object_component id="oc-119">
         <name>.const:g_pui32Priority</name>
         <load_address>0x3fbc</load_address>
         <run_address>0x3fbc</run_address>
         <size>0x20</size>
         <input_file_ref idref="fl-13"/>
      </object_component>
      <object_component id="oc-10f">
         <name>.const:g_ui16CANBitValues</name>
         <load_address>0x3fdc</load_address>
         <run_address>0x3fdc</run_address>
         <size>0x20</size>
         <input_file_ref idref="fl-6"/>
      </object_component>
      <object_component id="oc-122">
         <name>.const:g_pui32Dii16Regs</name>
         <load_address>0x3ffc</load_address>
         <run_address>0x3ffc</run_address>
         <size>0x14</size>
         <input_file_ref idref="fl-13"/>
      </object_component>
      <object_component id="oc-11f">
         <name>.const:g_pui32EnRegs</name>
         <load_address>0x4010</load_address>
         <run_address>0x4010</run_address>
         <size>0x14</size>
         <input_file_ref idref="fl-13"/>
      </object_component>
      <object_component id="oc-125">
         <name>.const:g_pui32PendRegs</name>
         <load_address>0x4024</load_address>
         <run_address>0x4024</run_address>
         <size>0x14</size>
         <input_file_ref idref="fl-13"/>
      </object_component>
      <object_component id="oc-128">
         <name>.const:g_pui32UnpendRegs</name>
         <load_address>0x4038</load_address>
         <run_address>0x4038</run_address>
         <size>0x14</size>
         <input_file_ref idref="fl-13"/>
      </object_component>
      <object_component id="oc-f3">
         <name>.const:g_pui32VCOFrequencies</name>
         <load_address>0x404c</load_address>
         <run_address>0x404c</run_address>
         <size>0x8</size>
         <input_file_ref idref="fl-1b"/>
      </object_component>
      <object_component id="oc-234">
         <name>.cinit..data.load</name>
         <load_address>0x4058</load_address>
         <run_address>0x4058</run_address>
         <size>0x11</size>
      </object_component>
      <object_component id="oc-231">
         <name>__TI_handler_table</name>
         <load_address>0x406c</load_address>
         <run_address>0x406c</run_address>
         <size>0xc</size>
      </object_component>
      <object_component id="oc-235">
         <name>.cinit..bss.load</name>
         <load_address>0x4078</load_address>
         <run_address>0x4078</run_address>
         <size>0x8</size>
      </object_component>
      <object_component id="oc-233">
         <name>.cinit..vtable.load</name>
         <load_address>0x4080</load_address>
         <run_address>0x4080</run_address>
         <size>0x8</size>
      </object_component>
      <object_component id="oc-232">
         <name>__TI_cinit_table</name>
         <load_address>0x4088</load_address>
         <run_address>0x4088</run_address>
         <size>0x18</size>
      </object_component>
      <object_component id="oc-116">
         <name>.vtable</name>
         <uninitialized>true</uninitialized>
         <run_address>0x20000000</run_address>
         <size>0x26c</size>
         <input_file_ref idref="fl-13"/>
      </object_component>
      <object_component id="oc-93">
         <name>.data</name>
         <load_address>0x20000a70</load_address>
         <run_address>0x20000a70</run_address>
         <size>0x20</size>
         <input_file_ref idref="fl-2"/>
      </object_component>
      <object_component id="oc-fd">
         <name>.bss:g_pui8OversampleFactor</name>
         <uninitialized>true</uninitialized>
         <run_address>0x20000aa4</run_address>
         <size>0x4</size>
         <input_file_ref idref="fl-4"/>
      </object_component>
      <object_component id="oc-9c">
         <name>.common:CAN_BUF</name>
         <uninitialized>true</uninitialized>
         <run_address>0x20000a9c</run_address>
         <size>0x8</size>
      </object_component>
      <object_component id="oc-9f">
         <name>.common:CAN_RECV</name>
         <uninitialized>true</uninitialized>
         <run_address>0x20000a90</run_address>
         <size>0xc</size>
      </object_component>
      <object_component id="oc-24">
         <name>.stack</name>
         <uninitialized>true</uninitialized>
         <run_address>0x20000270</run_address>
         <size>0x4</size>
         <input_file_ref idref="fl-13b"/>
      </object_component>
      <object_component id="oc-237">
         <name>.stack</name>
         <uninitialized>true</uninitialized>
         <run_address>0x20000270</run_address>
         <size>0x0</size>
      </object_component>
      <object_component id="oc-9d">
         <name>.debug_info</name>
         <load_address>0x0</load_address>
         <run_address>0x0</run_address>
         <size>0x8ed</size>
         <input_file_ref idref="fl-2"/>
      </object_component>
      <object_component id="oc-94">
         <name>.debug_info</name>
         <load_address>0x8ed</load_address>
         <run_address>0x8ed</run_address>
         <size>0x21d</size>
         <input_file_ref idref="fl-2"/>
      </object_component>
      <object_component id="oc-2f">
         <name>.debug_info</name>
         <load_address>0xb0a</load_address>
         <run_address>0xb0a</run_address>
         <size>0xfc4</size>
         <input_file_ref idref="fl-2"/>
      </object_component>
      <object_component id="oc-ab">
         <name>.debug_info</name>
         <load_address>0x1ace</load_address>
         <run_address>0x1ace</run_address>
         <size>0x1b3</size>
         <input_file_ref idref="fl-2"/>
      </object_component>
      <object_component id="oc-12f">
         <name>.debug_info</name>
         <load_address>0x1c81</load_address>
         <run_address>0x1c81</run_address>
         <size>0x72</size>
         <input_file_ref idref="fl-2"/>
      </object_component>
      <object_component id="oc-b2">
         <name>.debug_info</name>
         <load_address>0x1cf3</load_address>
         <run_address>0x1cf3</run_address>
         <size>0x26b</size>
         <input_file_ref idref="fl-2"/>
      </object_component>
      <object_component id="oc-a1">
         <name>.debug_info</name>
         <load_address>0x1f5e</load_address>
         <run_address>0x1f5e</run_address>
         <size>0x8b</size>
         <input_file_ref idref="fl-2"/>
      </object_component>
      <object_component id="oc-134">
         <name>.debug_info</name>
         <load_address>0x1fe9</load_address>
         <run_address>0x1fe9</run_address>
         <size>0x2a4</size>
         <input_file_ref idref="fl-2"/>
      </object_component>
      <object_component id="oc-f7">
         <name>.debug_info</name>
         <load_address>0x228d</load_address>
         <run_address>0x228d</run_address>
         <size>0xef</size>
         <input_file_ref idref="fl-2"/>
      </object_component>
      <object_component id="oc-a6">
         <name>.debug_info</name>
         <load_address>0x237c</load_address>
         <run_address>0x237c</run_address>
         <size>0xbb</size>
         <input_file_ref idref="fl-2"/>
      </object_component>
      <object_component id="oc-35">
         <name>.debug_info</name>
         <load_address>0x2437</load_address>
         <run_address>0x2437</run_address>
         <size>0x30b</size>
         <input_file_ref idref="fl-3"/>
      </object_component>
      <object_component id="oc-13">
         <name>.debug_info</name>
         <load_address>0x2742</load_address>
         <run_address>0x2742</run_address>
         <size>0xfc</size>
         <input_file_ref idref="fl-3"/>
      </object_component>
      <object_component id="oc-2a">
         <name>.debug_info</name>
         <load_address>0x283e</load_address>
         <run_address>0x283e</run_address>
         <size>0x278</size>
         <input_file_ref idref="fl-3"/>
      </object_component>
      <object_component id="oc-3c">
         <name>.debug_info</name>
         <load_address>0x2ab6</load_address>
         <run_address>0x2ab6</run_address>
         <size>0x84</size>
         <input_file_ref idref="fl-3"/>
      </object_component>
      <object_component id="oc-101">
         <name>.debug_info</name>
         <load_address>0x2b3a</load_address>
         <run_address>0x2b3a</run_address>
         <size>0x333</size>
         <input_file_ref idref="fl-4"/>
      </object_component>
      <object_component id="oc-fe">
         <name>.debug_info</name>
         <load_address>0x2e6d</load_address>
         <run_address>0x2e6d</run_address>
         <size>0x104</size>
         <input_file_ref idref="fl-4"/>
      </object_component>
      <object_component id="oc-7d">
         <name>.debug_info</name>
         <load_address>0x2f71</load_address>
         <run_address>0x2f71</run_address>
         <size>0x28bf</size>
         <input_file_ref idref="fl-4"/>
      </object_component>
      <object_component id="oc-113">
         <name>.debug_info</name>
         <load_address>0x5830</load_address>
         <run_address>0x5830</run_address>
         <size>0x34a</size>
         <input_file_ref idref="fl-6"/>
      </object_component>
      <object_component id="oc-110">
         <name>.debug_info</name>
         <load_address>0x5b7a</load_address>
         <run_address>0x5b7a</run_address>
         <size>0xfc</size>
         <input_file_ref idref="fl-6"/>
      </object_component>
      <object_component id="oc-8e">
         <name>.debug_info</name>
         <load_address>0x5c76</load_address>
         <run_address>0x5c76</run_address>
         <size>0x1855</size>
         <input_file_ref idref="fl-6"/>
      </object_component>
      <object_component id="oc-e8">
         <name>.debug_info</name>
         <load_address>0x74cb</load_address>
         <run_address>0x74cb</run_address>
         <size>0x349</size>
         <input_file_ref idref="fl-8"/>
      </object_component>
      <object_component id="oc-10c">
         <name>.debug_info</name>
         <load_address>0x7814</load_address>
         <run_address>0x7814</run_address>
         <size>0x35d</size>
         <input_file_ref idref="fl-10"/>
      </object_component>
      <object_component id="oc-103">
         <name>.debug_info</name>
         <load_address>0x7b71</load_address>
         <run_address>0x7b71</run_address>
         <size>0x10d</size>
         <input_file_ref idref="fl-10"/>
      </object_component>
      <object_component id="oc-106">
         <name>.debug_info</name>
         <load_address>0x7c7e</load_address>
         <run_address>0x7c7e</run_address>
         <size>0x10f</size>
         <input_file_ref idref="fl-10"/>
      </object_component>
      <object_component id="oc-109">
         <name>.debug_info</name>
         <load_address>0x7d8d</load_address>
         <run_address>0x7d8d</run_address>
         <size>0x101</size>
         <input_file_ref idref="fl-10"/>
      </object_component>
      <object_component id="oc-85">
         <name>.debug_info</name>
         <load_address>0x7e8e</load_address>
         <run_address>0x7e8e</run_address>
         <size>0x3153</size>
         <input_file_ref idref="fl-10"/>
      </object_component>
      <object_component id="oc-12c">
         <name>.debug_info</name>
         <load_address>0xafe1</load_address>
         <run_address>0xafe1</run_address>
         <size>0x34a</size>
         <input_file_ref idref="fl-13"/>
      </object_component>
      <object_component id="oc-11a">
         <name>.debug_info</name>
         <load_address>0xb32b</load_address>
         <run_address>0xb32b</run_address>
         <size>0xfc</size>
         <input_file_ref idref="fl-13"/>
      </object_component>
      <object_component id="oc-11d">
         <name>.debug_info</name>
         <load_address>0xb427</load_address>
         <run_address>0xb427</run_address>
         <size>0xf4</size>
         <input_file_ref idref="fl-13"/>
      </object_component>
      <object_component id="oc-120">
         <name>.debug_info</name>
         <load_address>0xb51b</load_address>
         <run_address>0xb51b</run_address>
         <size>0xf8</size>
         <input_file_ref idref="fl-13"/>
      </object_component>
      <object_component id="oc-123">
         <name>.debug_info</name>
         <load_address>0xb613</load_address>
         <run_address>0xb613</run_address>
         <size>0xfe</size>
         <input_file_ref idref="fl-13"/>
      </object_component>
      <object_component id="oc-126">
         <name>.debug_info</name>
         <load_address>0xb711</load_address>
         <run_address>0xb711</run_address>
         <size>0xfc</size>
         <input_file_ref idref="fl-13"/>
      </object_component>
      <object_component id="oc-129">
         <name>.debug_info</name>
         <load_address>0xb80d</load_address>
         <run_address>0xb80d</run_address>
         <size>0x100</size>
         <input_file_ref idref="fl-13"/>
      </object_component>
      <object_component id="oc-117">
         <name>.debug_info</name>
         <load_address>0xb90d</load_address>
         <run_address>0xb90d</run_address>
         <size>0xfd</size>
         <input_file_ref idref="fl-13"/>
      </object_component>
      <object_component id="oc-97">
         <name>.debug_info</name>
         <load_address>0xba0a</load_address>
         <run_address>0xba0a</run_address>
         <size>0xcfd</size>
         <input_file_ref idref="fl-13"/>
      </object_component>
      <object_component id="oc-fc">
         <name>.debug_info</name>
         <load_address>0xc707</load_address>
         <run_address>0xc707</run_address>
         <size>0x3bb</size>
         <input_file_ref idref="fl-1b"/>
      </object_component>
      <object_component id="oc-ee">
         <name>.debug_info</name>
         <load_address>0xcac2</load_address>
         <run_address>0xcac2</run_address>
         <size>0xf3</size>
         <input_file_ref idref="fl-1b"/>
      </object_component>
      <object_component id="oc-f1">
         <name>.debug_info</name>
         <load_address>0xcbb5</load_address>
         <run_address>0xcbb5</run_address>
         <size>0xff</size>
         <input_file_ref idref="fl-1b"/>
      </object_component>
      <object_component id="oc-e5">
         <name>.debug_info</name>
         <load_address>0xccb4</load_address>
         <run_address>0xccb4</run_address>
         <size>0xf9</size>
         <input_file_ref idref="fl-1b"/>
      </object_component>
      <object_component id="oc-f4">
         <name>.debug_info</name>
         <load_address>0xcdad</load_address>
         <run_address>0xcdad</run_address>
         <size>0x106</size>
         <input_file_ref idref="fl-1b"/>
      </object_component>
      <object_component id="oc-75">
         <name>.debug_info</name>
         <load_address>0xceb3</load_address>
         <run_address>0xceb3</run_address>
         <size>0x26c6</size>
         <input_file_ref idref="fl-1b"/>
      </object_component>
      <object_component id="oc-192">
         <name>.debug_info</name>
         <load_address>0xf579</load_address>
         <run_address>0xf579</run_address>
         <size>0x51</size>
         <input_file_ref idref="fl-1b"/>
      </object_component>
      <object_component id="oc-10e">
         <name>.debug_info</name>
         <load_address>0xf5ca</load_address>
         <run_address>0xf5ca</run_address>
         <size>0x2d9</size>
         <input_file_ref idref="fl-1d"/>
      </object_component>
      <object_component id="oc-8b">
         <name>.debug_info</name>
         <load_address>0xf8a3</load_address>
         <run_address>0xf8a3</run_address>
         <size>0x552</size>
         <input_file_ref idref="fl-1d"/>
      </object_component>
      <object_component id="oc-140">
         <name>.debug_info</name>
         <load_address>0xfdf5</load_address>
         <run_address>0xfdf5</run_address>
         <size>0x2c</size>
         <input_file_ref idref="fl-54"/>
      </object_component>
      <object_component id="oc-cb">
         <name>.debug_info</name>
         <load_address>0xfe21</load_address>
         <run_address>0xfe21</run_address>
         <size>0x2d4</size>
         <input_file_ref idref="fl-137"/>
      </object_component>
      <object_component id="oc-4e">
         <name>.debug_info</name>
         <load_address>0x100f5</load_address>
         <run_address>0x100f5</run_address>
         <size>0x1d2</size>
         <input_file_ref idref="fl-137"/>
      </object_component>
      <object_component id="oc-c6">
         <name>.debug_info</name>
         <load_address>0x102c7</load_address>
         <run_address>0x102c7</run_address>
         <size>0x46</size>
         <input_file_ref idref="fl-137"/>
      </object_component>
      <object_component id="oc-4c">
         <name>.debug_info</name>
         <load_address>0x1030d</load_address>
         <run_address>0x1030d</run_address>
         <size>0x2a8</size>
         <input_file_ref idref="fl-138"/>
      </object_component>
      <object_component id="oc-1e">
         <name>.debug_info</name>
         <load_address>0x105b5</load_address>
         <run_address>0x105b5</run_address>
         <size>0x1ea</size>
         <input_file_ref idref="fl-138"/>
      </object_component>
      <object_component id="oc-47">
         <name>.debug_info</name>
         <load_address>0x1079f</load_address>
         <run_address>0x1079f</run_address>
         <size>0x46</size>
         <input_file_ref idref="fl-138"/>
      </object_component>
      <object_component id="oc-be">
         <name>.debug_info</name>
         <load_address>0x107e5</load_address>
         <run_address>0x107e5</run_address>
         <size>0x2c</size>
         <input_file_ref idref="fl-138"/>
      </object_component>
      <object_component id="oc-bc">
         <name>.debug_info</name>
         <load_address>0x10811</load_address>
         <run_address>0x10811</run_address>
         <size>0x29e</size>
         <input_file_ref idref="fl-139"/>
      </object_component>
      <object_component id="oc-16">
         <name>.debug_info</name>
         <load_address>0x10aaf</load_address>
         <run_address>0x10aaf</run_address>
         <size>0x250</size>
         <input_file_ref idref="fl-139"/>
      </object_component>
      <object_component id="oc-37">
         <name>.debug_info</name>
         <load_address>0x10cff</load_address>
         <run_address>0x10cff</run_address>
         <size>0x60</size>
         <input_file_ref idref="fl-139"/>
      </object_component>
      <object_component id="oc-139">
         <name>.debug_info</name>
         <load_address>0x10d5f</load_address>
         <run_address>0x10d5f</run_address>
         <size>0x46</size>
         <input_file_ref idref="fl-139"/>
      </object_component>
      <object_component id="oc-b7">
         <name>.debug_info</name>
         <load_address>0x10da5</load_address>
         <run_address>0x10da5</run_address>
         <size>0x39</size>
         <input_file_ref idref="fl-139"/>
      </object_component>
      <object_component id="oc-25">
         <name>.debug_info</name>
         <load_address>0x10dde</load_address>
         <run_address>0x10dde</run_address>
         <size>0x10b</size>
         <input_file_ref idref="fl-13b"/>
      </object_component>
      <object_component id="oc-61">
         <name>.debug_info</name>
         <load_address>0x10ee9</load_address>
         <run_address>0x10ee9</run_address>
         <size>0x1a9</size>
         <input_file_ref idref="fl-13b"/>
      </object_component>
      <object_component id="oc-43">
         <name>.debug_info</name>
         <load_address>0x11092</load_address>
         <run_address>0x11092</run_address>
         <size>0x119</size>
         <input_file_ref idref="fl-13e"/>
      </object_component>
      <object_component id="oc-1c3">
         <name>.debug_info</name>
         <load_address>0x111ab</load_address>
         <run_address>0x111ab</run_address>
         <size>0x4b3</size>
         <input_file_ref idref="fl-13f"/>
      </object_component>
      <object_component id="oc-156">
         <name>.debug_info</name>
         <load_address>0x1165e</load_address>
         <run_address>0x1165e</run_address>
         <size>0x1a6</size>
         <input_file_ref idref="fl-13f"/>
      </object_component>
      <object_component id="oc-1e8">
         <name>.debug_info</name>
         <load_address>0x11804</load_address>
         <run_address>0x11804</run_address>
         <size>0x39</size>
         <input_file_ref idref="fl-13f"/>
      </object_component>
      <object_component id="oc-1fc">
         <name>.debug_info</name>
         <load_address>0x1183d</load_address>
         <run_address>0x1183d</run_address>
         <size>0x39</size>
         <input_file_ref idref="fl-13f"/>
      </object_component>
      <object_component id="oc-1ed">
         <name>.debug_info</name>
         <load_address>0x11876</load_address>
         <run_address>0x11876</run_address>
         <size>0x39</size>
         <input_file_ref idref="fl-13f"/>
      </object_component>
      <object_component id="oc-1f2">
         <name>.debug_info</name>
         <load_address>0x118af</load_address>
         <run_address>0x118af</run_address>
         <size>0xcd</size>
         <input_file_ref idref="fl-13f"/>
      </object_component>
      <object_component id="oc-d3">
         <name>.debug_info</name>
         <load_address>0x1197c</load_address>
         <run_address>0x1197c</run_address>
         <size>0x153</size>
         <input_file_ref idref="fl-140"/>
      </object_component>
      <object_component id="oc-14b">
         <name>.debug_info</name>
         <load_address>0x11acf</load_address>
         <run_address>0x11acf</run_address>
         <size>0x122</size>
         <input_file_ref idref="fl-142"/>
      </object_component>
      <object_component id="oc-238">
         <name>.debug_info</name>
         <load_address>0x11bf1</load_address>
         <run_address>0x11bf1</run_address>
         <size>0xaf</size>
      </object_component>
      <object_component id="oc-12e">
         <name>.debug_line</name>
         <load_address>0x0</load_address>
         <run_address>0x0</run_address>
         <size>0xbf</size>
         <input_file_ref idref="fl-2"/>
      </object_component>
      <object_component id="oc-115">
         <name>.debug_line</name>
         <load_address>0xbf</load_address>
         <run_address>0xbf</run_address>
         <size>0x2d</size>
         <input_file_ref idref="fl-2"/>
      </object_component>
      <object_component id="oc-2e">
         <name>.debug_line</name>
         <load_address>0xec</load_address>
         <run_address>0xec</run_address>
         <size>0x40e</size>
         <input_file_ref idref="fl-2"/>
      </object_component>
      <object_component id="oc-ae">
         <name>.debug_line</name>
         <load_address>0x4fa</load_address>
         <run_address>0x4fa</run_address>
         <size>0x36</size>
         <input_file_ref idref="fl-2"/>
      </object_component>
      <object_component id="oc-132">
         <name>.debug_line</name>
         <load_address>0x530</load_address>
         <run_address>0x530</run_address>
         <size>0x2d</size>
         <input_file_ref idref="fl-2"/>
      </object_component>
      <object_component id="oc-b5">
         <name>.debug_line</name>
         <load_address>0x55d</load_address>
         <run_address>0x55d</run_address>
         <size>0x6f</size>
         <input_file_ref idref="fl-2"/>
      </object_component>
      <object_component id="oc-a4">
         <name>.debug_line</name>
         <load_address>0x5cc</load_address>
         <run_address>0x5cc</run_address>
         <size>0x20</size>
         <input_file_ref idref="fl-2"/>
      </object_component>
      <object_component id="oc-137">
         <name>.debug_line</name>
         <load_address>0x5ec</load_address>
         <run_address>0x5ec</run_address>
         <size>0x73</size>
         <input_file_ref idref="fl-2"/>
      </object_component>
      <object_component id="oc-fa">
         <name>.debug_line</name>
         <load_address>0x65f</load_address>
         <run_address>0x65f</run_address>
         <size>0x6f</size>
         <input_file_ref idref="fl-2"/>
      </object_component>
      <object_component id="oc-a9">
         <name>.debug_line</name>
         <load_address>0x6ce</load_address>
         <run_address>0x6ce</run_address>
         <size>0x70</size>
         <input_file_ref idref="fl-2"/>
      </object_component>
      <object_component id="oc-b1">
         <name>.debug_line</name>
         <load_address>0x73e</load_address>
         <run_address>0x73e</run_address>
         <size>0x41</size>
         <input_file_ref idref="fl-3"/>
      </object_component>
      <object_component id="oc-34">
         <name>.debug_line</name>
         <load_address>0x77f</load_address>
         <run_address>0x77f</run_address>
         <size>0x41</size>
         <input_file_ref idref="fl-3"/>
      </object_component>
      <object_component id="oc-29">
         <name>.debug_line</name>
         <load_address>0x7c0</load_address>
         <run_address>0x7c0</run_address>
         <size>0xa1</size>
         <input_file_ref idref="fl-3"/>
      </object_component>
      <object_component id="oc-3f">
         <name>.debug_line</name>
         <load_address>0x861</load_address>
         <run_address>0x861</run_address>
         <size>0x20</size>
         <input_file_ref idref="fl-3"/>
      </object_component>
      <object_component id="oc-199">
         <name>.debug_line</name>
         <load_address>0x881</load_address>
         <run_address>0x881</run_address>
         <size>0x74</size>
         <input_file_ref idref="fl-4"/>
      </object_component>
      <object_component id="oc-197">
         <name>.debug_line</name>
         <load_address>0x8f5</load_address>
         <run_address>0x8f5</run_address>
         <size>0x36</size>
         <input_file_ref idref="fl-4"/>
      </object_component>
      <object_component id="oc-7c">
         <name>.debug_line</name>
         <load_address>0x92b</load_address>
         <run_address>0x92b</run_address>
         <size>0x551</size>
         <input_file_ref idref="fl-4"/>
      </object_component>
      <object_component id="oc-1a7">
         <name>.debug_line</name>
         <load_address>0xe7c</load_address>
         <run_address>0xe7c</run_address>
         <size>0x74</size>
         <input_file_ref idref="fl-6"/>
      </object_component>
      <object_component id="oc-1a5">
         <name>.debug_line</name>
         <load_address>0xef0</load_address>
         <run_address>0xef0</run_address>
         <size>0x36</size>
         <input_file_ref idref="fl-6"/>
      </object_component>
      <object_component id="oc-92">
         <name>.debug_line</name>
         <load_address>0xf26</load_address>
         <run_address>0xf26</run_address>
         <size>0x644</size>
         <input_file_ref idref="fl-6"/>
      </object_component>
      <object_component id="oc-ec">
         <name>.debug_line</name>
         <load_address>0x156a</load_address>
         <run_address>0x156a</run_address>
         <size>0xd9</size>
         <input_file_ref idref="fl-8"/>
      </object_component>
      <object_component id="oc-1a1">
         <name>.debug_line</name>
         <load_address>0x1643</load_address>
         <run_address>0x1643</run_address>
         <size>0x74</size>
         <input_file_ref idref="fl-10"/>
      </object_component>
      <object_component id="oc-19b">
         <name>.debug_line</name>
         <load_address>0x16b7</load_address>
         <run_address>0x16b7</run_address>
         <size>0x37</size>
         <input_file_ref idref="fl-10"/>
      </object_component>
      <object_component id="oc-19d">
         <name>.debug_line</name>
         <load_address>0x16ee</load_address>
         <run_address>0x16ee</run_address>
         <size>0x37</size>
         <input_file_ref idref="fl-10"/>
      </object_component>
      <object_component id="oc-19f">
         <name>.debug_line</name>
         <load_address>0x1725</load_address>
         <run_address>0x1725</run_address>
         <size>0x37</size>
         <input_file_ref idref="fl-10"/>
      </object_component>
      <object_component id="oc-83">
         <name>.debug_line</name>
         <load_address>0x175c</load_address>
         <run_address>0x175c</run_address>
         <size>0x645</size>
         <input_file_ref idref="fl-10"/>
      </object_component>
      <object_component id="oc-1b7">
         <name>.debug_line</name>
         <load_address>0x1da1</load_address>
         <run_address>0x1da1</run_address>
         <size>0x6e</size>
         <input_file_ref idref="fl-13"/>
      </object_component>
      <object_component id="oc-1ab">
         <name>.debug_line</name>
         <load_address>0x1e0f</load_address>
         <run_address>0x1e0f</run_address>
         <size>0x3c</size>
         <input_file_ref idref="fl-13"/>
      </object_component>
      <object_component id="oc-1ad">
         <name>.debug_line</name>
         <load_address>0x1e4b</load_address>
         <run_address>0x1e4b</run_address>
         <size>0x3c</size>
         <input_file_ref idref="fl-13"/>
      </object_component>
      <object_component id="oc-1af">
         <name>.debug_line</name>
         <load_address>0x1e87</load_address>
         <run_address>0x1e87</run_address>
         <size>0x3c</size>
         <input_file_ref idref="fl-13"/>
      </object_component>
      <object_component id="oc-1b1">
         <name>.debug_line</name>
         <load_address>0x1ec3</load_address>
         <run_address>0x1ec3</run_address>
         <size>0x3c</size>
         <input_file_ref idref="fl-13"/>
      </object_component>
      <object_component id="oc-1b3">
         <name>.debug_line</name>
         <load_address>0x1eff</load_address>
         <run_address>0x1eff</run_address>
         <size>0x3c</size>
         <input_file_ref idref="fl-13"/>
      </object_component>
      <object_component id="oc-1b5">
         <name>.debug_line</name>
         <load_address>0x1f3b</load_address>
         <run_address>0x1f3b</run_address>
         <size>0x3c</size>
         <input_file_ref idref="fl-13"/>
      </object_component>
      <object_component id="oc-1a9">
         <name>.debug_line</name>
         <load_address>0x1f77</load_address>
         <run_address>0x1f77</run_address>
         <size>0x3c</size>
         <input_file_ref idref="fl-13"/>
      </object_component>
      <object_component id="oc-9a">
         <name>.debug_line</name>
         <load_address>0x1fb3</load_address>
         <run_address>0x1fb3</run_address>
         <size>0x2ba</size>
         <input_file_ref idref="fl-13"/>
      </object_component>
      <object_component id="oc-191">
         <name>.debug_line</name>
         <load_address>0x226d</load_address>
         <run_address>0x226d</run_address>
         <size>0x113</size>
         <input_file_ref idref="fl-1b"/>
      </object_component>
      <object_component id="oc-18b">
         <name>.debug_line</name>
         <load_address>0x2380</load_address>
         <run_address>0x2380</run_address>
         <size>0x39</size>
         <input_file_ref idref="fl-1b"/>
      </object_component>
      <object_component id="oc-18d">
         <name>.debug_line</name>
         <load_address>0x23b9</load_address>
         <run_address>0x23b9</run_address>
         <size>0x39</size>
         <input_file_ref idref="fl-1b"/>
      </object_component>
      <object_component id="oc-188">
         <name>.debug_line</name>
         <load_address>0x23f2</load_address>
         <run_address>0x23f2</run_address>
         <size>0x39</size>
         <input_file_ref idref="fl-1b"/>
      </object_component>
      <object_component id="oc-18f">
         <name>.debug_line</name>
         <load_address>0x242b</load_address>
         <run_address>0x242b</run_address>
         <size>0x39</size>
         <input_file_ref idref="fl-1b"/>
      </object_component>
      <object_component id="oc-79">
         <name>.debug_line</name>
         <load_address>0x2464</load_address>
         <run_address>0x2464</run_address>
         <size>0x89a</size>
         <input_file_ref idref="fl-1b"/>
      </object_component>
      <object_component id="oc-194">
         <name>.debug_line</name>
         <load_address>0x2cfe</load_address>
         <run_address>0x2cfe</run_address>
         <size>0x39</size>
         <input_file_ref idref="fl-1b"/>
      </object_component>
      <object_component id="oc-1a3">
         <name>.debug_line</name>
         <load_address>0x2d37</load_address>
         <run_address>0x2d37</run_address>
         <size>0x74</size>
         <input_file_ref idref="fl-1d"/>
      </object_component>
      <object_component id="oc-88">
         <name>.debug_line</name>
         <load_address>0x2dab</load_address>
         <run_address>0x2dab</run_address>
         <size>0x12c</size>
         <input_file_ref idref="fl-1d"/>
      </object_component>
      <object_component id="oc-143">
         <name>.debug_line</name>
         <load_address>0x2ed7</load_address>
         <run_address>0x2ed7</run_address>
         <size>0x6b</size>
         <input_file_ref idref="fl-54"/>
      </object_component>
      <object_component id="oc-146">
         <name>.debug_line</name>
         <load_address>0x2f42</load_address>
         <run_address>0x2f42</run_address>
         <size>0x92</size>
         <input_file_ref idref="fl-137"/>
      </object_component>
      <object_component id="oc-51">
         <name>.debug_line</name>
         <load_address>0x2fd4</load_address>
         <run_address>0x2fd4</run_address>
         <size>0x4c</size>
         <input_file_ref idref="fl-137"/>
      </object_component>
      <object_component id="oc-c9">
         <name>.debug_line</name>
         <load_address>0x3020</load_address>
         <run_address>0x3020</run_address>
         <size>0x34</size>
         <input_file_ref idref="fl-137"/>
      </object_component>
      <object_component id="oc-c4">
         <name>.debug_line</name>
         <load_address>0x3054</load_address>
         <run_address>0x3054</run_address>
         <size>0x20</size>
         <input_file_ref idref="fl-138"/>
      </object_component>
      <object_component id="oc-1c">
         <name>.debug_line</name>
         <load_address>0x3074</load_address>
         <run_address>0x3074</run_address>
         <size>0x55</size>
         <input_file_ref idref="fl-138"/>
      </object_component>
      <object_component id="oc-4a">
         <name>.debug_line</name>
         <load_address>0x30c9</load_address>
         <run_address>0x30c9</run_address>
         <size>0x3a</size>
         <input_file_ref idref="fl-138"/>
      </object_component>
      <object_component id="oc-c1">
         <name>.debug_line</name>
         <load_address>0x3103</load_address>
         <run_address>0x3103</run_address>
         <size>0x92</size>
         <input_file_ref idref="fl-138"/>
      </object_component>
      <object_component id="oc-13f">
         <name>.debug_line</name>
         <load_address>0x3195</load_address>
         <run_address>0x3195</run_address>
         <size>0x20</size>
         <input_file_ref idref="fl-139"/>
      </object_component>
      <object_component id="oc-1a">
         <name>.debug_line</name>
         <load_address>0x31b5</load_address>
         <run_address>0x31b5</run_address>
         <size>0xa9</size>
         <input_file_ref idref="fl-139"/>
      </object_component>
      <object_component id="oc-3a">
         <name>.debug_line</name>
         <load_address>0x325e</load_address>
         <run_address>0x325e</run_address>
         <size>0x3a</size>
         <input_file_ref idref="fl-139"/>
      </object_component>
      <object_component id="oc-13c">
         <name>.debug_line</name>
         <load_address>0x3298</load_address>
         <run_address>0x3298</run_address>
         <size>0x9a</size>
         <input_file_ref idref="fl-139"/>
      </object_component>
      <object_component id="oc-ba">
         <name>.debug_line</name>
         <load_address>0x3332</load_address>
         <run_address>0x3332</run_address>
         <size>0x96</size>
         <input_file_ref idref="fl-139"/>
      </object_component>
      <object_component id="oc-72">
         <name>.debug_line</name>
         <load_address>0x33c8</load_address>
         <run_address>0x33c8</run_address>
         <size>0x33</size>
         <input_file_ref idref="fl-13b"/>
      </object_component>
      <object_component id="oc-64">
         <name>.debug_line</name>
         <load_address>0x33fb</load_address>
         <run_address>0x33fb</run_address>
         <size>0x45</size>
         <input_file_ref idref="fl-13b"/>
      </object_component>
      <object_component id="oc-42">
         <name>.debug_line</name>
         <load_address>0x3440</load_address>
         <run_address>0x3440</run_address>
         <size>0x88</size>
         <input_file_ref idref="fl-13e"/>
      </object_component>
      <object_component id="oc-1e7">
         <name>.debug_line</name>
         <load_address>0x34c8</load_address>
         <run_address>0x34c8</run_address>
         <size>0xbf</size>
         <input_file_ref idref="fl-13f"/>
      </object_component>
      <object_component id="oc-15a">
         <name>.debug_line</name>
         <load_address>0x3587</load_address>
         <run_address>0x3587</run_address>
         <size>0x6f</size>
         <input_file_ref idref="fl-13f"/>
      </object_component>
      <object_component id="oc-1eb">
         <name>.debug_line</name>
         <load_address>0x35f6</load_address>
         <run_address>0x35f6</run_address>
         <size>0x2e</size>
         <input_file_ref idref="fl-13f"/>
      </object_component>
      <object_component id="oc-1ff">
         <name>.debug_line</name>
         <load_address>0x3624</load_address>
         <run_address>0x3624</run_address>
         <size>0x9a</size>
         <input_file_ref idref="fl-13f"/>
      </object_component>
      <object_component id="oc-1f0">
         <name>.debug_line</name>
         <load_address>0x36be</load_address>
         <run_address>0x36be</run_address>
         <size>0x97</size>
         <input_file_ref idref="fl-13f"/>
      </object_component>
      <object_component id="oc-1f5">
         <name>.debug_line</name>
         <load_address>0x3755</load_address>
         <run_address>0x3755</run_address>
         <size>0x93</size>
         <input_file_ref idref="fl-13f"/>
      </object_component>
      <object_component id="oc-d6">
         <name>.debug_line</name>
         <load_address>0x37e8</load_address>
         <run_address>0x37e8</run_address>
         <size>0x40</size>
         <input_file_ref idref="fl-140"/>
      </object_component>
      <object_component id="oc-14a">
         <name>.debug_line</name>
         <load_address>0x3828</load_address>
         <run_address>0x3828</run_address>
         <size>0x3c</size>
         <input_file_ref idref="fl-142"/>
      </object_component>
      <object_component id="oc-32">
         <name>.debug_frame</name>
         <load_address>0x0</load_address>
         <run_address>0x0</run_address>
         <size>0x1c8</size>
         <input_file_ref idref="fl-2"/>
      </object_component>
      <object_component id="oc-28">
         <name>.debug_frame</name>
         <load_address>0x1c8</load_address>
         <run_address>0x1c8</run_address>
         <size>0x90</size>
         <input_file_ref idref="fl-3"/>
      </object_component>
      <object_component id="oc-80">
         <name>.debug_frame</name>
         <load_address>0x258</load_address>
         <run_address>0x258</run_address>
         <size>0x41c</size>
         <input_file_ref idref="fl-4"/>
      </object_component>
      <object_component id="oc-91">
         <name>.debug_frame</name>
         <load_address>0x674</load_address>
         <run_address>0x674</run_address>
         <size>0x268</size>
         <input_file_ref idref="fl-6"/>
      </object_component>
      <object_component id="oc-eb">
         <name>.debug_frame</name>
         <load_address>0x8dc</load_address>
         <run_address>0x8dc</run_address>
         <size>0xbc</size>
         <input_file_ref idref="fl-8"/>
      </object_component>
      <object_component id="oc-82">
         <name>.debug_frame</name>
         <load_address>0x998</load_address>
         <run_address>0x998</run_address>
         <size>0x580</size>
         <input_file_ref idref="fl-10"/>
      </object_component>
      <object_component id="oc-9b">
         <name>.debug_frame</name>
         <load_address>0xf18</load_address>
         <run_address>0xf18</run_address>
         <size>0x1d4</size>
         <input_file_ref idref="fl-13"/>
      </object_component>
      <object_component id="oc-78">
         <name>.debug_frame</name>
         <load_address>0x10ec</load_address>
         <run_address>0x10ec</run_address>
         <size>0x538</size>
         <input_file_ref idref="fl-1b"/>
      </object_component>
      <object_component id="oc-89">
         <name>.debug_frame</name>
         <load_address>0x1624</load_address>
         <run_address>0x1624</run_address>
         <size>0x100</size>
         <input_file_ref idref="fl-1d"/>
      </object_component>
      <object_component id="oc-52">
         <name>.debug_frame</name>
         <load_address>0x1724</load_address>
         <run_address>0x1724</run_address>
         <size>0x54</size>
         <input_file_ref idref="fl-137"/>
      </object_component>
      <object_component id="oc-20">
         <name>.debug_frame</name>
         <load_address>0x1778</load_address>
         <run_address>0x1778</run_address>
         <size>0x54</size>
         <input_file_ref idref="fl-138"/>
      </object_component>
      <object_component id="oc-19">
         <name>.debug_frame</name>
         <load_address>0x17cc</load_address>
         <run_address>0x17cc</run_address>
         <size>0x60</size>
         <input_file_ref idref="fl-139"/>
      </object_component>
      <object_component id="oc-60">
         <name>.debug_frame</name>
         <load_address>0x182c</load_address>
         <run_address>0x182c</run_address>
         <size>0x50</size>
         <input_file_ref idref="fl-13b"/>
      </object_component>
      <object_component id="oc-159">
         <name>.debug_frame</name>
         <load_address>0x187c</load_address>
         <run_address>0x187c</run_address>
         <size>0x5c</size>
         <input_file_ref idref="fl-13f"/>
      </object_component>
      <object_component id="oc-d7">
         <name>.debug_frame</name>
         <load_address>0x18d8</load_address>
         <run_address>0x18d8</run_address>
         <size>0x54</size>
         <input_file_ref idref="fl-140"/>
      </object_component>
      <object_component id="oc-14e">
         <name>.debug_frame</name>
         <load_address>0x192c</load_address>
         <run_address>0x192c</run_address>
         <size>0x54</size>
         <input_file_ref idref="fl-142"/>
      </object_component>
      <object_component id="oc-12d">
         <name>.debug_abbrev</name>
         <load_address>0x0</load_address>
         <run_address>0x0</run_address>
         <size>0x10f</size>
         <input_file_ref idref="fl-2"/>
      </object_component>
      <object_component id="oc-114">
         <name>.debug_abbrev</name>
         <load_address>0x10f</load_address>
         <run_address>0x10f</run_address>
         <size>0x29</size>
         <input_file_ref idref="fl-2"/>
      </object_component>
      <object_component id="oc-a0">
         <name>.debug_abbrev</name>
         <load_address>0x138</load_address>
         <run_address>0x138</run_address>
         <size>0x132</size>
         <input_file_ref idref="fl-2"/>
      </object_component>
      <object_component id="oc-ad">
         <name>.debug_abbrev</name>
         <load_address>0x26a</load_address>
         <run_address>0x26a</run_address>
         <size>0x96</size>
         <input_file_ref idref="fl-2"/>
      </object_component>
      <object_component id="oc-131">
         <name>.debug_abbrev</name>
         <load_address>0x300</load_address>
         <run_address>0x300</run_address>
         <size>0x49</size>
         <input_file_ref idref="fl-2"/>
      </object_component>
      <object_component id="oc-b4">
         <name>.debug_abbrev</name>
         <load_address>0x349</load_address>
         <run_address>0x349</run_address>
         <size>0x69</size>
         <input_file_ref idref="fl-2"/>
      </object_component>
      <object_component id="oc-a3">
         <name>.debug_abbrev</name>
         <load_address>0x3b2</load_address>
         <run_address>0x3b2</run_address>
         <size>0x1f</size>
         <input_file_ref idref="fl-2"/>
      </object_component>
      <object_component id="oc-136">
         <name>.debug_abbrev</name>
         <load_address>0x3d1</load_address>
         <run_address>0x3d1</run_address>
         <size>0x5c</size>
         <input_file_ref idref="fl-2"/>
      </object_component>
      <object_component id="oc-f9">
         <name>.debug_abbrev</name>
         <load_address>0x42d</load_address>
         <run_address>0x42d</run_address>
         <size>0x24</size>
         <input_file_ref idref="fl-2"/>
      </object_component>
      <object_component id="oc-a8">
         <name>.debug_abbrev</name>
         <load_address>0x451</load_address>
         <run_address>0x451</run_address>
         <size>0x24</size>
         <input_file_ref idref="fl-2"/>
      </object_component>
      <object_component id="oc-b0">
         <name>.debug_abbrev</name>
         <load_address>0x475</load_address>
         <run_address>0x475</run_address>
         <size>0x7c</size>
         <input_file_ref idref="fl-3"/>
      </object_component>
      <object_component id="oc-33">
         <name>.debug_abbrev</name>
         <load_address>0x4f1</load_address>
         <run_address>0x4f1</run_address>
         <size>0x29</size>
         <input_file_ref idref="fl-3"/>
      </object_component>
      <object_component id="oc-73">
         <name>.debug_abbrev</name>
         <load_address>0x51a</load_address>
         <run_address>0x51a</run_address>
         <size>0x79</size>
         <input_file_ref idref="fl-3"/>
      </object_component>
      <object_component id="oc-3e">
         <name>.debug_abbrev</name>
         <load_address>0x593</load_address>
         <run_address>0x593</run_address>
         <size>0x1f</size>
         <input_file_ref idref="fl-3"/>
      </object_component>
      <object_component id="oc-198">
         <name>.debug_abbrev</name>
         <load_address>0x5b2</load_address>
         <run_address>0x5b2</run_address>
         <size>0x6f</size>
         <input_file_ref idref="fl-4"/>
      </object_component>
      <object_component id="oc-196">
         <name>.debug_abbrev</name>
         <load_address>0x621</load_address>
         <run_address>0x621</run_address>
         <size>0x27</size>
         <input_file_ref idref="fl-4"/>
      </object_component>
      <object_component id="oc-100">
         <name>.debug_abbrev</name>
         <load_address>0x648</load_address>
         <run_address>0x648</run_address>
         <size>0x103</size>
         <input_file_ref idref="fl-4"/>
      </object_component>
      <object_component id="oc-1a6">
[...]
         <value>0x18a7</value>
         <object_component_ref idref="oc-81"/>
      </symbol>
      <symbol id="sm-304">
         <name>GPIOPinTypeLEDSeq</name>
         <value>0x1b7b</value>
         <object_component_ref idref="oc-81"/>
      </symbol>
      <symbol id="sm-305">
         <name>GPIOPinTypeLPC</name>
         <value>0x197f</value>
         <object_component_ref idref="oc-81"/>
      </symbol>
      <symbol id="sm-306">
         <name>GPIOIntUnregister</name>
         <value>0x1759</value>
         <object_component_ref idref="oc-81"/>
      </symbol>
      <symbol id="sm-307">
         <name>GPIOPinTypeComparator</name>
         <value>0x17f3</value>
         <object_component_ref idref="oc-81"/>
      </symbol>
      <symbol id="sm-308">
         <name>GPIOPadConfigGet</name>
         <value>0x157f</value>
         <object_component_ref idref="oc-81"/>
      </symbol>
      <symbol id="sm-309">
         <name>GPIOPinTypeKBRow</name>
         <value>0x1b33</value>
         <object_component_ref idref="oc-81"/>
      </symbol>
      <symbol id="sm-30a">
         <name>GPIOIntClear</name>
         <value>0x1727</value>
         <object_component_ref idref="oc-81"/>
      </symbol>
      <symbol id="sm-30b">
         <name>GPIOADCTriggerEnable</name>
         <value>0x1c6d</value>
         <object_component_ref idref="oc-81"/>
      </symbol>
      <symbol id="sm-30c">
         <name>GPIOADCTriggerDisable</name>
         <value>0x1c8b</value>
         <object_component_ref idref="oc-81"/>
      </symbol>
      <symbol id="sm-30d">
         <name>GPIOPinTypeUART</name>
         <value>0x1a7b</value>
         <object_component_ref idref="oc-81"/>
      </symbol>
      <symbol id="sm-30e">
         <name>GPIOIntStatus</name>
         <value>0x1705</value>
         <object_component_ref idref="oc-81"/>
      </symbol>
      <symbol id="sm-30f">
         <name>GPIOPinTypeGPIOOutput</name>
         <value>0x18cb</value>
         <object_component_ref idref="oc-81"/>
      </symbol>
      <symbol id="sm-310">
         <name>GPIOIntTypeGet</name>
         <value>0x12af</value>
         <object_component_ref idref="oc-81"/>
      </symbol>
      <symbol id="sm-311">
         <name>GPIOPinRead</name>
         <value>0x1773</value>
         <object_component_ref idref="oc-81"/>
      </symbol>
      <symbol id="sm-312">
         <name>GPIODirModeSet</name>
         <value>0x1163</value>
         <object_component_ref idref="oc-81"/>
      </symbol>
      <symbol id="sm-313">
         <name>GPIOPinTypeCIR</name>
         <value>0x1b9f</value>
         <object_component_ref idref="oc-81"/>
      </symbol>
      <symbol id="sm-314">
         <name>GPIOPinTypeFan</name>
         <value>0x1883</value>
         <object_component_ref idref="oc-81"/>
      </symbol>
      <symbol id="sm-315">
         <name>GPIOPinTypeQEI</name>
         <value>0x1a0f</value>
         <object_component_ref idref="oc-81"/>
      </symbol>
      <symbol id="sm-316">
         <name>GPIODMATriggerEnable</name>
         <value>0x1c31</value>
         <object_component_ref idref="oc-81"/>
      </symbol>
      <symbol id="sm-317">
         <name>GPIOPinTypeEthernetMII</name>
         <value>0x185f</value>
         <object_component_ref idref="oc-81"/>
      </symbol>
      <symbol id="sm-318">
         <name>GPIOPinWrite</name>
         <value>0x178b</value>
         <object_component_ref idref="oc-81"/>
      </symbol>
      <symbol id="sm-319">
         <name>GPIOPadConfigSet</name>
         <value>0x1345</value>
         <object_component_ref idref="oc-81"/>
      </symbol>
      <symbol id="sm-31a">
         <name>GPIOPinTypeLCD</name>
         <value>0x195b</value>
         <object_component_ref idref="oc-81"/>
      </symbol>
      <symbol id="sm-31b">
         <name>GPIOPinTypeSSI</name>
         <value>0x1a33</value>
         <object_component_ref idref="oc-81"/>
      </symbol>
      <symbol id="sm-31c">
         <name>GPIOPinTypeTimer</name>
         <value>0x1a57</value>
         <object_component_ref idref="oc-81"/>
      </symbol>
      <symbol id="sm-31d">
         <name>GPIOPinTypeCAN</name>
         <value>0x17cf</value>
         <object_component_ref idref="oc-81"/>
      </symbol>
      <symbol id="sm-31e">
         <name>GPIOPinTypePECITx</name>
         <value>0x19c7</value>
         <object_component_ref idref="oc-81"/>
      </symbol>
      <symbol id="sm-31f">
         <name>GPIOPinTypePECIRx</name>
         <value>0x19a3</value>
         <object_component_ref idref="oc-81"/>
      </symbol>
      <symbol id="sm-320">
         <name>GPIOPinTypeEPI</name>
         <value>0x1817</value>
         <object_component_ref idref="oc-81"/>
      </symbol>
      <symbol id="sm-321">
         <name>GPIOPinTypeEthernetLED</name>
         <value>0x183b</value>
         <object_component_ref idref="oc-81"/>
      </symbol>
      <symbol id="sm-322">
         <name>GPIOPinWakeStatus</name>
         <value>0x1bc3</value>
         <object_component_ref idref="oc-81"/>
      </symbol>
      <symbol id="sm-3a1">
         <name>IntPendClear</name>
         <value>0x382d</value>
         <object_component_ref idref="oc-96"/>
      </symbol>
      <symbol id="sm-3a2">
         <name>IntPriorityGroupingGet</name>
         <value>0x35a7</value>
         <object_component_ref idref="oc-96"/>
      </symbol>
      <symbol id="sm-3a3">
         <name>IntPrioritySet</name>
         <value>0x35df</value>
         <object_component_ref idref="oc-96"/>
      </symbol>
      <symbol id="sm-3a4">
         <name>IntIsEnabled</name>
         <value>0x3737</value>
         <object_component_ref idref="oc-96"/>
      </symbol>
      <symbol id="sm-3a5">
         <name>IntEnable</name>
         <value>0x3653</value>
         <object_component_ref idref="oc-96"/>
      </symbol>
      <symbol id="sm-3a6">
         <name>IntTrigger</name>
         <value>0x388f</value>
         <object_component_ref idref="oc-96"/>
      </symbol>
      <symbol id="sm-3a7">
         <name>IntPriorityMaskSet</name>
         <value>0x387b</value>
         <object_component_ref idref="oc-96"/>
      </symbol>
      <symbol id="sm-3a8">
         <name>IntPriorityGroupingSet</name>
         <value>0x358d</value>
         <object_component_ref idref="oc-96"/>
      </symbol>
      <symbol id="sm-3a9">
         <name>IntDisable</name>
         <value>0x36c5</value>
         <object_component_ref idref="oc-96"/>
      </symbol>
      <symbol id="sm-3aa">
         <name>IntRegister</name>
         <value>0x3527</value>
         <object_component_ref idref="oc-96"/>
      </symbol>
      <symbol id="sm-3ab">
         <name>IntPriorityGet</name>
         <value>0x362f</value>
         <object_component_ref idref="oc-96"/>
      </symbol>
      <symbol id="sm-3ac">
         <name>IntMasterDisable</name>
         <value>0x3517</value>
         <object_component_ref idref="oc-96"/>
      </symbol>
      <symbol id="sm-3ad">
         <name>IntUnregister</name>
         <value>0x3579</value>
         <object_component_ref idref="oc-96"/>
      </symbol>
      <symbol id="sm-3ae">
         <name>IntPriorityMaskGet</name>
         <value>0x3887</value>
         <object_component_ref idref="oc-96"/>
      </symbol>
      <symbol id="sm-3af">
         <name>g_pfnRAMVectors</name>
         <value>0x20000000</value>
         <object_component_ref idref="oc-116"/>
      </symbol>
      <symbol id="sm-3b0">
         <name>IntMasterEnable</name>
         <value>0x3507</value>
         <object_component_ref idref="oc-96"/>
      </symbol>
      <symbol id="sm-3b1">
         <name>IntPendSet</name>
         <value>0x37bd</value>
         <object_component_ref idref="oc-96"/>
      </symbol>
      <symbol id="sm-4dc">
         <name>SysCtlGPIOAHBEnable</name>
         <value>0xff1</value>
         <object_component_ref idref="oc-74"/>
      </symbol>
      <symbol id="sm-4dd">
         <name>SysCtlIntRegister</name>
         <value>0x6f5</value>
         <object_component_ref idref="oc-74"/>
      </symbol>
      <symbol id="sm-4de">
         <name>SysCtlFlashSizeGet</name>
         <value>0x337</value>
         <object_component_ref idref="oc-74"/>
      </symbol>
      <symbol id="sm-4df">
         <name>SysCtlPeripheralDeepSleepEnable</name>
         <value>0x609</value>
         <object_component_ref idref="oc-74"/>
      </symbol>
      <symbol id="sm-4e0">
         <name>SysCtlFlashSectorSizeGet</name>
         <value>0x363</value>
         <object_component_ref idref="oc-74"/>
      </symbol>
      <symbol id="sm-4e1">
         <name>SysCtlIntDisable</name>
         <value>0x731</value>
         <object_component_ref idref="oc-74"/>
      </symbol>
      <symbol id="sm-4e2">
         <name>SysCtlResetBehaviorGet</name>
         <value>0x831</value>
         <object_component_ref idref="oc-74"/>
      </symbol>
      <symbol id="sm-4e3">
         <name>SysCtlPeripheralPresent</name>
         <value>0x389</value>
         <object_component_ref idref="oc-74"/>
      </symbol>
      <symbol id="sm-4e4">
         <name>SysCtlADCSpeedGet</name>
         <value>0xfe3</value>
         <object_component_ref idref="oc-74"/>
      </symbol>
      <symbol id="sm-4e5">
         <name>SysCtlDeepSleepClockSet</name>
         <value>0xeb1</value>
         <object_component_ref idref="oc-74"/>
      </symbol>
      <symbol id="sm-4e6">
         <name>SysCtlClockSet</name>
         <value>0xb95</value>
         <object_component_ref idref="oc-74"/>
      </symbol>
      <symbol id="sm-4e7">
         <name>SysCtlAltClkConfig</name>
         <value>0x10b1</value>
         <object_component_ref idref="oc-74"/>
      </symbol>
      <symbol id="sm-4e8">
         <name>SysCtlPeripheralClockGating</name>
         <value>0x6a1</value>
         <object_component_ref idref="oc-74"/>
      </symbol>
      <symbol id="sm-4e9">
         <name>SysCtlIntStatus</name>
         <value>0x759</value>
         <object_component_ref idref="oc-74"/>
      </symbol>
      <symbol id="sm-4ea">
         <name>SysCtlIntClear</name>
         <value>0x749</value>
         <object_component_ref idref="oc-74"/>
      </symbol>
      <symbol id="sm-4eb">
         <name>SysCtlVoltageEventStatus</name>
         <value>0x1051</value>
         <object_component_ref idref="oc-74"/>
      </symbol>
      <symbol id="sm-4ec">
         <name>SysCtlVoltageEventConfig</name>
         <value>0x1041</value>
         <object_component_ref idref="oc-74"/>
      </symbol>
      <symbol id="sm-4ed">
         <name>SysCtlResetCauseGet</name>
         <value>0x7a1</value>
         <object_component_ref idref="oc-74"/>
      </symbol>
      <symbol id="sm-4ee">
         <name>SysCtlSleep</name>
         <value>0x77d</value>
         <object_component_ref idref="oc-74"/>
      </symbol>
      <symbol id="sm-4ef">
         <name>SysCtlPWMClockGet</name>
         <value>0xf9f</value>
         <object_component_ref idref="oc-74"/>
      </symbol>
      <symbol id="sm-4f0">
         <name>SysCtlClockOutConfig</name>
         <value>0x1095</value>
         <object_component_ref idref="oc-74"/>
      </symbol>
      <symbol id="sm-4f1">
         <name>SysCtlNMIStatus</name>
         <value>0x1075</value>
         <object_component_ref idref="oc-74"/>
      </symbol>
      <symbol id="sm-4f2">
         <name>SysCtlDeepSleepClockConfigSet</name>
         <value>0xecd</value>
         <object_component_ref idref="oc-74"/>
      </symbol>
      <symbol id="sm-4f3">
         <name>SysCtlDelay</name>
         <value>0x3b3f</value>
         <object_component_ref idref="oc-7a"/>
      </symbol>
      <symbol id="sm-4f4">
         <name>SysCtlVoltageEventClear</name>
         <value>0x105d</value>
         <object_component_ref idref="oc-74"/>
      </symbol>
      <symbol id="sm-4f5">
         <name>SysCtlMOSCConfigSet</name>
         <value>0x7c1</value>
         <object_component_ref idref="oc-74"/>
      </symbol>
      <symbol id="sm-4f6">
         <name>SysCtlPeripheralEnable</name>
         <value>0x509</value>
         <object_component_ref idref="oc-74"/>
      </symbol>
      <symbol id="sm-4f7">
         <name>SysCtlIntEnable</name>
         <value>0x71d</value>
         <object_component_ref idref="oc-74"/>
      </symbol>
      <symbol id="sm-4f8">
         <name>SysCtlNMIClear</name>
         <value>0x1081</value>
         <object_component_ref idref="oc-74"/>
      </symbol>
      <symbol id="sm-4f9">
         <name>SysCtlPeripheralPowerOff</name>
         <value>0x445</value>
         <object_component_ref idref="oc-74"/>
      </symbol>
      <symbol id="sm-4fa">
         <name>SysCtlDeepSleep</name>
         <value>0x785</value>
         <object_component_ref idref="oc-74"/>
      </symbol>
      <symbol id="sm-4fb">
         <name>SysCtlPeripheralPowerOn</name>
         <value>0x409</value>
         <object_component_ref idref="oc-74"/>
      </symbol>
      <symbol id="sm-4fc">
         <name>SysCtlPeripheralDeepSleepDisable</name>
         <value>0x659</value>
         <object_component_ref idref="oc-74"/>
      </symbol>
      <symbol id="sm-4fd">
         <name>SysCtlPeripheralSleepDisable</name>
         <value>0x5cd</value>
         <object_component_ref idref="oc-74"/>
      </symbol>
      <symbol id="sm-4fe">
         <name>SysCtlResetBehaviorSet</name>
         <value>0x821</value>
         <object_component_ref idref="oc-74"/>
      </symbol>
      <symbol id="sm-4ff">
         <name>SysCtlReset</name>
         <value>0x775</value>
         <object_component_ref idref="oc-74"/>
      </symbol>
      <symbol id="sm-500">
         <name>SysCtlGPIOAHBDisable</name>
         <value>0x100d</value>
         <object_component_ref idref="oc-74"/>
      </symbol>
      <symbol id="sm-501">
         <name>SysCtlADCSpeedSet</name>
         <value>0xfb9</value>
         <object_component_ref idref="oc-74"/>
      </symbol>
      <symbol id="sm-502">
         <name>SysCtlSRAMSizeGet</name>
         <value>0x32d</value>
         <object_component_ref idref="oc-74"/>
      </symbol>
      <symbol id="sm-503">
         <name>SysCtlClockGet</name>
         <value>0xd65</value>
         <object_component_ref idref="oc-74"/>
      </symbol>
      <symbol id="sm-504">
         <name>SysCtlPeripheralDisable</name>
         <value>0x545</value>
         <object_component_ref idref="oc-74"/>
      </symbol>
      <symbol id="sm-505">
         <name>SysCtlPWMClockSet</name>
         <value>0xf85</value>
         <object_component_ref idref="oc-74"/>
      </symbol>
      <symbol id="sm-506">
         <name>SysCtlUSBPLLEnable</name>
         <value>0x1029</value>
         <object_component_ref idref="oc-74"/>
      </symbol>
      <symbol id="sm-507">
         <name>SysCtlPeripheralSleepEnable</name>
         <value>0x589</value>
         <object_component_ref idref="oc-74"/>
      </symbol>
      <symbol id="sm-508">
         <name>SysCtlIntUnregister</name>
         <value>0x70d</value>
         <object_component_ref idref="oc-74"/>
      </symbol>
      <symbol id="sm-509">
         <name>SysCtlUSBPLLDisable</name>
         <value>0x1035</value>
         <object_component_ref idref="oc-74"/>
      </symbol>
      <symbol id="sm-50a">
         <name>SysCtlPeripheralReady</name>
         <value>0x3c9</value>
         <object_component_ref idref="oc-74"/>
      </symbol>
      <symbol id="sm-50b">
         <name>SysCtlPIOSCCalibrate</name>
         <value>0x7d1</value>
         <object_component_ref idref="oc-74"/>
      </symbol>
      <symbol id="sm-50c">
         <name>SysCtlResetCauseClear</name>
         <value>0x7a7</value>
         <object_component_ref idref="oc-74"/>
      </symbol>
      <symbol id="sm-50d">
         <name>SysCtlClockFreqSet</name>
         <value>0x875</value>
         <object_component_ref idref="oc-74"/>
      </symbol>
      <symbol id="sm-50e">
         <name>SysCtlPeripheralReset</name>
         <value>0x481</value>
         <object_component_ref idref="oc-74"/>
      </symbol>
      <symbol id="sm-528">
         <name>SysTickIntDisable</name>
         <value>0x39b1</value>
         <object_component_ref idref="oc-87"/>
      </symbol>
      <symbol id="sm-529">
         <name>SysTickEnable</name>
         <value>0x3961</value>
         <object_component_ref idref="oc-87"/>
      </symbol>
      <symbol id="sm-52a">
         <name>SysTickPeriodGet</name>
         <value>0x39cf</value>
         <object_component_ref idref="oc-87"/>
      </symbol>
      <symbol id="sm-52b">
         <name>SysTickIntRegister</name>
         <value>0x3979</value>
         <object_component_ref idref="oc-87"/>
      </symbol>
      <symbol id="sm-52c">
         <name>SysTickIntEnable</name>
         <value>0x39a5</value>
         <object_component_ref idref="oc-87"/>
      </symbol>
      <symbol id="sm-52d">
         <name>SysTickValueGet</name>
         <value>0x39d7</value>
         <object_component_ref idref="oc-87"/>
      </symbol>
      <symbol id="sm-52e">
         <name>SysTickIntUnregister</name>
         <value>0x3991</value>
         <object_component_ref idref="oc-87"/>
      </symbol>
      <symbol id="sm-52f">
         <name>SysTickPeriodSet</name>
         <value>0x39bd</value>
         <object_component_ref idref="oc-87"/>
      </symbol>
      <symbol id="sm-530">
         <name>SysTickDisable</name>
         <value>0x396d</value>
         <object_component_ref idref="oc-87"/>
      </symbol>
      <symbol id="sm-59d">
         <name>__TI_zero_init_nomemset</name>
         <value>0x3b09</value>
         <object_component_ref idref="oc-4d"/>
      </symbol>
      <symbol id="sm-5b4">
         <name>__TI_decompress_none</name>
         <value>0x3b25</value>
         <object_component_ref idref="oc-1b"/>
      </symbol>
      <symbol id="sm-5d7">
         <name>__TI_decompress_lzss</name>
         <value>0x39e9</value>
         <object_component_ref idref="oc-15"/>
      </symbol>
      <symbol id="sm-5eb">
         <name>__stack</name>
         <value>0x20000270</value>
         <object_component_ref idref="oc-24"/>
      </symbol>
      <symbol id="sm-5ec">
         <name>_c_int00_noargs</name>
         <value>0x3ad5</value>
         <object_component_ref idref="oc-5f"/>
      </symbol>
      <symbol id="sm-609">
         <name>memcpy</name>
         <value>0x38c5</value>
         <object_component_ref idref="oc-41"/>
      </symbol>
      <symbol id="sm-60a">
         <name>__aeabi_memcpy</name>
         <value>0x38c5</value>
         <object_component_ref idref="oc-41"/>
      </symbol>
      <symbol id="sm-60b">
         <name>__aeabi_memcpy8</name>
         <value>0x38c5</value>
         <object_component_ref idref="oc-41"/>
      </symbol>
      <symbol id="sm-60c">
         <name>__aeabi_memcpy4</name>
         <value>0x38c5</value>
         <object_component_ref idref="oc-41"/>
      </symbol>
      <symbol id="sm-634">
         <name>__TI_auto_init_nobinit_nopinit</name>
         <value>0x3a51</value>
         <object_component_ref idref="oc-155"/>
      </symbol>
      <symbol id="sm-63e">
         <name>_system_pre_init</name>
         <value>0x3b45</value>
         <object_component_ref idref="oc-d2"/>
      </symbol>
      <symbol id="sm-64a">
         <name>C$$EXIT</name>
         <value>0x3b49</value>
         <object_component_ref idref="oc-149"/>
      </symbol>
      <symbol id="sm-64b">
         <name>abort</name>
         <value>0x3b49</value>
         <object_component_ref idref="oc-149"/>
      </symbol>
      <symbol id="sm-64e">
         <name>__TI_static_base__</name>
         <value>0x0</value>
      </symbol>
      <symbol id="sm-651">
         <name>__mpu_init</name>
         <value>0x0</value>
      </symbol>
      <symbol id="sm-652">
         <name>_system_post_cinit</name>
         <value>0x0</value>
      </symbol>
   </symbol_table>
   <title>Link successful</title>
</link_info>
