******************************************************************************
                  TI ARM Linker PC v20.2.7                     
******************************************************************************
>> Linked Tue May  6 13:00:24 2025

OUTPUT FILE NAME:   <Inkley_PressureSensor.out>
ENTRY POINT SYMBOL: "_c_int00_noargs"  address: 00003ad5


MEMORY CONFIGURATION

         name            origin    length      used     unused   attr    fill
----------------------  --------  ---------  --------  --------  ----  --------
  FLASH                 00000000   00020000  0000409c  0001bf64  R  X
  SRAM                  20000000   00008000  00000aa4  0000755c  RW X


SEGMENT ALLOCATION MAP

run origin  load origin   length   init length attrs members
----------  ----------- ---------- ----------- ----- -------
00000000    00000000    000040a0   000040a0    r-x
  00000000    00000000    0000026c   0000026c    r-- .intvecs
  0000026c    0000026c    000038e0   000038e0    r-x .text
  00003b4c    00003b4c    00000508   00000508    r-- .const
  00004058    00004058    00000048   00000048    r-- .cinit
20000000    20000000    00000aa8   00000000    rw-
  20000000    20000000    0000026c   00000000    rw- .vtable
  20000270    20000270    00000800   00000000    rw- .stack
  20000a70    20000a70    00000020   00000000    rw- .data
  20000a90    20000a90    00000018   00000000    rw- .bss


SECTION ALLOCATION MAP

 output                                  attributes/
section   page    origin      length       input sections
--------  ----  ----------  ----------   ----------------
.intvecs   0    00000000    0000026c     
                  00000000    0000026c     tm4c123ge6pm_startup_ccs.obj (.intvecs)

.text      0    0000026c    000038e0     
                  0000026c    00000e98     sysctl.obj (.text)
                  00001104    00000bac     gpio.obj (.text)
                  00001cb0    00000a28     can.obj (.text)
                  000026d8    0000071a     adc.obj (.text)
                  00002df2    00000002     --HOLE-- [fill = 0]
                  00002df4    00000710     main.obj (.text)
                  00003504    000003c0     interrupt.obj (.text)
                  000038c4    0000009c     rtsv7M4_T_le_v4SPD16_eabi.lib : memcpy_t2.asm.obj (.text)
                  00003960    00000088     systick.obj (.text)
                  000039e8    00000068     rtsv7M4_T_le_v4SPD16_eabi.lib : copy_decompress_lzss.c.obj (.text:decompress:lzss:__TI_decompress_lzss)
                  00003a50    00000044                                   : autoinit.c.obj (.text:__TI_auto_init_nobinit_nopinit:__TI_auto_init_nobinit_nopinit)
                  00003a94    0000003e     cpu.obj (.text)
                  00003ad2    00000002     --HOLE-- [fill = 0]
                  00003ad4    00000034     rtsv7M4_T_le_v4SPD16_eabi.lib : boot_cortex_m.c.obj (.text:_c_int00_noargs:_c_int00_noargs)
                  00003b08    0000001c                                   : copy_zero_init.c.obj (.text:decompress:ZI:__TI_zero_init_nomemset:__TI_zero_init_nomemset)
                  00003b24    0000000e                                   : copy_decompress_none.c.obj (.text:decompress:none:__TI_decompress_none)
                  00003b32    0000000c     tm4c123ge6pm_startup_ccs.obj (.text)
                  00003b3e    00000006     sysctl.obj (.text:SysCtlDelay)
                  00003b44    00000004     rtsv7M4_T_le_v4SPD16_eabi.lib : pre_init.c.obj (.text:_system_pre_init)
                  00003b48    00000004                                   : exit.c.obj (.text:abort:abort)

.const     0    00003b4c    00000508     
                  00003b4c    00000120     sysctl.obj (.const:g_pppui32XTALtoVCO)
                  00003c6c    000000c0     gpio.obj (.const:g_ppui32GPIOIntMapBlizzard)
                  00003d2c    000000c0     gpio.obj (.const:g_ppui32GPIOIntMapSnowflake)
                  00003dec    0000009c     interrupt.obj (.const:g_pui32Regs)
                  00003e88    00000090     gpio.obj (.const:g_pui32GPIOBaseAddrs)
                  00003f18    0000006c     sysctl.obj (.const:g_pui32Xtals)
                  00003f84    00000038     sysctl.obj (.const:g_sXTALtoMEMTIM)
                  00003fbc    00000020     interrupt.obj (.const:g_pui32Priority)
                  00003fdc    00000020     can.obj (.const:g_ui16CANBitValues)
                  00003ffc    00000014     interrupt.obj (.const:g_pui32Dii16Regs)
                  00004010    00000014     interrupt.obj (.const:g_pui32EnRegs)
                  00004024    00000014     interrupt.obj (.const:g_pui32PendRegs)
                  00004038    00000014     interrupt.obj (.const:g_pui32UnpendRegs)
                  0000404c    00000008     sysctl.obj (.const:g_pui32VCOFrequencies)

.cinit     0    00004058    00000048     
                  00004058    00000011     (.cinit..data.load) [load image, compression = lzss]
                  00004069    00000003     --HOLE-- [fill = 0]
                  0000406c    0000000c     (__TI_handler_table)
                  00004078    00000008     (.cinit..bss.load) [load image, compression = zero_init]
                  00004080    00000008     (.cinit..vtable.load) [load image, compression = zero_init]
                  00004088    00000018     (__TI_cinit_table)

.init_array 
*          0    00000000    00000000     UNINITIALIZED

.vtable    0    20000000    0000026c     UNINITIALIZED
                  20000000    0000026c     interrupt.obj (.vtable)

.data      0    20000a70    00000020     UNINITIALIZED
                  20000a70    00000020     main.obj (.data)

.bss       0    20000a90    00000018     UNINITIALIZED
                  20000a90    0000000c     (.common:CAN_RECV)
                  20000a9c    00000008     (.common:CAN_BUF)
                  20000aa4    00000004     adc.obj (.bss:g_pui8OversampleFactor)

.stack     0    20000270    00000800     UNINITIALIZED
                  20000270    00000004     rtsv7M4_T_le_v4SPD16_eabi.lib : boot_cortex_m.c.obj (.stack)
                  20000274    000007fc     --HOLE--

__llvm_prf_cnts 
*          0    20000000    00000000     UNINITIALIZED

MODULE SUMMARY

       Module                         code    ro data   rw data
       ------                         ----    -------   -------
    .\
       main.obj                       1808    0         52     
       tm4c123ge6pm_startup_ccs.obj   12      620       0      
    +--+------------------------------+-------+---------+---------+
       Total:                         1820    620       52     
                                                               
    .\driverlib\
       sysctl.obj                     3742    460       0      
       gpio.obj                       2988    528       0      
       can.obj                        2600    32        0      
       interrupt.obj                  960     268       620    
       adc.obj                        1818    0         4      
       systick.obj                    136     0         0      
       cpu.obj                        62      0         0      
    +--+------------------------------+-------+---------+---------+
       Total:                         12306   1288      624    
                                                               
    D:\ti\ccs1260\ccs\tools\compiler\ti-cgt-arm_20.2.7.LTS\lib\rtsv7M4_T_le_v4SPD16_eabi.lib
       memcpy_t2.asm.obj              156     0         0      
       copy_decompress_lzss.c.obj     104     0         0      
       autoinit.c.obj                 68      0         0      
       boot_cortex_m.c.obj            52      0         0      
       copy_zero_init.c.obj           28      0         0      
       copy_decompress_none.c.obj     14      0         0      
       exit.c.obj                     4       0         0      
       pre_init.c.obj                 4       0         0      
    +--+------------------------------+-------+---------+---------+
       Total:                         430     0         0      
                                                               
       Stack:                         0       0         2048   
       Linker Generated:              0       69        0      
    +--+------------------------------+-------+---------+---------+
       Grand Total:                   14556   1977      2724   


LINKER GENERATED COPY TABLES

__TI_cinit_table @ 00004088 records: 3, size/record: 8, table size: 24
	.data: load addr=00004058, load size=00000011 bytes, run addr=20000a70, run size=00000020 bytes, compression=lzss
	.bss: load addr=00004078, load size=00000008 bytes, run addr=20000a90, run size=00000018 bytes, compression=zero_init
	.vtable: load addr=00004080, load size=00000008 bytes, run addr=20000000, run size=0000026c bytes, compression=zero_init


LINKER GENERATED HANDLER TABLE

__TI_handler_table @ 0000406c records: 3, size/record: 4, table size: 12
	index: 0, handler: __TI_zero_init
	index: 1, handler: __TI_decompress_lzss
	index: 2, handler: __TI_decompress_none


GLOBAL SYMBOLS: SORTED ALPHABETICALLY BY Name 

address   name                              
-------   ----                              
00002dd5  ADCBusy                           
00002bed  ADCComparatorConfigure            
00002cbd  ADCComparatorIntClear             
00002c73  ADCComparatorIntDisable           
00002c91  ADCComparatorIntEnable            
00002caf  ADCComparatorIntStatus            
00002c09  ADCComparatorRegionSet            
00002c2d  ADCComparatorReset                
00002bbb  ADCHardwareOversampleConfigure    
00002813  ADCIntClear                       
00002d37  ADCIntClearEx                     
00002779  ADCIntDisable                     
00002ccf  ADCIntDisableEx                   
00002795  ADCIntEnable                      
00002ce7  ADCIntEnableEx                    
00002733  ADCIntRegister                    
000027bb  ADCIntStatus                      
00002d05  ADCIntStatusEx                    
0000275b  ADCIntUnregister                  
00002d8f  ADCPhaseDelayGet                  
00002d7d  ADCPhaseDelaySet                  
00002a31  ADCProcessorTrigger               
00002d6b  ADCReferenceGet                   
00002d4f  ADCReferenceSet                   
0000285d  ADCSequenceConfigure              
00002db9  ADCSequenceDMADisable             
00002d9d  ADCSequenceDMAEnable              
000029ef  ADCSequenceDataGet                
00002843  ADCSequenceDisable                
00002829  ADCSequenceEnable                 
0000297d  ADCSequenceOverflow               
000029a5  ADCSequenceOverflowClear          
000028ad  ADCSequenceStepConfigure          
000029c1  ADCSequenceUnderflow              
000029d9  ADCSequenceUnderflowClear         
00002a55  ADCSoftwareOversampleConfigure    
00002b4d  ADCSoftwareOversampleDataGet      
00002a8d  ADCSoftwareOversampleStepConfigure
20000a70  BuildVersion                      
00003b49  C$$EXIT                           
00001ec1  CANBitRateSet                     
00001e59  CANBitTimingGet                   
00001f8d  CANBitTimingSet                   
00001e45  CANDisable                        
00001e31  CANEnable                         
000021d7  CANErrCntrGet                     
00001db5  CANInit                           
000020c9  CANIntClear                       
00002069  CANIntDisable                     
00002053  CANIntEnable                      
0000201b  CANIntRegister                    
0000207f  CANIntStatus                      
00002039  CANIntUnregister                  
0000312b  CANListnerEX                      
000026a9  CANMessageClear                   
0000249f  CANMessageGet                     
0000220d  CANMessageSet                     
00002f61  CANPollCheck                      
00002135  CANRetryGet                       
00002103  CANRetrySet                       
00003067  CANSendINT                        
000030c9  CANSendMSG                        
00002151  CANStatusGet                      
20000a9c  CAN_BUF                           
20000a90  CAN_RECV                          
00003ac9  CPUbasepriGet                     
00003abb  CPUbasepriSet                     
00003a95  CPUcpsid                          
00003aab  CPUcpsie                          
00003aa1  CPUprimask                        
00003ab7  CPUwfi                            
00002df5  DelayMS                           
00001c8b  GPIOADCTriggerDisable             
00001c6d  GPIOADCTriggerEnable              
00001c4f  GPIODMATriggerDisable             
00001c31  GPIODMATriggerEnable              
000011bf  GPIODirModeGet                    
00001163  GPIODirModeSet                    
00001727  GPIOIntClear                      
000016eb  GPIOIntDisable                    
000016d1  GPIOIntEnable                     
0000173b  GPIOIntRegister                   
00001705  GPIOIntStatus                     
000012af  GPIOIntTypeGet                    
0000120b  GPIOIntTypeSet                    
00001759  GPIOIntUnregister                 
0000157f  GPIOPadConfigGet                  
00001345  GPIOPadConfigSet                  
00001bd3  GPIOPinConfigure                  
00001773  GPIOPinRead                       
000017ab  GPIOPinTypeADC                    
000017cf  GPIOPinTypeCAN                    
00001b9f  GPIOPinTypeCIR                    
000017f3  GPIOPinTypeComparator             
00001817  GPIOPinTypeEPI                    
0000183b  GPIOPinTypeEthernetLED            
0000185f  GPIOPinTypeEthernetMII            
00001883  GPIOPinTypeFan                    
000018a7  GPIOPinTypeGPIOInput              
000018cb  GPIOPinTypeGPIOOutput             
000018ef  GPIOPinTypeGPIOOutputOD           
00001913  GPIOPinTypeI2C                    
00001937  GPIOPinTypeI2CSCL                 
00001b57  GPIOPinTypeKBColumn               
00001b33  GPIOPinTypeKBRow                  
0000195b  GPIOPinTypeLCD                    
00001b7b  GPIOPinTypeLEDSeq                 
0000197f  GPIOPinTypeLPC                    
000019a3  GPIOPinTypePECIRx                 
000019c7  GPIOPinTypePECITx                 
000019eb  GPIOPinTypePWM                    
00001a0f  GPIOPinTypeQEI                    
00001a33  GPIOPinTypeSSI                    
00001a57  GPIOPinTypeTimer                  
00001a7b  GPIOPinTypeUART                   
00001a9f  GPIOPinTypeUSBAnalog              
00001ac3  GPIOPinTypeUSBDigital             
00001ae7  GPIOPinTypeWakeHigh               
00001b0d  GPIOPinTypeWakeLow                
00001bc3  GPIOPinWakeStatus                 
0000178b  GPIOPinWrite                      
20000a78  GlobalTimer                       
20000a7c  HeatbeatTrigger                   
00002f05  Init_ADC                          
00003161  Init_CAN                          
00002f45  Init_Systick                      
00002fb7  IntCAN0Handler                    
000036c5  IntDisable                        
00003653  IntEnable                         
00003737  IntIsEnabled                      
00003517  IntMasterDisable                  
00003507  IntMasterEnable                   
0000382d  IntPendClear                      
000037bd  IntPendSet                        
0000362f  IntPriorityGet                    
000035a7  IntPriorityGroupingGet            
0000358d  IntPriorityGroupingSet            
00003887  IntPriorityMaskGet                
0000387b  IntPriorityMaskSet                
000035df  IntPrioritySet                    
00003527  IntRegister                       
0000388f  IntTrigger                        
00003579  IntUnregister                     
00003b33  ResetISR                          
20000a88  StreamBufferIndex                 
20000a84  StreamBufferSize                  
20000a80  Streaming                         
20000a8c  StreamingMode                     
00000fe3  SysCtlADCSpeedGet                 
00000fb9  SysCtlADCSpeedSet                 
000010b1  SysCtlAltClkConfig                
00000875  SysCtlClockFreqSet                
00000d65  SysCtlClockGet                    
00001095  SysCtlClockOutConfig              
00000b95  SysCtlClockSet                    
00000785  SysCtlDeepSleep                   
00000ecd  SysCtlDeepSleepClockConfigSet     
00000eb1  SysCtlDeepSleepClockSet           
00003b3f  SysCtlDelay                       
00000363  SysCtlFlashSectorSizeGet          
00000337  SysCtlFlashSizeGet                
0000100d  SysCtlGPIOAHBDisable              
00000ff1  SysCtlGPIOAHBEnable               
00000749  SysCtlIntClear                    
00000731  SysCtlIntDisable                  
0000071d  SysCtlIntEnable                   
000006f5  SysCtlIntRegister                 
00000759  SysCtlIntStatus                   
0000070d  SysCtlIntUnregister               
000007c1  SysCtlMOSCConfigSet               
00001081  SysCtlNMIClear                    
00001075  SysCtlNMIStatus                   
000007d1  SysCtlPIOSCCalibrate              
00000f9f  SysCtlPWMClockGet                 
00000f85  SysCtlPWMClockSet                 
000006a1  SysCtlPeripheralClockGating       
00000659  SysCtlPeripheralDeepSleepDisable  
00000609  SysCtlPeripheralDeepSleepEnable   
00000545  SysCtlPeripheralDisable           
00000509  SysCtlPeripheralEnable            
00000445  SysCtlPeripheralPowerOff          
00000409  SysCtlPeripheralPowerOn           
00000389  SysCtlPeripheralPresent           
000003c9  SysCtlPeripheralReady             
00000481  SysCtlPeripheralReset             
000005cd  SysCtlPeripheralSleepDisable      
00000589  SysCtlPeripheralSleepEnable       
00000775  SysCtlReset                       
00000831  SysCtlResetBehaviorGet            
00000821  SysCtlResetBehaviorSet            
000007a7  SysCtlResetCauseClear             
000007a1  SysCtlResetCauseGet               
0000032d  SysCtlSRAMSizeGet                 
0000077d  SysCtlSleep                       
00001035  SysCtlUSBPLLDisable               
00001029  SysCtlUSBPLLEnable                
0000105d  SysCtlVoltageEventClear           
00001041  SysCtlVoltageEventConfig          
00001051  SysCtlVoltageEventStatus          
0000396d  SysTickDisable                    
00003961  SysTickEnable                     
000039b1  SysTickIntDisable                 
000039a5  SysTickIntEnable                  
00002e6f  SysTickIntHandler                 
00003979  SysTickIntRegister                
00003991  SysTickIntUnregister              
000039cf  SysTickPeriodGet                  
000039bd  SysTickPeriodSet                  
000039d7  SysTickValueGet                   
20000a74  TimeOutCounter                    
20000a70  __STACK_END                       
00000800  __STACK_SIZE                      
20000470  __STACK_TOP                       
00004088  __TI_CINIT_Base                   
000040a0  __TI_CINIT_Limit                  
0000406c  __TI_Handler_Table_Base           
00004078  __TI_Handler_Table_Limit          
00003a51  __TI_auto_init_nobinit_nopinit    
000039e9  __TI_decompress_lzss              
00003b25  __TI_decompress_none              
ffffffff  __TI_pprof_out_hndl               
ffffffff  __TI_prof_data_size               
ffffffff  __TI_prof_data_start              
00000000  __TI_static_base__                
00003b09  __TI_zero_init_nomemset           
000038c5  __aeabi_memcpy                    
000038c5  __aeabi_memcpy4                   
000038c5  __aeabi_memcpy8                   
ffffffff  __binit__                         
ffffffff  __c_args__                        
UNDEFED   __mpu_init                        
20000270  __stack                           
20000000  __start___llvm_prf_cnts           
20000000  __stop___llvm_prf_cnts            
00003ad5  _c_int00_noargs                   
UNDEFED   _system_post_cinit                
00003b45  _system_pre_init                  
00003b49  abort                             
ffffffff  binit                             
00002e53  bit_check                         
00002e11  bit_clear                         
00002e3d  bit_set                           
00002e27  bit_toggle                        
20000000  g_pfnRAMVectors                   
00000000  g_pfnVectors                      
000031fd  main                              
000038c5  memcpy                            


GLOBAL SYMBOLS: SORTED BY Symbol Address 

address   name                              
-------   ----                              
00000000  __TI_static_base__                
00000000  g_pfnVectors                      
0000032d  SysCtlSRAMSizeGet                 
00000337  SysCtlFlashSizeGet                
00000363  SysCtlFlashSectorSizeGet          
00000389  SysCtlPeripheralPresent           
000003c9  SysCtlPeripheralReady             
00000409  SysCtlPeripheralPowerOn           
00000445  SysCtlPeripheralPowerOff          
00000481  SysCtlPeripheralReset             
00000509  SysCtlPeripheralEnable            
00000545  SysCtlPeripheralDisable           
00000589  SysCtlPeripheralSleepEnable       
000005cd  SysCtlPeripheralSleepDisable      
00000609  SysCtlPeripheralDeepSleepEnable   
00000659  SysCtlPeripheralDeepSleepDisable  
000006a1  SysCtlPeripheralClockGating       
000006f5  SysCtlIntRegister                 
0000070d  SysCtlIntUnregister               
0000071d  SysCtlIntEnable                   
00000731  SysCtlIntDisable                  
00000749  SysCtlIntClear                    
00000759  SysCtlIntStatus                   
00000775  SysCtlReset                       
0000077d  SysCtlSleep                       
00000785  SysCtlDeepSleep                   
000007a1  SysCtlResetCauseGet               
000007a7  SysCtlResetCauseClear             
000007c1  SysCtlMOSCConfigSet               
000007d1  SysCtlPIOSCCalibrate              
00000800  __STACK_SIZE                      
00000821  SysCtlResetBehaviorSet            
00000831  SysCtlResetBehaviorGet            
00000875  SysCtlClockFreqSet                
00000b95  SysCtlClockSet                    
00000d65  SysCtlClockGet                    
00000eb1  SysCtlDeepSleepClockSet           
00000ecd  SysCtlDeepSleepClockConfigSet     
00000f85  SysCtlPWMClockSet                 
00000f9f  SysCtlPWMClockGet                 
00000fb9  SysCtlADCSpeedSet                 
00000fe3  SysCtlADCSpeedGet                 
00000ff1  SysCtlGPIOAHBEnable               
0000100d  SysCtlGPIOAHBDisable              
00001029  SysCtlUSBPLLEnable                
00001035  SysCtlUSBPLLDisable               
00001041  SysCtlVoltageEventConfig          
00001051  SysCtlVoltageEventStatus          
0000105d  SysCtlVoltageEventClear           
00001075  SysCtlNMIStatus                   
00001081  SysCtlNMIClear                    
00001095  SysCtlClockOutConfig              
000010b1  SysCtlAltClkConfig                
00001163  GPIODirModeSet                    
000011bf  GPIODirModeGet                    
0000120b  GPIOIntTypeSet                    
000012af  GPIOIntTypeGet                    
00001345  GPIOPadConfigSet                  
0000157f  GPIOPadConfigGet                  
000016d1  GPIOIntEnable                     
000016eb  GPIOIntDisable                    
00001705  GPIOIntStatus                     
00001727  GPIOIntClear                      
0000173b  GPIOIntRegister                   
00001759  GPIOIntUnregister                 
00001773  GPIOPinRead                       
0000178b  GPIOPinWrite                      
000017ab  GPIOPinTypeADC                    
000017cf  GPIOPinTypeCAN                    
000017f3  GPIOPinTypeComparator             
00001817  GPIOPinTypeEPI                    
0000183b  GPIOPinTypeEthernetLED            
0000185f  GPIOPinTypeEthernetMII            
00001883  GPIOPinTypeFan                    
000018a7  GPIOPinTypeGPIOInput              
000018cb  GPIOPinTypeGPIOOutput             
000018ef  GPIOPinTypeGPIOOutputOD           
00001913  GPIOPinTypeI2C                    
00001937  GPIOPinTypeI2CSCL                 
0000195b  GPIOPinTypeLCD                    
0000197f  GPIOPinTypeLPC                    
000019a3  GPIOPinTypePECIRx                 
000019c7  GPIOPinTypePECITx                 
000019eb  GPIOPinTypePWM                    
00001a0f  GPIOPinTypeQEI                    
00001a33  GPIOPinTypeSSI                    
00001a57  GPIOPinTypeTimer                  
00001a7b  GPIOPinTypeUART                   
00001a9f  GPIOPinTypeUSBAnalog              
00001ac3  GPIOPinTypeUSBDigital             
00001ae7  GPIOPinTypeWakeHigh               
00001b0d  GPIOPinTypeWakeLow                
00001b33  GPIOPinTypeKBRow                  
00001b57  GPIOPinTypeKBColumn               
00001b7b  GPIOPinTypeLEDSeq                 
00001b9f  GPIOPinTypeCIR                    
00001bc3  GPIOPinWakeStatus                 
00001bd3  GPIOPinConfigure                  
00001c31  GPIODMATriggerEnable              
00001c4f  GPIODMATriggerDisable             
00001c6d  GPIOADCTriggerEnable              
00001c8b  GPIOADCTriggerDisable             
00001db5  CANInit                           
00001e31  CANEnable                         
00001e45  CANDisable                        
00001e59  CANBitTimingGet                   
00001ec1  CANBitRateSet                     
00001f8d  CANBitTimingSet                   
0000201b  CANIntRegister                    
00002039  CANIntUnregister                  
00002053  CANIntEnable                      
00002069  CANIntDisable                     
0000207f  CANIntStatus                      
000020c9  CANIntClear                       
00002103  CANRetrySet                       
00002135  CANRetryGet                       
00002151  CANStatusGet                      
000021d7  CANErrCntrGet                     
0000220d  CANMessageSet                     
0000249f  CANMessageGet                     
000026a9  CANMessageClear                   
00002733  ADCIntRegister                    
0000275b  ADCIntUnregister                  
00002779  ADCIntDisable                     
00002795  ADCIntEnable                      
000027bb  ADCIntStatus                      
00002813  ADCIntClear                       
00002829  ADCSequenceEnable                 
00002843  ADCSequenceDisable                
0000285d  ADCSequenceConfigure              
000028ad  ADCSequenceStepConfigure          
0000297d  ADCSequenceOverflow               
000029a5  ADCSequenceOverflowClear          
000029c1  ADCSequenceUnderflow              
000029d9  ADCSequenceUnderflowClear         
000029ef  ADCSequenceDataGet                
00002a31  ADCProcessorTrigger               
00002a55  ADCSoftwareOversampleConfigure    
00002a8d  ADCSoftwareOversampleStepConfigure
00002b4d  ADCSoftwareOversampleDataGet      
00002bbb  ADCHardwareOversampleConfigure    
00002bed  ADCComparatorConfigure            
00002c09  ADCComparatorRegionSet            
00002c2d  ADCComparatorReset                
00002c73  ADCComparatorIntDisable           
00002c91  ADCComparatorIntEnable            
00002caf  ADCComparatorIntStatus            
00002cbd  ADCComparatorIntClear             
00002ccf  ADCIntDisableEx                   
00002ce7  ADCIntEnableEx                    
00002d05  ADCIntStatusEx                    
00002d37  ADCIntClearEx                     
00002d4f  ADCReferenceSet                   
00002d6b  ADCReferenceGet                   
00002d7d  ADCPhaseDelaySet                  
00002d8f  ADCPhaseDelayGet                  
00002d9d  ADCSequenceDMAEnable              
00002db9  ADCSequenceDMADisable             
00002dd5  ADCBusy                           
00002df5  DelayMS                           
00002e11  bit_clear                         
00002e27  bit_toggle                        
00002e3d  bit_set                           
00002e53  bit_check                         
00002e6f  SysTickIntHandler                 
00002f05  Init_ADC                          
00002f45  Init_Systick                      
00002f61  CANPollCheck                      
00002fb7  IntCAN0Handler                    
00003067  CANSendINT                        
000030c9  CANSendMSG                        
0000312b  CANListnerEX                      
00003161  Init_CAN                          
000031fd  main                              
00003507  IntMasterEnable                   
00003517  IntMasterDisable                  
00003527  IntRegister                       
00003579  IntUnregister                     
0000358d  IntPriorityGroupingSet            
000035a7  IntPriorityGroupingGet            
000035df  IntPrioritySet                    
0000362f  IntPriorityGet                    
00003653  IntEnable                         
000036c5  IntDisable                        
00003737  IntIsEnabled                      
000037bd  IntPendSet                        
0000382d  IntPendClear                      
0000387b  IntPriorityMaskSet                
00003887  IntPriorityMaskGet                
0000388f  IntTrigger                        
000038c5  __aeabi_memcpy                    
000038c5  __aeabi_memcpy4                   
000038c5  __aeabi_memcpy8                   
000038c5  memcpy                            
00003961  SysTickEnable                     
0000396d  SysTickDisable                    
00003979  SysTickIntRegister                
00003991  SysTickIntUnregister              
000039a5  SysTickIntEnable                  
000039b1  SysTickIntDisable                 
000039bd  SysTickPeriodSet                  
000039cf  SysTickPeriodGet                  
000039d7  SysTickValueGet                   
000039e9  __TI_decompress_lzss              
00003a51  __TI_auto_init_nobinit_nopinit    
00003a95  CPUcpsid                          
00003aa1  CPUprimask                        
00003aab  CPUcpsie                          
00003ab7  CPUwfi                            
00003abb  CPUbasepriSet                     
00003ac9  CPUbasepriGet                     
00003ad5  _c_int00_noargs                   
00003b09  __TI_zero_init_nomemset           
00003b25  __TI_decompress_none              
00003b33  ResetISR                          
00003b3f  SysCtlDelay                       
00003b45  _system_pre_init                  
00003b49  C$$EXIT                           
00003b49  abort                             
0000406c  __TI_Handler_Table_Base           
00004078  __TI_Handler_Table_Limit          
00004088  __TI_CINIT_Base                   
000040a0  __TI_CINIT_Limit                  
20000000  __start___llvm_prf_cnts           
20000000  __stop___llvm_prf_cnts            
20000000  g_pfnRAMVectors                   
20000270  __stack                           
20000470  __STACK_TOP                       
20000a70  BuildVersion                      
20000a70  __STACK_END                       
20000a74  TimeOutCounter                    
20000a78  GlobalTimer                       
20000a7c  HeatbeatTrigger                   
20000a80  Streaming                         
20000a84  StreamBufferSize                  
20000a88  StreamBufferIndex                 
20000a8c  StreamingMode                     
20000a90  CAN_RECV                          
20000a9c  CAN_BUF                           
ffffffff  __TI_pprof_out_hndl               
ffffffff  __TI_prof_data_size               
ffffffff  __TI_prof_data_start              
ffffffff  __binit__                         
ffffffff  __c_args__                        
ffffffff  binit                             
UNDEFED   __mpu_init                        
UNDEFED   _system_post_cinit                

[247 symbols]
